00400000-00412000 r-xp 00000000 08:09 65803                              /scratch/bluesky.git/nfs3/nfsproxy
Size:                 72 kB
Rss:                  52 kB
Pss:                  52 kB
Shared_Clean:          0 kB
Shared_Dirty:          0 kB
Private_Clean:        52 kB
Private_Dirty:         0 kB
Referenced:           20 kB
Swap:                  0 kB
KernelPageSize:        4 kB
MMUPageSize:           4 kB
00611000-00612000 rw-p 00011000 08:09 65803                              /scratch/bluesky.git/nfs3/nfsproxy
Size:                  4 kB
Rss:                   4 kB
Pss:                   4 kB
Shared_Clean:          0 kB
Shared_Dirty:          0 kB
Private_Clean:         0 kB
Private_Dirty:         4 kB
Referenced:            4 kB
Swap:                  0 kB
KernelPageSize:        4 kB
MMUPageSize:           4 kB
02434000-2f24c000 rw-p 00000000 00:00 0                                  [heap]
Size:             735328 kB
Rss:              692296 kB
Pss:              692296 kB
Shared_Clean:          0 kB
Shared_Dirty:          0 kB
Private_Clean:     38696 kB
Private_Dirty:    653600 kB
Referenced:       680272 kB
Swap:              43012 kB
KernelPageSize:        4 kB
MMUPageSize:           4 kB
7fb940000000-7fb943801000 rw-p 00000000 00:00 0 
Size:              57348 kB
Rss:               28824 kB
Pss:               28824 kB
Shared_Clean:          0 kB
Shared_Dirty:          0 kB
Private_Clean:        16 kB
Private_Dirty:     28808 kB
Referenced:        27884 kB
Swap:                 12 kB
KernelPageSize:        4 kB
MMUPageSize:           4 kB
7fb943801000-7fb944000000 ---p 00000000 00:00 0 
Size:               8188 kB
Rss:                   0 kB
Pss:                   0 kB
Shared_Clean:          0 kB
Shared_Dirty:          0 kB
Private_Clean:         0 kB
Private_Dirty:         0 kB
Referenced:            0 kB
Swap:                  0 kB
KernelPageSize:        4 kB
MMUPageSize:           4 kB
7fba1c9fd000-7fba1c9fe000 ---p 00000000 00:00 0 
Size:                  4 kB
Rss:                   0 kB
Pss:                   0 kB
Shared_Clean:          0 kB
Shared_Dirty:          0 kB
Private_Clean:         0 kB
Private_Dirty:         0 kB
Referenced:            0 kB
Swap:                  0 kB
KernelPageSize:        4 kB
MMUPageSize:           4 kB
7fba1c9fe000-7fba1d1fe000 rw-p 00000000 00:00 0 
Size:               8192 kB
Rss:                  24 kB
Pss:                  24 kB
Shared_Clean:          0 kB
Shared_Dirty:          0 kB
Private_Clean:         0 kB
Private_Dirty:        24 kB
Referenced:           24 kB
Swap:                  0 kB
KernelPageSize:        4 kB
MMUPageSize:           4 kB
7fba40000000-7fba43c01000 rw-p 00000000 00:00 0 
Size:              61444 kB
Rss:               32920 kB
Pss:               32920 kB
Shared_Clean:          0 kB
Shared_Dirty:          0 kB
Private_Clean:         0 kB
Private_Dirty:     32920 kB
Referenced:        31412 kB
Swap:                 52 kB
KernelPageSize:        4 kB
MMUPageSize:           4 kB
7fba43c01000-7fba44000000 ---p 00000000 00:00 0 
Size:               4092 kB
Rss:                   0 kB
Pss:                   0 kB
Shared_Clean:          0 kB
Shared_Dirty:          0 kB
Private_Clean:         0 kB
Private_Dirty:         0 kB
Referenced:            0 kB
Swap:                  0 kB
KernelPageSize:        4 kB
MMUPageSize:           4 kB
7fba48000000-7fba4bc01000 rw-p 00000000 00:00 0 
Size:              61444 kB
Rss:                9840 kB
Pss:                9840 kB
Shared_Clean:          0 kB
Shared_Dirty:          0 kB
Private_Clean:       152 kB
Private_Dirty:      9688 kB
Referenced:         3792 kB
Swap:              23124 kB
KernelPageSize:        4 kB
MMUPageSize:           4 kB
7fba4bc01000-7fba4c000000 ---p 00000000 00:00 0 
Size:               4092 kB
Rss:                   0 kB
Pss:                   0 kB
Shared_Clean:          0 kB
Shared_Dirty:          0 kB
Private_Clean:         0 kB
Private_Dirty:         0 kB
Referenced:            0 kB
Swap:                  0 kB
KernelPageSize:        4 kB
MMUPageSize:           4 kB
7fba50000000-7fba53801000 rw-p 00000000 00:00 0 
Size:              57348 kB
Rss:               54132 kB
Pss:               54132 kB
Shared_Clean:          0 kB
Shared_Dirty:          0 kB
Private_Clean:      2152 kB
Private_Dirty:     51980 kB
Referenced:        53648 kB
Swap:               3216 kB
KernelPageSize:        4 kB
MMUPageSize:           4 kB
7fba53801000-7fba54000000 ---p 00000000 00:00 0 
Size:               8188 kB
Rss:                   0 kB
Pss:                   0 kB
Shared_Clean:          0 kB
Shared_Dirty:          0 kB
Private_Clean:         0 kB
Private_Dirty:         0 kB
Referenced:            0 kB
Swap:                  0 kB
KernelPageSize:        4 kB
MMUPageSize:           4 kB
7fba5c000000-7fba5f801000 rw-p 00000000 00:00 0 
Size:              57348 kB
Rss:                 320 kB
Pss:                 320 kB
Shared_Clean:          0 kB
Shared_Dirty:          0 kB
Private_Clean:         0 kB
Private_Dirty:       320 kB
Referenced:            8 kB
Swap:              28432 kB
KernelPageSize:        4 kB
MMUPageSize:           4 kB
7fba5f801000-7fba60000000 ---p 00000000 00:00 0 
Size:               8188 kB
Rss:                   0 kB
Pss:                   0 kB
Shared_Clean:          0 kB
Shared_Dirty:          0 kB
Private_Clean:         0 kB
Private_Dirty:         0 kB
Referenced:            0 kB
Swap:                  0 kB
KernelPageSize:        4 kB
MMUPageSize:           4 kB
7fba64000000-7fba67801000 rw-p 00000000 00:00 0 
Size:              57348 kB
Rss:               24068 kB
Pss:               24068 kB
Shared_Clean:          0 kB
Shared_Dirty:          0 kB
Private_Clean:         0 kB
Private_Dirty:     24068 kB
Referenced:         9988 kB
Swap:               4804 kB
KernelPageSize:        4 kB
MMUPageSize:           4 kB
7fba67801000-7fba68000000 ---p 00000000 00:00 0 
Size:               8188 kB
Rss:                   0 kB
Pss:                   0 kB
Shared_Clean:          0 kB
Shared_Dirty:          0 kB
Private_Clean:         0 kB
Private_Dirty:         0 kB
Referenced:            0 kB
Swap:                  0 kB
KernelPageSize:        4 kB
MMUPageSize:           4 kB
7fba6c000000-7fba6fc02000 rw-p 00000000 00:00 0 
Size:              61448 kB
Rss:               58024 kB
Pss:               58024 kB
Shared_Clean:          0 kB
Shared_Dirty:          0 kB
Private_Clean:      1820 kB
Private_Dirty:     56204 kB
Referenced:        57252 kB
Swap:               3420 kB
KernelPageSize:        4 kB
MMUPageSize:           4 kB
7fba6fc02000-7fba70000000 ---p 00000000 00:00 0 
Size:               4088 kB
Rss:                   0 kB
Pss:                   0 kB
Shared_Clean:          0 kB
Shared_Dirty:          0 kB
Private_Clean:         0 kB
Private_Dirty:         0 kB
Referenced:            0 kB
Swap:                  0 kB
KernelPageSize:        4 kB
MMUPageSize:           4 kB
7fba74000000-7fba77c02000 rw-p 00000000 00:00 0 
Size:              61448 kB
Rss:               58444 kB
Pss:               58444 kB
Shared_Clean:          0 kB
Shared_Dirty:          0 kB
Private_Clean:      1768 kB
Private_Dirty:     56676 kB
Referenced:        56824 kB
Swap:               3000 kB
KernelPageSize:        4 kB
MMUPageSize:           4 kB
7fba77c02000-7fba78000000 ---p 00000000 00:00 0 
Size:               4088 kB
Rss:                   0 kB
Pss:                   0 kB
Shared_Clean:          0 kB
Shared_Dirty:          0 kB
Private_Clean:         0 kB
Private_Dirty:         0 kB
Referenced:            0 kB
Swap:                  0 kB
KernelPageSize:        4 kB
MMUPageSize:           4 kB
7fba7c000000-7fba7f801000 rw-p 00000000 00:00 0 
Size:              57348 kB
Rss:               54124 kB
Pss:               54124 kB
Shared_Clean:          0 kB
Shared_Dirty:          0 kB
Private_Clean:      2076 kB
Private_Dirty:     52048 kB
Referenced:        53660 kB
Swap:               3220 kB
KernelPageSize:        4 kB
MMUPageSize:           4 kB
7fba7f801000-7fba80000000 ---p 00000000 00:00 0 
Size:               8188 kB
Rss:                   0 kB
Pss:                   0 kB
Shared_Clean:          0 kB
Shared_Dirty:          0 kB
Private_Clean:         0 kB
Private_Dirty:         0 kB
Referenced:            0 kB
Swap:                  0 kB
KernelPageSize:        4 kB
MMUPageSize:           4 kB
7fba80000000-7fba83c02000 rw-p 00000000 00:00 0 
Size:              61448 kB
Rss:               50484 kB
Pss:               50484 kB
Shared_Clean:          0 kB
Shared_Dirty:          0 kB
Private_Clean:       444 kB
Private_Dirty:     50040 kB
Referenced:        45660 kB
Swap:               7364 kB
KernelPageSize:        4 kB
MMUPageSize:           4 kB
7fba83c02000-7fba84000000 ---p 00000000 00:00 0 
Size:               4088 kB
Rss:                   0 kB
Pss:                   0 kB
Shared_Clean:          0 kB
Shared_Dirty:          0 kB
Private_Clean:         0 kB
Private_Dirty:         0 kB
Referenced:            0 kB
Swap:                  0 kB
KernelPageSize:        4 kB
MMUPageSize:           4 kB
7fba84000000-7fba879ce000 rw-p 00000000 00:00 0 
Size:              59192 kB
Rss:               54644 kB
Pss:               54644 kB
Shared_Clean:          0 kB
Shared_Dirty:          0 kB
Private_Clean:      2752 kB
Private_Dirty:     51892 kB
Referenced:        54380 kB
Swap:               4540 kB
KernelPageSize:        4 kB
MMUPageSize:           4 kB
7fba879ce000-7fba88000000 ---p 00000000 00:00 0 
Size:               6344 kB
Rss:                   0 kB
Pss:                   0 kB
Shared_Clean:          0 kB
Shared_Dirty:          0 kB
Private_Clean:         0 kB
Private_Dirty:         0 kB
Referenced:            0 kB
Swap:                  0 kB
KernelPageSize:        4 kB
MMUPageSize:           4 kB
7fba88000000-7fba8b801000 rw-p 00000000 00:00 0 
Size:              57348 kB
Rss:               30804 kB
Pss:               30780 kB
Shared_Clean:          0 kB
Shared_Dirty:          0 kB
Private_Clean:       244 kB
Private_Dirty:     30536 kB
Referenced:        16728 kB
Swap:              22236 kB
KernelPageSize:        4 kB
MMUPageSize:           4 kB
7fba8b801000-7fba8c000000 ---p 00000000 00:00 0 
Size:               8188 kB
Rss:                   0 kB
Pss:                   0 kB
Shared_Clean:          0 kB
Shared_Dirty:          0 kB
Private_Clean:         0 kB
Private_Dirty:         0 kB
Referenced:            0 kB
Swap:                  0 kB
KernelPageSize:        4 kB
MMUPageSize:           4 kB
7fba8c000000-7fba8f801000 rw-p 00000000 00:00 0 
Size:              57348 kB
Rss:               52888 kB
Pss:               52888 kB
Shared_Clean:          0 kB
Shared_Dirty:          0 kB
Private_Clean:      2776 kB
Private_Dirty:     50112 kB
Referenced:        52712 kB
Swap:               4456 kB
KernelPageSize:        4 kB
MMUPageSize:           4 kB
7fba8f801000-7fba90000000 ---p 00000000 00:00 0 
Size:               8188 kB
Rss:                   0 kB
Pss:                   0 kB
Shared_Clean:          0 kB
Shared_Dirty:          0 kB
Private_Clean:         0 kB
Private_Dirty:         0 kB
Referenced:            0 kB
Swap:                  0 kB
KernelPageSize:        4 kB
MMUPageSize:           4 kB
7fba94000000-7fba97801000 rw-p 00000000 00:00 0 
Size:              57348 kB
Rss:               53016 kB
Pss:               53016 kB
Shared_Clean:          0 kB
Shared_Dirty:          0 kB
Private_Clean:      3296 kB
Private_Dirty:     49720 kB
Referenced:        52860 kB
Swap:               4328 kB
KernelPageSize:        4 kB
MMUPageSize:           4 kB
7fba97801000-7fba98000000 ---p 00000000 00:00 0 
Size:               8188 kB
Rss:                   0 kB
Pss:                   0 kB
Shared_Clean:          0 kB
Shared_Dirty:          0 kB
Private_Clean:         0 kB
Private_Dirty:         0 kB
Referenced:            0 kB
Swap:                  0 kB
KernelPageSize:        4 kB
MMUPageSize:           4 kB
7fba9c000000-7fba9fc02000 rw-p 00000000 00:00 0 
Size:              61448 kB
Rss:               55724 kB
Pss:               55724 kB
Shared_Clean:          0 kB
Shared_Dirty:          0 kB
Private_Clean:      3440 kB
Private_Dirty:     52284 kB
Referenced:        55552 kB
Swap:               5724 kB
KernelPageSize:        4 kB
MMUPageSize:           4 kB
7fba9fc02000-7fbaa0000000 ---p 00000000 00:00 0 
Size:               4088 kB
Rss:                   0 kB
Pss:                   0 kB
Shared_Clean:          0 kB
Shared_Dirty:          0 kB
Private_Clean:         0 kB
Private_Dirty:         0 kB
Referenced:            0 kB
Swap:                  0 kB
KernelPageSize:        4 kB
MMUPageSize:           4 kB
7fbaa4000000-7fbaa7ffc000 rw-p 00000000 00:00 0 
Size:              65520 kB
Rss:               58660 kB
Pss:               58660 kB
Shared_Clean:          0 kB
Shared_Dirty:          0 kB
Private_Clean:      4504 kB
Private_Dirty:     54156 kB
Referenced:        58372 kB
Swap:               6848 kB
KernelPageSize:        4 kB
MMUPageSize:           4 kB
7fbaa7ffc000-7fbaa8000000 ---p 00000000 00:00 0 
Size:                 16 kB
Rss:                   0 kB
Pss:                   0 kB
Shared_Clean:          0 kB
Shared_Dirty:          0 kB
Private_Clean:         0 kB
Private_Dirty:         0 kB
Referenced:            0 kB
Swap:                  0 kB
KernelPageSize:        4 kB
MMUPageSize:           4 kB
7fbaac000000-7fbaafe02000 rw-p 00000000 00:00 0 
Size:              63496 kB
Rss:               55600 kB
Pss:               55600 kB
Shared_Clean:          0 kB
Shared_Dirty:          0 kB
Private_Clean:      4200 kB
Private_Dirty:     51400 kB
Referenced:        55388 kB
Swap:               5840 kB
KernelPageSize:        4 kB
MMUPageSize:           4 kB
7fbaafe02000-7fbab0000000 ---p 00000000 00:00 0 
Size:               2040 kB
Rss:                   0 kB
Pss:                   0 kB
Shared_Clean:          0 kB
Shared_Dirty:          0 kB
Private_Clean:         0 kB
Private_Dirty:         0 kB
Referenced:            0 kB
Swap:                  0 kB
KernelPageSize:        4 kB
MMUPageSize:           4 kB
7fbab4000000-7fbab7c02000 rw-p 00000000 00:00 0 
Size:              61448 kB
Rss:               56492 kB
Pss:               56492 kB
Shared_Clean:          0 kB
Shared_Dirty:          0 kB
Private_Clean:      3460 kB
Private_Dirty:     53032 kB
Referenced:        56292 kB
Swap:               4956 kB
KernelPageSize:        4 kB
MMUPageSize:           4 kB
7fbab7c02000-7fbab8000000 ---p 00000000 00:00 0 
Size:               4088 kB
Rss:                   0 kB
Pss:                   0 kB
Shared_Clean:          0 kB
Shared_Dirty:          0 kB
Private_Clean:         0 kB
Private_Dirty:         0 kB
Referenced:            0 kB
Swap:                  0 kB
KernelPageSize:        4 kB
MMUPageSize:           4 kB
7fbabc000000-7fbabf801000 rw-p 00000000 00:00 0 
Size:              57348 kB
Rss:               52320 kB
Pss:               52320 kB
Shared_Clean:          0 kB
Shared_Dirty:          0 kB
Private_Clean:      3604 kB
Private_Dirty:     48716 kB
Referenced:        52116 kB
Swap:               5028 kB
KernelPageSize:        4 kB
MMUPageSize:           4 kB
7fbabf801000-7fbac0000000 ---p 00000000 00:00 0 
Size:               8188 kB
Rss:                   0 kB
Pss:                   0 kB
Shared_Clean:          0 kB
Shared_Dirty:          0 kB
Private_Clean:         0 kB
Private_Dirty:         0 kB
Referenced:            0 kB
Swap:                  0 kB
KernelPageSize:        4 kB
MMUPageSize:           4 kB
7fbac4000000-7fbac7c02000 rw-p 00000000 00:00 0 
Size:              61448 kB
Rss:               54508 kB
Pss:               54508 kB
Shared_Clean:          0 kB
Shared_Dirty:          0 kB
Private_Clean:      8592 kB
Private_Dirty:     45916 kB
Referenced:        53376 kB
Swap:               6936 kB
KernelPageSize:        4 kB
MMUPageSize:           4 kB
7fbac7c02000-7fbac8000000 ---p 00000000 00:00 0 
Size:               4088 kB
Rss:                   0 kB
Pss:                   0 kB
Shared_Clean:          0 kB
Shared_Dirty:          0 kB
Private_Clean:         0 kB
Private_Dirty:         0 kB
Referenced:            0 kB
Swap:                  0 kB
KernelPageSize:        4 kB
MMUPageSize:           4 kB
7fbacc000000-7fbacf801000 rw-p 00000000 00:00 0 
Size:              57348 kB
Rss:               55616 kB
Pss:               55616 kB
Shared_Clean:          0 kB
Shared_Dirty:          0 kB
Private_Clean:       876 kB
Private_Dirty:     54740 kB
Referenced:        52176 kB
Swap:               1728 kB
KernelPageSize:        4 kB
MMUPageSize:           4 kB
7fbacf801000-7fbad0000000 ---p 00000000 00:00 0 
Size:               8188 kB
Rss:                   0 kB
Pss:                   0 kB
Shared_Clean:          0 kB
Shared_Dirty:          0 kB
Private_Clean:         0 kB
Private_Dirty:         0 kB
Referenced:            0 kB
Swap:                  0 kB
KernelPageSize:        4 kB
MMUPageSize:           4 kB
7fbad0000000-7fbad3c02000 rw-p 00000000 00:00 0 
Size:              61448 kB
Rss:               55432 kB
Pss:               55432 kB
Shared_Clean:          0 kB
Shared_Dirty:          0 kB
Private_Clean:      4652 kB
Private_Dirty:     50780 kB
Referenced:        55204 kB
Swap:               6012 kB
KernelPageSize:        4 kB
MMUPageSize:           4 kB
7fbad3c02000-7fbad4000000 ---p 00000000 00:00 0 
Size:               4088 kB
Rss:                   0 kB
Pss:                   0 kB
Shared_Clean:          0 kB
Shared_Dirty:          0 kB
Private_Clean:         0 kB
Private_Dirty:         0 kB
Referenced:            0 kB
Swap:                  0 kB
KernelPageSize:        4 kB
MMUPageSize:           4 kB
7fbad4000000-7fbad7c02000 rw-p 00000000 00:00 0 
Size:              61448 kB
Rss:               54484 kB
Pss:               54484 kB
Shared_Clean:          0 kB
Shared_Dirty:          0 kB
Private_Clean:      4880 kB
Private_Dirty:     49604 kB
Referenced:        54264 kB
Swap:               6964 kB
KernelPageSize:        4 kB
MMUPageSize:           4 kB
7fbad7c02000-7fbad8000000 ---p 00000000 00:00 0 
Size:               4088 kB
Rss:                   0 kB
Pss:                   0 kB
Shared_Clean:          0 kB
Shared_Dirty:          0 kB
Private_Clean:         0 kB
Private_Dirty:         0 kB
Referenced:            0 kB
Swap:                  0 kB
KernelPageSize:        4 kB
MMUPageSize:           4 kB
7fbadc000000-7fbadfc01000 rw-p 00000000 00:00 0 
Size:              61444 kB
Rss:               54708 kB
Pss:               54708 kB
Shared_Clean:          0 kB
Shared_Dirty:          0 kB
Private_Clean:      4768 kB
Private_Dirty:     49940 kB
Referenced:        54584 kB
Swap:               6736 kB
KernelPageSize:        4 kB
MMUPageSize:           4 kB
7fbadfc01000-7fbae0000000 ---p 00000000 00:00 0 
Size:               4092 kB
Rss:                   0 kB
Pss:                   0 kB
Shared_Clean:          0 kB
Shared_Dirty:          0 kB
Private_Clean:         0 kB
Private_Dirty:         0 kB
Referenced:            0 kB
Swap:                  0 kB
KernelPageSize:        4 kB
MMUPageSize:           4 kB
7fbae4000000-7fbae7801000 rw-p 00000000 00:00 0 
Size:              57348 kB
Rss:               51912 kB
Pss:               51912 kB
Shared_Clean:          0 kB
Shared_Dirty:          0 kB
Private_Clean:      3540 kB
Private_Dirty:     48372 kB
Referenced:        51604 kB
Swap:               5436 kB
KernelPageSize:        4 kB
MMUPageSize:           4 kB
7fbae7801000-7fbae8000000 ---p 00000000 00:00 0 
Size:               8188 kB
Rss:                   0 kB
Pss:                   0 kB
Shared_Clean:          0 kB
Shared_Dirty:          0 kB
Private_Clean:         0 kB
Private_Dirty:         0 kB
Referenced:            0 kB
Swap:                  0 kB
KernelPageSize:        4 kB
MMUPageSize:           4 kB
7fbaec000000-7fbaef801000 rw-p 00000000 00:00 0 
Size:              57348 kB
Rss:               54608 kB
Pss:               54596 kB
Shared_Clean:          0 kB
Shared_Dirty:          0 kB
Private_Clean:       360 kB
Private_Dirty:     54236 kB
Referenced:        52524 kB
Swap:               2540 kB
KernelPageSize:        4 kB
MMUPageSize:           4 kB
7fbaef801000-7fbaf0000000 ---p 00000000 00:00 0 
Size:               8188 kB
Rss:                   0 kB
Pss:                   0 kB
Shared_Clean:          0 kB
Shared_Dirty:          0 kB
Private_Clean:         0 kB
Private_Dirty:         0 kB
Referenced:            0 kB
Swap:                  0 kB
KernelPageSize:        4 kB
MMUPageSize:           4 kB
7fbaf0000000-7fbaf3801000 rw-p 00000000 00:00 0 
Size:              57348 kB
Rss:               31756 kB
Pss:               31736 kB
Shared_Clean:          0 kB
Shared_Dirty:          0 kB
Private_Clean:       468 kB
Private_Dirty:     31268 kB
Referenced:        30104 kB
Swap:              11444 kB
KernelPageSize:        4 kB
MMUPageSize:           4 kB
7fbaf3801000-7fbaf4000000 ---p 00000000 00:00 0 
Size:               8188 kB
Rss:                   0 kB
Pss:                   0 kB
Shared_Clean:          0 kB
Shared_Dirty:          0 kB
Private_Clean:         0 kB
Private_Dirty:         0 kB
Referenced:            0 kB
Swap:                  0 kB
KernelPageSize:        4 kB
MMUPageSize:           4 kB
7fbaf8000000-7fbafb801000 rw-p 00000000 00:00 0 
Size:              57348 kB
Rss:               53372 kB
Pss:               53372 kB
Shared_Clean:          0 kB
Shared_Dirty:          0 kB
Private_Clean:      4336 kB
Private_Dirty:     49036 kB
Referenced:        53160 kB
Swap:               3976 kB
KernelPageSize:        4 kB
MMUPageSize:           4 kB
7fbafb801000-7fbafc000000 ---p 00000000 00:00 0 
Size:               8188 kB
Rss:                   0 kB
Pss:                   0 kB
Shared_Clean:          0 kB
Shared_Dirty:          0 kB
Private_Clean:         0 kB
Private_Dirty:         0 kB
Referenced:            0 kB
Swap:                  0 kB
KernelPageSize:        4 kB
MMUPageSize:           4 kB
7fbafc000000-7fbaff801000 rw-p 00000000 00:00 0 
Size:              57348 kB
Rss:               51560 kB
Pss:               51560 kB
Shared_Clean:          0 kB
Shared_Dirty:          0 kB
Private_Clean:      5180 kB
Private_Dirty:     46380 kB
Referenced:        51376 kB
Swap:               5784 kB
KernelPageSize:        4 kB
MMUPageSize:           4 kB
7fbaff801000-7fbb00000000 ---p 00000000 00:00 0 
Size:               8188 kB
Rss:                   0 kB
Pss:                   0 kB
Shared_Clean:          0 kB
Shared_Dirty:          0 kB
Private_Clean:         0 kB
Private_Dirty:         0 kB
Referenced:            0 kB
Swap:                  0 kB
KernelPageSize:        4 kB
MMUPageSize:           4 kB
7fbb00000000-7fbb03801000 rw-p 00000000 00:00 0 
Size:              57348 kB
Rss:               53220 kB
Pss:               53220 kB
Shared_Clean:          0 kB
Shared_Dirty:          0 kB
Private_Clean:      2420 kB
Private_Dirty:     50800 kB
Referenced:        53052 kB
Swap:               4128 kB
KernelPageSize:        4 kB
MMUPageSize:           4 kB
7fbb03801000-7fbb04000000 ---p 00000000 00:00 0 
Size:               8188 kB
Rss:                   0 kB
Pss:                   0 kB
Shared_Clean:          0 kB
Shared_Dirty:          0 kB
Private_Clean:         0 kB
Private_Dirty:         0 kB
Referenced:            0 kB
Swap:                  0 kB
KernelPageSize:        4 kB
MMUPageSize:           4 kB
7fbb04000000-7fbb07bb6000 rw-p 00000000 00:00 0 
Size:              61144 kB
Rss:               56956 kB
Pss:               56956 kB
Shared_Clean:          0 kB
Shared_Dirty:          0 kB
Private_Clean:      4548 kB
Private_Dirty:     52408 kB
Referenced:        56848 kB
Swap:               4180 kB
KernelPageSize:        4 kB
MMUPageSize:           4 kB
7fbb07bb6000-7fbb08000000 ---p 00000000 00:00 0 
Size:               4392 kB
Rss:                   0 kB
Pss:                   0 kB
Shared_Clean:          0 kB
Shared_Dirty:          0 kB
Private_Clean:         0 kB
Private_Dirty:         0 kB
Referenced:            0 kB
Swap:                  0 kB
KernelPageSize:        4 kB
MMUPageSize:           4 kB
7fbb08000000-7fbb0b801000 rw-p 00000000 00:00 0 
Size:              57348 kB
Rss:               51084 kB
Pss:               51084 kB
Shared_Clean:          0 kB
Shared_Dirty:          0 kB
Private_Clean:      3548 kB
Private_Dirty:     47536 kB
Referenced:        50884 kB
Swap:               6260 kB
KernelPageSize:        4 kB
MMUPageSize:           4 kB
7fbb0b801000-7fbb0c000000 ---p 00000000 00:00 0 
Size:               8188 kB
Rss:                   0 kB
Pss:                   0 kB
Shared_Clean:          0 kB
Shared_Dirty:          0 kB
Private_Clean:         0 kB
Private_Dirty:         0 kB
Referenced:            0 kB
Swap:                  0 kB
KernelPageSize:        4 kB
MMUPageSize:           4 kB
7fbb0c000000-7fbb0f801000 rw-p 00000000 00:00 0 
Size:              57348 kB
Rss:               53564 kB
Pss:               53564 kB
Shared_Clean:          0 kB
Shared_Dirty:          0 kB
Private_Clean:      4172 kB
Private_Dirty:     49392 kB
Referenced:        53408 kB
Swap:               3784 kB
KernelPageSize:        4 kB
MMUPageSize:           4 kB
7fbb0f801000-7fbb10000000 ---p 00000000 00:00 0 
Size:               8188 kB
Rss:                   0 kB
Pss:                   0 kB
Shared_Clean:          0 kB
Shared_Dirty:          0 kB
Private_Clean:         0 kB
Private_Dirty:         0 kB
Referenced:            0 kB
Swap:                  0 kB
KernelPageSize:        4 kB
MMUPageSize:           4 kB
7fbb10000000-7fbb13801000 rw-p 00000000 00:00 0 
Size:              57348 kB
Rss:               53620 kB
Pss:               53620 kB
Shared_Clean:          0 kB
Shared_Dirty:          0 kB
Private_Clean:      2772 kB
Private_Dirty:     50848 kB
Referenced:        53424 kB
Swap:               3728 kB
KernelPageSize:        4 kB
MMUPageSize:           4 kB
7fbb13801000-7fbb14000000 ---p 00000000 00:00 0 
Size:               8188 kB
Rss:                   0 kB
Pss:                   0 kB
Shared_Clean:          0 kB
Shared_Dirty:          0 kB
Private_Clean:         0 kB
Private_Dirty:         0 kB
Referenced:            0 kB
Swap:                  0 kB
KernelPageSize:        4 kB
MMUPageSize:           4 kB
7fbb14000000-7fbb17801000 rw-p 00000000 00:00 0 
Size:              57348 kB
Rss:               55724 kB
Pss:               55724 kB
Shared_Clean:          0 kB
Shared_Dirty:          0 kB
Private_Clean:       780 kB
Private_Dirty:     54944 kB
Referenced:        47044 kB
Swap:               1620 kB
KernelPageSize:        4 kB
MMUPageSize:           4 kB
7fbb17801000-7fbb18000000 ---p 00000000 00:00 0 
Size:               8188 kB
Rss:                   0 kB
Pss:                   0 kB
Shared_Clean:          0 kB
Shared_Dirty:          0 kB
Private_Clean:         0 kB
Private_Dirty:         0 kB
Referenced:            0 kB
Swap:                  0 kB
KernelPageSize:        4 kB
MMUPageSize:           4 kB
7fbb18000000-7fbb1b884000 rw-p 00000000 00:00 0 
Size:              57872 kB
Rss:               54148 kB
Pss:               54148 kB
Shared_Clean:          0 kB
Shared_Dirty:          0 kB
Private_Clean:      4548 kB
Private_Dirty:     49600 kB
Referenced:        53884 kB
Swap:               3724 kB
KernelPageSize:        4 kB
MMUPageSize:           4 kB
7fbb1b884000-7fbb1c000000 ---p 00000000 00:00 0 
Size:               7664 kB
Rss:                   0 kB
Pss:                   0 kB
Shared_Clean:          0 kB
Shared_Dirty:          0 kB
Private_Clean:         0 kB
Private_Dirty:         0 kB
Referenced:            0 kB
Swap:                  0 kB
KernelPageSize:        4 kB
MMUPageSize:           4 kB
7fbb1c000000-7fbb1fc02000 rw-p 00000000 00:00 0 
Size:              61448 kB
Rss:               32552 kB
Pss:               32552 kB
Shared_Clean:          0 kB
Shared_Dirty:          0 kB
Private_Clean:       228 kB
Private_Dirty:     32324 kB
Referenced:        30368 kB
Swap:                456 kB
KernelPageSize:        4 kB
MMUPageSize:           4 kB
7fbb1fc02000-7fbb20000000 ---p 00000000 00:00 0 
Size:               4088 kB
Rss:                   0 kB
Pss:                   0 kB
Shared_Clean:          0 kB
Shared_Dirty:          0 kB
Private_Clean:         0 kB
Private_Dirty:         0 kB
Referenced:            0 kB
Swap:                  0 kB
KernelPageSize:        4 kB
MMUPageSize:           4 kB
7fbb24000000-7fbb27801000 rw-p 00000000 00:00 0 
Size:              57348 kB
Rss:               51004 kB
Pss:               51004 kB
Shared_Clean:          0 kB
Shared_Dirty:          0 kB
Private_Clean:      4732 kB
Private_Dirty:     46272 kB
Referenced:        50748 kB
Swap:               6340 kB
KernelPageSize:        4 kB
MMUPageSize:           4 kB
7fbb27801000-7fbb28000000 ---p 00000000 00:00 0 
Size:               8188 kB
Rss:                   0 kB
Pss:                   0 kB
Shared_Clean:          0 kB
Shared_Dirty:          0 kB
Private_Clean:         0 kB
Private_Dirty:         0 kB
Referenced:            0 kB
Swap:                  0 kB
KernelPageSize:        4 kB
MMUPageSize:           4 kB
7fbb29ffc000-7fbb29ffd000 ---p 00000000 00:00 0 
Size:                  4 kB
Rss:                   0 kB
Pss:                   0 kB
Shared_Clean:          0 kB
Shared_Dirty:          0 kB
Private_Clean:         0 kB
Private_Dirty:         0 kB
Referenced:            0 kB
Swap:                  0 kB
KernelPageSize:        4 kB
MMUPageSize:           4 kB
7fbb29ffd000-7fbb2a7fd000 rw-p 00000000 00:00 0 
Size:               8192 kB
Rss:                  20 kB
Pss:                  20 kB
Shared_Clean:          0 kB
Shared_Dirty:          0 kB
Private_Clean:         0 kB
Private_Dirty:        20 kB
Referenced:           20 kB
Swap:                  0 kB
KernelPageSize:        4 kB
MMUPageSize:           4 kB
7fbb2c000000-7fbb2fc02000 rw-p 00000000 00:00 0 
Size:              61448 kB
Rss:               56188 kB
Pss:               56188 kB
Shared_Clean:          0 kB
Shared_Dirty:          0 kB
Private_Clean:      3812 kB
Private_Dirty:     52376 kB
Referenced:        55992 kB
Swap:               5260 kB
KernelPageSize:        4 kB
MMUPageSize:           4 kB
7fbb2fc02000-7fbb30000000 ---p 00000000 00:00 0 
Size:               4088 kB
Rss:                   0 kB
Pss:                   0 kB
Shared_Clean:          0 kB
Shared_Dirty:          0 kB
Private_Clean:         0 kB
Private_Dirty:         0 kB
Referenced:            0 kB
Swap:                  0 kB
KernelPageSize:        4 kB
MMUPageSize:           4 kB
7fbb34000000-7fbb38000000 rw-p 00000000 00:00 0 
Size:              65536 kB
Rss:               61948 kB
Pss:               61948 kB
Shared_Clean:          0 kB
Shared_Dirty:          0 kB
Private_Clean:      4124 kB
Private_Dirty:     57824 kB
Referenced:        61824 kB
Swap:               3572 kB
KernelPageSize:        4 kB
MMUPageSize:           4 kB
7fbb40000000-7fbb43801000 rw-p 00000000 00:00 0 
Size:              57348 kB
Rss:               50100 kB
Pss:               50100 kB
Shared_Clean:          0 kB
Shared_Dirty:          0 kB
Private_Clean:      5152 kB
Private_Dirty:     44948 kB
Referenced:        49884 kB
Swap:               7248 kB
KernelPageSize:        4 kB
MMUPageSize:           4 kB
7fbb43801000-7fbb44000000 ---p 00000000 00:00 0 
Size:               8188 kB
Rss:                   0 kB
Pss:                   0 kB
Shared_Clean:          0 kB
Shared_Dirty:          0 kB
Private_Clean:         0 kB
Private_Dirty:         0 kB
Referenced:            0 kB
Swap:                  0 kB
KernelPageSize:        4 kB
MMUPageSize:           4 kB
7fbb467f9000-7fbb4c7fa000 rw-p 00000000 00:00 0 
Size:              98308 kB
Rss:               96148 kB
Pss:               96148 kB
Shared_Clean:          0 kB
Shared_Dirty:          0 kB
Private_Clean:      1516 kB
Private_Dirty:     94632 kB
Referenced:        80476 kB
Swap:               2156 kB
KernelPageSize:        4 kB
MMUPageSize:           4 kB
7fbb4e3fe000-7fbb4e3ff000 ---p 00000000 00:00 0 
Size:                  4 kB
Rss:                   0 kB
Pss:                   0 kB
Shared_Clean:          0 kB
Shared_Dirty:          0 kB
Private_Clean:         0 kB
Private_Dirty:         0 kB
Referenced:            0 kB
Swap:                  0 kB
KernelPageSize:        4 kB
MMUPageSize:           4 kB
7fbb4e3ff000-7fbb4ebff000 rw-p 00000000 00:00 0 
Size:               8192 kB
Rss:                  20 kB
Pss:                  20 kB
Shared_Clean:          0 kB
Shared_Dirty:          0 kB
Private_Clean:         0 kB
Private_Dirty:        20 kB
Referenced:           20 kB
Swap:                  0 kB
KernelPageSize:        4 kB
MMUPageSize:           4 kB
7fbb4ebff000-7fbb4ec00000 ---p 00000000 00:00 0 
Size:                  4 kB
Rss:                   0 kB
Pss:                   0 kB
Shared_Clean:          0 kB
Shared_Dirty:          0 kB
Private_Clean:         0 kB
Private_Dirty:         0 kB
Referenced:            0 kB
Swap:                  0 kB
KernelPageSize:        4 kB
MMUPageSize:           4 kB
7fbb4ec00000-7fbb4f400000 rw-p 00000000 00:00 0 
Size:               8192 kB
Rss:                  20 kB
Pss:                  20 kB
Shared_Clean:          0 kB
Shared_Dirty:          0 kB
Private_Clean:         0 kB
Private_Dirty:        20 kB
Referenced:           20 kB
Swap:                  0 kB
KernelPageSize:        4 kB
MMUPageSize:           4 kB
7fbb50000000-7fbb53801000 rw-p 00000000 00:00 0 
Size:              57348 kB
Rss:               52480 kB
Pss:               52480 kB
Shared_Clean:          0 kB
Shared_Dirty:          0 kB
Private_Clean:      4916 kB
Private_Dirty:     47564 kB
Referenced:        52264 kB
Swap:               4868 kB
KernelPageSize:        4 kB
MMUPageSize:           4 kB
7fbb53801000-7fbb54000000 ---p 00000000 00:00 0 
Size:               8188 kB
Rss:                   0 kB
Pss:                   0 kB
Shared_Clean:          0 kB
Shared_Dirty:          0 kB
Private_Clean:         0 kB
Private_Dirty:         0 kB
Referenced:            0 kB
Swap:                  0 kB
KernelPageSize:        4 kB
MMUPageSize:           4 kB
7fbb54000000-7fbb57801000 rw-p 00000000 00:00 0 
Size:              57348 kB
Rss:               52396 kB
Pss:               52396 kB
Shared_Clean:          0 kB
Shared_Dirty:          0 kB
Private_Clean:      3992 kB
Private_Dirty:     48404 kB
Referenced:        52196 kB
Swap:               4952 kB
KernelPageSize:        4 kB
MMUPageSize:           4 kB
7fbb57801000-7fbb58000000 ---p 00000000 00:00 0 
Size:               8188 kB
Rss:                   0 kB
Pss:                   0 kB
Shared_Clean:          0 kB
Shared_Dirty:          0 kB
Private_Clean:         0 kB
Private_Dirty:         0 kB
Referenced:            0 kB
Swap:                  0 kB
KernelPageSize:        4 kB
MMUPageSize:           4 kB
7fbb58000000-7fbb5bf51000 rw-p 00000000 00:00 0 
Size:              64836 kB
Rss:               59612 kB
Pss:               59612 kB
Shared_Clean:          0 kB
Shared_Dirty:          0 kB
Private_Clean:      4828 kB
Private_Dirty:     54784 kB
Referenced:        59380 kB
Swap:               5220 kB
KernelPageSize:        4 kB
MMUPageSize:           4 kB
7fbb5bf51000-7fbb5c000000 ---p 00000000 00:00 0 
Size:                700 kB
Rss:                   0 kB
Pss:                   0 kB
Shared_Clean:          0 kB
Shared_Dirty:          0 kB
Private_Clean:         0 kB
Private_Dirty:         0 kB
Referenced:            0 kB
Swap:                  0 kB
KernelPageSize:        4 kB
MMUPageSize:           4 kB
7fbb64000000-7fbb67ffc000 rw-p 00000000 00:00 0 
Size:              65520 kB
Rss:               62116 kB
Pss:               62116 kB
Shared_Clean:          0 kB
Shared_Dirty:          0 kB
Private_Clean:      4056 kB
Private_Dirty:     58060 kB
Referenced:        61904 kB
Swap:               3400 kB
KernelPageSize:        4 kB
MMUPageSize:           4 kB
7fbb67ffc000-7fbb68000000 ---p 00000000 00:00 0 
Size:                 16 kB
Rss:                   0 kB
Pss:                   0 kB
Shared_Clean:          0 kB
Shared_Dirty:          0 kB
Private_Clean:         0 kB
Private_Dirty:         0 kB
Referenced:            0 kB
Swap:                  0 kB
KernelPageSize:        4 kB
MMUPageSize:           4 kB
7fbb6c000000-7fbb6fffc000 rw-p 00000000 00:00 0 
Size:              65520 kB
Rss:               62360 kB
Pss:               62360 kB
Shared_Clean:          0 kB
Shared_Dirty:          0 kB
Private_Clean:      3616 kB
Private_Dirty:     58744 kB
Referenced:        62192 kB
Swap:               3136 kB
KernelPageSize:        4 kB
MMUPageSize:           4 kB
7fbb6fffc000-7fbb70000000 ---p 00000000 00:00 0 
Size:                 16 kB
Rss:                   0 kB
Pss:                   0 kB
Shared_Clean:          0 kB
Shared_Dirty:          0 kB
Private_Clean:         0 kB
Private_Dirty:         0 kB
Referenced:            0 kB
Swap:                  0 kB
KernelPageSize:        4 kB
MMUPageSize:           4 kB
7fbb7391d000-7fbb7391e000 ---p 00000000 00:00 0 
Size:                  4 kB
Rss:                   0 kB
Pss:                   0 kB
Shared_Clean:          0 kB
Shared_Dirty:          0 kB
Private_Clean:         0 kB
Private_Dirty:         0 kB
Referenced:            0 kB
Swap:                  0 kB
KernelPageSize:        4 kB
MMUPageSize:           4 kB
7fbb7391e000-7fbb7411e000 rw-p 00000000 00:00 0 
Size:               8192 kB
Rss:                  20 kB
Pss:                  20 kB
Shared_Clean:          0 kB
Shared_Dirty:          0 kB
Private_Clean:         0 kB
Private_Dirty:        20 kB
Referenced:           16 kB
Swap:                  0 kB
KernelPageSize:        4 kB
MMUPageSize:           4 kB
7fbb7411e000-7fbb7411f000 ---p 00000000 00:00 0 
Size:                  4 kB
Rss:                   0 kB
Pss:                   0 kB
Shared_Clean:          0 kB
Shared_Dirty:          0 kB
Private_Clean:         0 kB
Private_Dirty:         0 kB
Referenced:            0 kB
Swap:                  0 kB
KernelPageSize:        4 kB
MMUPageSize:           4 kB
7fbb7411f000-7fbb7491f000 rw-p 00000000 00:00 0 
Size:               8192 kB
Rss:                  48 kB
Pss:                  48 kB
Shared_Clean:          0 kB
Shared_Dirty:          0 kB
Private_Clean:         0 kB
Private_Dirty:        48 kB
Referenced:           48 kB
Swap:                  0 kB
KernelPageSize:        4 kB
MMUPageSize:           4 kB
7fbb74d1f000-7fbb74d24000 r-xp 00000000 08:01 32196                      /lib/libnss_dns-2.11.2.so
Size:                 20 kB
Rss:                   8 kB
Pss:                   4 kB
Shared_Clean:          8 kB
Shared_Dirty:          0 kB
Private_Clean:         0 kB
Private_Dirty:         0 kB
Referenced:            8 kB
Swap:                  0 kB
KernelPageSize:        4 kB
MMUPageSize:           4 kB
7fbb74d24000-7fbb74f23000 ---p 00005000 08:01 32196                      /lib/libnss_dns-2.11.2.so
Size:               2044 kB
Rss:                   0 kB
Pss:                   0 kB
Shared_Clean:          0 kB
Shared_Dirty:          0 kB
Private_Clean:         0 kB
Private_Dirty:         0 kB
Referenced:            0 kB
Swap:                  0 kB
KernelPageSize:        4 kB
MMUPageSize:           4 kB
7fbb74f23000-7fbb74f24000 r--p 00004000 08:01 32196                      /lib/libnss_dns-2.11.2.so
Size:                  4 kB
Rss:                   0 kB
Pss:                   0 kB
Shared_Clean:          0 kB
Shared_Dirty:          0 kB
Private_Clean:         0 kB
Private_Dirty:         0 kB
Referenced:            0 kB
Swap:                  4 kB
KernelPageSize:        4 kB
MMUPageSize:           4 kB
7fbb74f24000-7fbb74f25000 rw-p 00005000 08:01 32196                      /lib/libnss_dns-2.11.2.so
Size:                  4 kB
Rss:                   4 kB
Pss:                   4 kB
Shared_Clean:          0 kB
Shared_Dirty:          0 kB
Private_Clean:         4 kB
Private_Dirty:         0 kB
Referenced:            4 kB
Swap:                  0 kB
KernelPageSize:        4 kB
MMUPageSize:           4 kB
7fbb74f25000-7fbb74f30000 r-xp 00000000 08:01 32053                      /lib/libnss_files-2.11.2.so
Size:                 44 kB
Rss:                  20 kB
Pss:                   7 kB
Shared_Clean:         20 kB
Shared_Dirty:          0 kB
Private_Clean:         0 kB
Private_Dirty:         0 kB
Referenced:           20 kB
Swap:                  0 kB
KernelPageSize:        4 kB
MMUPageSize:           4 kB
7fbb74f30000-7fbb7512f000 ---p 0000b000 08:01 32053                      /lib/libnss_files-2.11.2.so
Size:               2044 kB
Rss:                   0 kB
Pss:                   0 kB
Shared_Clean:          0 kB
Shared_Dirty:          0 kB
Private_Clean:         0 kB
Private_Dirty:         0 kB
Referenced:            0 kB
Swap:                  0 kB
KernelPageSize:        4 kB
MMUPageSize:           4 kB
7fbb7512f000-7fbb75130000 r--p 0000a000 08:01 32053                      /lib/libnss_files-2.11.2.so
Size:                  4 kB
Rss:                   4 kB
Pss:                   4 kB
Shared_Clean:          0 kB
Shared_Dirty:          0 kB
Private_Clean:         4 kB
Private_Dirty:         0 kB
Referenced:            4 kB
Swap:                  0 kB
KernelPageSize:        4 kB
MMUPageSize:           4 kB
7fbb75130000-7fbb75131000 rw-p 0000b000 08:01 32053                      /lib/libnss_files-2.11.2.so
Size:                  4 kB
Rss:                   4 kB
Pss:                   4 kB
Shared_Clean:          0 kB
Shared_Dirty:          0 kB
Private_Clean:         0 kB
Private_Dirty:         4 kB
Referenced:            4 kB
Swap:                  0 kB
KernelPageSize:        4 kB
MMUPageSize:           4 kB
7fbb75131000-7fbb75132000 ---p 00000000 00:00 0 
Size:                  4 kB
Rss:                   0 kB
Pss:                   0 kB
Shared_Clean:          0 kB
Shared_Dirty:          0 kB
Private_Clean:         0 kB
Private_Dirty:         0 kB
Referenced:            0 kB
Swap:                  0 kB
KernelPageSize:        4 kB
MMUPageSize:           4 kB
7fbb75132000-7fbb75932000 rw-p 00000000 00:00 0 
Size:               8192 kB
Rss:                   8 kB
Pss:                   8 kB
Shared_Clean:          0 kB
Shared_Dirty:          0 kB
Private_Clean:         0 kB
Private_Dirty:         8 kB
Referenced:            8 kB
Swap:                  0 kB
KernelPageSize:        4 kB
MMUPageSize:           4 kB
7fbb75932000-7fbb75933000 ---p 00000000 00:00 0 
Size:                  4 kB
Rss:                   0 kB
Pss:                   0 kB
Shared_Clean:          0 kB
Shared_Dirty:          0 kB
Private_Clean:         0 kB
Private_Dirty:         0 kB
Referenced:            0 kB
Swap:                  0 kB
KernelPageSize:        4 kB
MMUPageSize:           4 kB
7fbb75933000-7fbb76133000 rw-p 00000000 00:00 0 
Size:               8192 kB
Rss:                   8 kB
Pss:                   8 kB
Shared_Clean:          0 kB
Shared_Dirty:          0 kB
Private_Clean:         0 kB
Private_Dirty:         8 kB
Referenced:            8 kB
Swap:                  0 kB
KernelPageSize:        4 kB
MMUPageSize:           4 kB
7fbb76133000-7fbb76143000 r-xp 00000000 08:08 98598                      /usr/lib/libtasn1.so.3.1.8
Size:                 64 kB
Rss:                   0 kB
Pss:                   0 kB
Shared_Clean:          0 kB
Shared_Dirty:          0 kB
Private_Clean:         0 kB
Private_Dirty:         0 kB
Referenced:            0 kB
Swap:                  0 kB
KernelPageSize:        4 kB
MMUPageSize:           4 kB
7fbb76143000-7fbb76342000 ---p 00010000 08:08 98598                      /usr/lib/libtasn1.so.3.1.8
Size:               2044 kB
Rss:                   0 kB
Pss:                   0 kB
Shared_Clean:          0 kB
Shared_Dirty:          0 kB
Private_Clean:         0 kB
Private_Dirty:         0 kB
Referenced:            0 kB
Swap:                  0 kB
KernelPageSize:        4 kB
MMUPageSize:           4 kB
7fbb76342000-7fbb76343000 rw-p 0000f000 08:08 98598                      /usr/lib/libtasn1.so.3.1.8
Size:                  4 kB
Rss:                   0 kB
Pss:                   0 kB
Shared_Clean:          0 kB
Shared_Dirty:          0 kB
Private_Clean:         0 kB
Private_Dirty:         0 kB
Referenced:            0 kB
Swap:                  4 kB
KernelPageSize:        4 kB
MMUPageSize:           4 kB
7fbb76343000-7fbb76345000 r-xp 00000000 08:01 31953                      /lib/libkeyutils-1.3.so
Size:                  8 kB
Rss:                   0 kB
Pss:                   0 kB
Shared_Clean:          0 kB
Shared_Dirty:          0 kB
Private_Clean:         0 kB
Private_Dirty:         0 kB
Referenced:            0 kB
Swap:                  0 kB
KernelPageSize:        4 kB
MMUPageSize:           4 kB
7fbb76345000-7fbb76544000 ---p 00002000 08:01 31953                      /lib/libkeyutils-1.3.so
Size:               2044 kB
Rss:                   0 kB
Pss:                   0 kB
Shared_Clean:          0 kB
Shared_Dirty:          0 kB
Private_Clean:         0 kB
Private_Dirty:         0 kB
Referenced:            0 kB
Swap:                  0 kB
KernelPageSize:        4 kB
MMUPageSize:           4 kB
7fbb76544000-7fbb76545000 rw-p 00001000 08:01 31953                      /lib/libkeyutils-1.3.so
Size:                  4 kB
Rss:                   0 kB
Pss:                   0 kB
Shared_Clean:          0 kB
Shared_Dirty:          0 kB
Private_Clean:         0 kB
Private_Dirty:         0 kB
Referenced:            0 kB
Swap:                  4 kB
KernelPageSize:        4 kB
MMUPageSize:           4 kB
7fbb76545000-7fbb7654c000 r-xp 00000000 08:08 98844                      /usr/lib/libkrb5support.so.0.1
Size:                 28 kB
Rss:                   0 kB
Pss:                   0 kB
Shared_Clean:          0 kB
Shared_Dirty:          0 kB
Private_Clean:         0 kB
Private_Dirty:         0 kB
Referenced:            0 kB
Swap:                  0 kB
KernelPageSize:        4 kB
MMUPageSize:           4 kB
7fbb7654c000-7fbb7674c000 ---p 00007000 08:08 98844                      /usr/lib/libkrb5support.so.0.1
Size:               2048 kB
Rss:                   0 kB
Pss:                   0 kB
Shared_Clean:          0 kB
Shared_Dirty:          0 kB
Private_Clean:         0 kB
Private_Dirty:         0 kB
Referenced:            0 kB
Swap:                  0 kB
KernelPageSize:        4 kB
MMUPageSize:           4 kB
7fbb7674c000-7fbb7674d000 rw-p 00007000 08:08 98844                      /usr/lib/libkrb5support.so.0.1
Size:                  4 kB
Rss:                   0 kB
Pss:                   0 kB
Shared_Clean:          0 kB
Shared_Dirty:          0 kB
Private_Clean:         0 kB
Private_Dirty:         0 kB
Referenced:            0 kB
Swap:                  4 kB
KernelPageSize:        4 kB
MMUPageSize:           4 kB
7fbb7674d000-7fbb76750000 r-xp 00000000 08:01 31993                      /lib/libcom_err.so.2.1
Size:                 12 kB
Rss:                   0 kB
Pss:                   0 kB
Shared_Clean:          0 kB
Shared_Dirty:          0 kB
Private_Clean:         0 kB
Private_Dirty:         0 kB
Referenced:            0 kB
Swap:                  0 kB
KernelPageSize:        4 kB
MMUPageSize:           4 kB
7fbb76750000-7fbb7694f000 ---p 00003000 08:01 31993                      /lib/libcom_err.so.2.1
Size:               2044 kB
Rss:                   0 kB
Pss:                   0 kB
Shared_Clean:          0 kB
Shared_Dirty:          0 kB
Private_Clean:         0 kB
Private_Dirty:         0 kB
Referenced:            0 kB
Swap:                  0 kB
KernelPageSize:        4 kB
MMUPageSize:           4 kB
7fbb7694f000-7fbb76950000 rw-p 00002000 08:01 31993                      /lib/libcom_err.so.2.1
Size:                  4 kB
Rss:                   0 kB
Pss:                   0 kB
Shared_Clean:          0 kB
Shared_Dirty:          0 kB
Private_Clean:         0 kB
Private_Dirty:         0 kB
Referenced:            0 kB
Swap:                  4 kB
KernelPageSize:        4 kB
MMUPageSize:           4 kB
7fbb76950000-7fbb76975000 r-xp 00000000 08:08 98589                      /usr/lib/libk5crypto.so.3.1
Size:                148 kB
Rss:                   0 kB
Pss:                   0 kB
Shared_Clean:          0 kB
Shared_Dirty:          0 kB
Private_Clean:         0 kB
Private_Dirty:         0 kB
Referenced:            0 kB
Swap:                  0 kB
KernelPageSize:        4 kB
MMUPageSize:           4 kB
7fbb76975000-7fbb76b74000 ---p 00025000 08:08 98589                      /usr/lib/libk5crypto.so.3.1
Size:               2044 kB
Rss:                   0 kB
Pss:                   0 kB
Shared_Clean:          0 kB
Shared_Dirty:          0 kB
Private_Clean:         0 kB
Private_Dirty:         0 kB
Referenced:            0 kB
Swap:                  0 kB
KernelPageSize:        4 kB
MMUPageSize:           4 kB
7fbb76b74000-7fbb76b76000 rw-p 00024000 08:08 98589                      /usr/lib/libk5crypto.so.3.1
Size:                  8 kB
Rss:                   0 kB
Pss:                   0 kB
Shared_Clean:          0 kB
Shared_Dirty:          0 kB
Private_Clean:         0 kB
Private_Dirty:         0 kB
Referenced:            0 kB
Swap:                  8 kB
KernelPageSize:        4 kB
MMUPageSize:           4 kB
7fbb76b76000-7fbb76c34000 r-xp 00000000 08:08 98840                      /usr/lib/libkrb5.so.3.3
Size:                760 kB
Rss:                   0 kB
Pss:                   0 kB
Shared_Clean:          0 kB
Shared_Dirty:          0 kB
Private_Clean:         0 kB
Private_Dirty:         0 kB
Referenced:            0 kB
Swap:                  0 kB
KernelPageSize:        4 kB
MMUPageSize:           4 kB
7fbb76c34000-7fbb76e33000 ---p 000be000 08:08 98840                      /usr/lib/libkrb5.so.3.3
Size:               2044 kB
Rss:                   0 kB
Pss:                   0 kB
Shared_Clean:          0 kB
Shared_Dirty:          0 kB
Private_Clean:         0 kB
Private_Dirty:         0 kB
Referenced:            0 kB
Swap:                  0 kB
KernelPageSize:        4 kB
MMUPageSize:           4 kB
7fbb76e33000-7fbb76e3e000 rw-p 000bd000 08:08 98840                      /usr/lib/libkrb5.so.3.3
Size:                 44 kB
Rss:                   0 kB
Pss:                   0 kB
Shared_Clean:          0 kB
Shared_Dirty:          0 kB
Private_Clean:         0 kB
Private_Dirty:         0 kB
Referenced:            0 kB
Swap:                 44 kB
KernelPageSize:        4 kB
MMUPageSize:           4 kB
7fbb76e3e000-7fbb76e57000 r-xp 00000000 08:08 98651                      /usr/lib/libsasl2.so.2.0.23
Size:                100 kB
Rss:                   0 kB
Pss:                   0 kB
Shared_Clean:          0 kB
Shared_Dirty:          0 kB
Private_Clean:         0 kB
Private_Dirty:         0 kB
Referenced:            0 kB
Swap:                  0 kB
KernelPageSize:        4 kB
MMUPageSize:           4 kB
7fbb76e57000-7fbb77056000 ---p 00019000 08:08 98651                      /usr/lib/libsasl2.so.2.0.23
Size:               2044 kB
Rss:                   0 kB
Pss:                   0 kB
Shared_Clean:          0 kB
Shared_Dirty:          0 kB
Private_Clean:         0 kB
Private_Dirty:         0 kB
Referenced:            0 kB
Swap:                  0 kB
KernelPageSize:        4 kB
MMUPageSize:           4 kB
7fbb77056000-7fbb77057000 rw-p 00018000 08:08 98651                      /usr/lib/libsasl2.so.2.0.23
Size:                  4 kB
Rss:                   0 kB
Pss:                   0 kB
Shared_Clean:          0 kB
Shared_Dirty:          0 kB
Private_Clean:         0 kB
Private_Dirty:         0 kB
Referenced:            0 kB
Swap:                  4 kB
KernelPageSize:        4 kB
MMUPageSize:           4 kB
7fbb77057000-7fbb7706a000 r-xp 00000000 08:01 31960                      /lib/libresolv-2.11.2.so
Size:                 76 kB
Rss:                  40 kB
Pss:                  22 kB
Shared_Clean:         36 kB
Shared_Dirty:          0 kB
Private_Clean:         4 kB
Private_Dirty:         0 kB
Referenced:           40 kB
Swap:                  0 kB
KernelPageSize:        4 kB
MMUPageSize:           4 kB
7fbb7706a000-7fbb77269000 ---p 00013000 08:01 31960                      /lib/libresolv-2.11.2.so
Size:               2044 kB
Rss:                   0 kB
Pss:                   0 kB
Shared_Clean:          0 kB
Shared_Dirty:          0 kB
Private_Clean:         0 kB
Private_Dirty:         0 kB
Referenced:            0 kB
Swap:                  0 kB
KernelPageSize:        4 kB
MMUPageSize:           4 kB
7fbb77269000-7fbb7726a000 r--p 00012000 08:01 31960                      /lib/libresolv-2.11.2.so
Size:                  4 kB
Rss:                   0 kB
Pss:                   0 kB
Shared_Clean:          0 kB
Shared_Dirty:          0 kB
Private_Clean:         0 kB
Private_Dirty:         0 kB
Referenced:            0 kB
Swap:                  4 kB
KernelPageSize:        4 kB
MMUPageSize:           4 kB
7fbb7726a000-7fbb7726b000 rw-p 00013000 08:01 31960                      /lib/libresolv-2.11.2.so
Size:                  4 kB
Rss:                   4 kB
Pss:                   4 kB
Shared_Clean:          0 kB
Shared_Dirty:          0 kB
Private_Clean:         4 kB
Private_Dirty:         0 kB
Referenced:            0 kB
Swap:                  0 kB
KernelPageSize:        4 kB
MMUPageSize:           4 kB
7fbb7726b000-7fbb7726d000 rw-p 00000000 00:00 0 
Size:                  8 kB
Rss:                   4 kB
Pss:                   4 kB
Shared_Clean:          0 kB
Shared_Dirty:          0 kB
Private_Clean:         4 kB
Private_Dirty:         0 kB
Referenced:            4 kB
Swap:                  0 kB
KernelPageSize:        4 kB
MMUPageSize:           4 kB
7fbb7726d000-7fbb7726f000 r-xp 00000000 08:01 32174                      /lib/libdl-2.11.2.so
Size:                  8 kB
Rss:                   0 kB
Pss:                   0 kB
Shared_Clean:          0 kB
Shared_Dirty:          0 kB
Private_Clean:         0 kB
Private_Dirty:         0 kB
Referenced:            0 kB
Swap:                  0 kB
KernelPageSize:        4 kB
MMUPageSize:           4 kB
7fbb7726f000-7fbb7746f000 ---p 00002000 08:01 32174                      /lib/libdl-2.11.2.so
Size:               2048 kB
Rss:                   0 kB
Pss:                   0 kB
Shared_Clean:          0 kB
Shared_Dirty:          0 kB
Private_Clean:         0 kB
Private_Dirty:         0 kB
Referenced:            0 kB
Swap:                  0 kB
KernelPageSize:        4 kB
MMUPageSize:           4 kB
7fbb7746f000-7fbb77470000 r--p 00002000 08:01 32174                      /lib/libdl-2.11.2.so
Size:                  4 kB
Rss:                   0 kB
Pss:                   0 kB
Shared_Clean:          0 kB
Shared_Dirty:          0 kB
Private_Clean:         0 kB
Private_Dirty:         0 kB
Referenced:            0 kB
Swap:                  4 kB
KernelPageSize:        4 kB
MMUPageSize:           4 kB
7fbb77470000-7fbb77471000 rw-p 00003000 08:01 32174                      /lib/libdl-2.11.2.so
Size:                  4 kB
Rss:                   0 kB
Pss:                   0 kB
Shared_Clean:          0 kB
Shared_Dirty:          0 kB
Private_Clean:         0 kB
Private_Dirty:         0 kB
Referenced:            0 kB
Swap:                  4 kB
KernelPageSize:        4 kB
MMUPageSize:           4 kB
7fbb77471000-7fbb7750d000 r-xp 00000000 08:08 98308                      /usr/lib/libgnutls.so.26.14.12
Size:                624 kB
Rss:                   0 kB
Pss:                   0 kB
Shared_Clean:          0 kB
Shared_Dirty:          0 kB
Private_Clean:         0 kB
Private_Dirty:         0 kB
Referenced:            0 kB
Swap:                  0 kB
KernelPageSize:        4 kB
MMUPageSize:           4 kB
7fbb7750d000-7fbb7770d000 ---p 0009c000 08:08 98308                      /usr/lib/libgnutls.so.26.14.12
Size:               2048 kB
Rss:                   0 kB
Pss:                   0 kB
Shared_Clean:          0 kB
Shared_Dirty:          0 kB
Private_Clean:         0 kB
Private_Dirty:         0 kB
Referenced:            0 kB
Swap:                  0 kB
KernelPageSize:        4 kB
MMUPageSize:           4 kB
7fbb7770d000-7fbb77714000 rw-p 0009c000 08:08 98308                      /usr/lib/libgnutls.so.26.14.12
Size:                 28 kB
Rss:                   0 kB
Pss:                   0 kB
Shared_Clean:          0 kB
Shared_Dirty:          0 kB
Private_Clean:         0 kB
Private_Dirty:         0 kB
Referenced:            0 kB
Swap:                 28 kB
KernelPageSize:        4 kB
MMUPageSize:           4 kB
7fbb77714000-7fbb77747000 r-xp 00000000 08:08 98406                      /usr/lib/libgssapi_krb5.so.2.2
Size:                204 kB
Rss:                   0 kB
Pss:                   0 kB
Shared_Clean:          0 kB
Shared_Dirty:          0 kB
Private_Clean:         0 kB
Private_Dirty:         0 kB
Referenced:            0 kB
Swap:                  0 kB
KernelPageSize:        4 kB
MMUPageSize:           4 kB
7fbb77747000-7fbb77946000 ---p 00033000 08:08 98406                      /usr/lib/libgssapi_krb5.so.2.2
Size:               2044 kB
Rss:                   0 kB
Pss:                   0 kB
Shared_Clean:          0 kB
Shared_Dirty:          0 kB
Private_Clean:         0 kB
Private_Dirty:         0 kB
Referenced:            0 kB
Swap:                  0 kB
KernelPageSize:        4 kB
MMUPageSize:           4 kB
7fbb77946000-7fbb77948000 rw-p 00032000 08:08 98406                      /usr/lib/libgssapi_krb5.so.2.2
Size:                  8 kB
Rss:                   0 kB
Pss:                   0 kB
Shared_Clean:          0 kB
Shared_Dirty:          0 kB
Private_Clean:         0 kB
Private_Dirty:         0 kB
Referenced:            0 kB
Swap:                  8 kB
KernelPageSize:        4 kB
MMUPageSize:           4 kB
7fbb77948000-7fbb7798e000 r-xp 00000000 08:08 98361                      /usr/lib/libldap_r-2.4.so.2.5.0
Size:                280 kB
Rss:                   0 kB
Pss:                   0 kB
Shared_Clean:          0 kB
Shared_Dirty:          0 kB
Private_Clean:         0 kB
Private_Dirty:         0 kB
Referenced:            0 kB
Swap:                  0 kB
KernelPageSize:        4 kB
MMUPageSize:           4 kB
7fbb7798e000-7fbb77b8e000 ---p 00046000 08:08 98361                      /usr/lib/libldap_r-2.4.so.2.5.0
Size:               2048 kB
Rss:                   0 kB
Pss:                   0 kB
Shared_Clean:          0 kB
Shared_Dirty:          0 kB
Private_Clean:         0 kB
Private_Dirty:         0 kB
Referenced:            0 kB
Swap:                  0 kB
KernelPageSize:        4 kB
MMUPageSize:           4 kB
7fbb77b8e000-7fbb77b91000 rw-p 00046000 08:08 98361                      /usr/lib/libldap_r-2.4.so.2.5.0
Size:                 12 kB
Rss:                   0 kB
Pss:                   0 kB
Shared_Clean:          0 kB
Shared_Dirty:          0 kB
Private_Clean:         0 kB
Private_Dirty:         0 kB
Referenced:            0 kB
Swap:                 12 kB
KernelPageSize:        4 kB
MMUPageSize:           4 kB
7fbb77b91000-7fbb77b93000 rw-p 00000000 00:00 0 
Size:                  8 kB
Rss:                   0 kB
Pss:                   0 kB
Shared_Clean:          0 kB
Shared_Dirty:          0 kB
Private_Clean:         0 kB
Private_Dirty:         0 kB
Referenced:            0 kB
Swap:                  0 kB
KernelPageSize:        4 kB
MMUPageSize:           4 kB
7fbb77b93000-7fbb77ba1000 r-xp 00000000 08:08 98678                      /usr/lib/liblber-2.4.so.2.5.0
Size:                 56 kB
Rss:                   0 kB
Pss:                   0 kB
Shared_Clean:          0 kB
Shared_Dirty:          0 kB
Private_Clean:         0 kB
Private_Dirty:         0 kB
Referenced:            0 kB
Swap:                  0 kB
KernelPageSize:        4 kB
MMUPageSize:           4 kB
7fbb77ba1000-7fbb77da1000 ---p 0000e000 08:08 98678                      /usr/lib/liblber-2.4.so.2.5.0
Size:               2048 kB
Rss:                   0 kB
Pss:                   0 kB
Shared_Clean:          0 kB
Shared_Dirty:          0 kB
Private_Clean:         0 kB
Private_Dirty:         0 kB
Referenced:            0 kB
Swap:                  0 kB
KernelPageSize:        4 kB
MMUPageSize:           4 kB
7fbb77da1000-7fbb77da2000 rw-p 0000e000 08:08 98678                      /usr/lib/liblber-2.4.so.2.5.0
Size:                  4 kB
Rss:                   0 kB
Pss:                   0 kB
Shared_Clean:          0 kB
Shared_Dirty:          0 kB
Private_Clean:         0 kB
Private_Dirty:         0 kB
Referenced:            0 kB
Swap:                  4 kB
KernelPageSize:        4 kB
MMUPageSize:           4 kB
7fbb77da2000-7fbb77dd3000 r-xp 00000000 08:08 98564                      /usr/lib/libidn.so.11.5.44
Size:                196 kB
Rss:                   0 kB
Pss:                   0 kB
Shared_Clean:          0 kB
Shared_Dirty:          0 kB
Private_Clean:         0 kB
Private_Dirty:         0 kB
Referenced:            0 kB
Swap:                  0 kB
KernelPageSize:        4 kB
MMUPageSize:           4 kB
7fbb77dd3000-7fbb77fd3000 ---p 00031000 08:08 98564                      /usr/lib/libidn.so.11.5.44
Size:               2048 kB
Rss:                   0 kB
Pss:                   0 kB
Shared_Clean:          0 kB
Shared_Dirty:          0 kB
Private_Clean:         0 kB
Private_Dirty:         0 kB
Referenced:            0 kB
Swap:                  0 kB
KernelPageSize:        4 kB
MMUPageSize:           4 kB
7fbb77fd3000-7fbb77fd4000 rw-p 00031000 08:08 98564                      /usr/lib/libidn.so.11.5.44
Size:                  4 kB
Rss:                   0 kB
Pss:                   0 kB
Shared_Clean:          0 kB
Shared_Dirty:          0 kB
Private_Clean:         0 kB
Private_Dirty:         0 kB
Referenced:            0 kB
Swap:                  4 kB
KernelPageSize:        4 kB
MMUPageSize:           4 kB
7fbb77fd4000-7fbb77feb000 r-xp 00000000 08:08 98761                      /usr/lib/libz.so.1.2.3.4
Size:                 92 kB
Rss:                   0 kB
Pss:                   0 kB
Shared_Clean:          0 kB
Shared_Dirty:          0 kB
Private_Clean:         0 kB
Private_Dirty:         0 kB
Referenced:            0 kB
Swap:                  0 kB
KernelPageSize:        4 kB
MMUPageSize:           4 kB
7fbb77feb000-7fbb781ea000 ---p 00017000 08:08 98761                      /usr/lib/libz.so.1.2.3.4
Size:               2044 kB
Rss:                   0 kB
Pss:                   0 kB
Shared_Clean:          0 kB
Shared_Dirty:          0 kB
Private_Clean:         0 kB
Private_Dirty:         0 kB
Referenced:            0 kB
Swap:                  0 kB
KernelPageSize:        4 kB
MMUPageSize:           4 kB
7fbb781ea000-7fbb781eb000 rw-p 00016000 08:08 98761                      /usr/lib/libz.so.1.2.3.4
Size:                  4 kB
Rss:                   0 kB
Pss:                   0 kB
Shared_Clean:          0 kB
Shared_Dirty:          0 kB
Private_Clean:         0 kB
Private_Dirty:         0 kB
Referenced:            0 kB
Swap:                  4 kB
KernelPageSize:        4 kB
MMUPageSize:           4 kB
7fbb781eb000-7fbb78333000 r-xp 00000000 08:08 98486                      /usr/lib/libicuuc.so.42.1
Size:               1312 kB
Rss:                   0 kB
Pss:                   0 kB
Shared_Clean:          0 kB
Shared_Dirty:          0 kB
Private_Clean:         0 kB
Private_Dirty:         0 kB
Referenced:            0 kB
Swap:                  0 kB
KernelPageSize:        4 kB
MMUPageSize:           4 kB
7fbb78333000-7fbb78533000 ---p 00148000 08:08 98486                      /usr/lib/libicuuc.so.42.1
Size:               2048 kB
Rss:                   0 kB
Pss:                   0 kB
Shared_Clean:          0 kB
Shared_Dirty:          0 kB
Private_Clean:         0 kB
Private_Dirty:         0 kB
Referenced:            0 kB
Swap:                  0 kB
KernelPageSize:        4 kB
MMUPageSize:           4 kB
7fbb78533000-7fbb78544000 rw-p 00148000 08:08 98486                      /usr/lib/libicuuc.so.42.1
Size:                 68 kB
Rss:                   0 kB
Pss:                   0 kB
Shared_Clean:          0 kB
Shared_Dirty:          0 kB
Private_Clean:         0 kB
Private_Dirty:         0 kB
Referenced:            0 kB
Swap:                 68 kB
KernelPageSize:        4 kB
MMUPageSize:           4 kB
7fbb78544000-7fbb78546000 rw-p 00000000 00:00 0 
Size:                  8 kB
Rss:                   0 kB
Pss:                   0 kB
Shared_Clean:          0 kB
Shared_Dirty:          0 kB
Private_Clean:         0 kB
Private_Dirty:         0 kB
Referenced:            0 kB
Swap:                  0 kB
KernelPageSize:        4 kB
MMUPageSize:           4 kB
7fbb78546000-7fbb786f0000 r-xp 00000000 08:08 98481                      /usr/lib/libicui18n.so.42.1
Size:               1704 kB
Rss:                   0 kB
Pss:                   0 kB
Shared_Clean:          0 kB
Shared_Dirty:          0 kB
Private_Clean:         0 kB
Private_Dirty:         0 kB
Referenced:            0 kB
Swap:                  0 kB
KernelPageSize:        4 kB
MMUPageSize:           4 kB
7fbb786f0000-7fbb788ef000 ---p 001aa000 08:08 98481                      /usr/lib/libicui18n.so.42.1
Size:               2044 kB
Rss:                   0 kB
Pss:                   0 kB
Shared_Clean:          0 kB
Shared_Dirty:          0 kB
Private_Clean:         0 kB
Private_Dirty:         0 kB
Referenced:            0 kB
Swap:                  0 kB
KernelPageSize:        4 kB
MMUPageSize:           4 kB
7fbb788ef000-7fbb788fd000 rw-p 001a9000 08:08 98481                      /usr/lib/libicui18n.so.42.1
Size:                 56 kB
Rss:                   0 kB
Pss:                   0 kB
Shared_Clean:          0 kB
Shared_Dirty:          0 kB
Private_Clean:         0 kB
Private_Dirty:         0 kB
Referenced:            0 kB
Swap:                 56 kB
KernelPageSize:        4 kB
MMUPageSize:           4 kB
7fbb788fd000-7fbb79842000 r--p 00000000 08:08 98314                      /usr/lib/libicudata.so.42.1
Size:              15636 kB
Rss:                   0 kB
Pss:                   0 kB
Shared_Clean:          0 kB
Shared_Dirty:          0 kB
Private_Clean:         0 kB
Private_Dirty:         0 kB
Referenced:            0 kB
Swap:                  0 kB
KernelPageSize:        4 kB
MMUPageSize:           4 kB
7fbb79842000-7fbb79a41000 ---p 00f45000 08:08 98314                      /usr/lib/libicudata.so.42.1
Size:               2044 kB
Rss:                   0 kB
Pss:                   0 kB
Shared_Clean:          0 kB
Shared_Dirty:          0 kB
Private_Clean:         0 kB
Private_Dirty:         0 kB
Referenced:            0 kB
Swap:                  0 kB
KernelPageSize:        4 kB
MMUPageSize:           4 kB
7fbb79a41000-7fbb79a42000 rw-p 00f44000 08:08 98314                      /usr/lib/libicudata.so.42.1
Size:                  4 kB
Rss:                   0 kB
Pss:                   0 kB
Shared_Clean:          0 kB
Shared_Dirty:          0 kB
Private_Clean:         0 kB
Private_Dirty:         0 kB
Referenced:            0 kB
Swap:                  4 kB
KernelPageSize:        4 kB
MMUPageSize:           4 kB
7fbb79a42000-7fbb79b88000 r-xp 00000000 08:08 98908                      /usr/lib/libxml2.so.2.7.7
Size:               1304 kB
Rss:                 164 kB
Pss:                 164 kB
Shared_Clean:          0 kB
Shared_Dirty:          0 kB
Private_Clean:       164 kB
Private_Dirty:         0 kB
Referenced:          164 kB
Swap:                  0 kB
KernelPageSize:        4 kB
MMUPageSize:           4 kB
7fbb79b88000-7fbb79d87000 ---p 00146000 08:08 98908                      /usr/lib/libxml2.so.2.7.7
Size:               2044 kB
Rss:                   0 kB
Pss:                   0 kB
Shared_Clean:          0 kB
Shared_Dirty:          0 kB
Private_Clean:         0 kB
Private_Dirty:         0 kB
Referenced:            0 kB
Swap:                  0 kB
KernelPageSize:        4 kB
MMUPageSize:           4 kB
7fbb79d87000-7fbb79d91000 rw-p 00145000 08:08 98908                      /usr/lib/libxml2.so.2.7.7
Size:                 40 kB
Rss:                  12 kB
Pss:                  12 kB
Shared_Clean:          0 kB
Shared_Dirty:          0 kB
Private_Clean:         8 kB
Private_Dirty:         4 kB
Referenced:           12 kB
Swap:                 28 kB
KernelPageSize:        4 kB
MMUPageSize:           4 kB
7fbb79d91000-7fbb79d92000 rw-p 00000000 00:00 0 
Size:                  4 kB
Rss:                   4 kB
Pss:                   4 kB
Shared_Clean:          0 kB
Shared_Dirty:          0 kB
Private_Clean:         4 kB
Private_Dirty:         0 kB
Referenced:            4 kB
Swap:                  0 kB
KernelPageSize:        4 kB
MMUPageSize:           4 kB
7fbb79d92000-7fbb79dd9000 r-xp 00000000 08:08 98416                      /usr/lib/libcurl-gnutls.so.4.2.0
Size:                284 kB
Rss:                 164 kB
Pss:                 164 kB
Shared_Clean:          0 kB
Shared_Dirty:          0 kB
Private_Clean:       164 kB
Private_Dirty:         0 kB
Referenced:          164 kB
Swap:                  0 kB
KernelPageSize:        4 kB
MMUPageSize:           4 kB
7fbb79dd9000-7fbb79fd9000 ---p 00047000 08:08 98416                      /usr/lib/libcurl-gnutls.so.4.2.0
Size:               2048 kB
Rss:                   0 kB
Pss:                   0 kB
Shared_Clean:          0 kB
Shared_Dirty:          0 kB
Private_Clean:         0 kB
Private_Dirty:         0 kB
Referenced:            0 kB
Swap:                  0 kB
KernelPageSize:        4 kB
MMUPageSize:           4 kB
7fbb79fd9000-7fbb79fdb000 rw-p 00047000 08:08 98416                      /usr/lib/libcurl-gnutls.so.4.2.0
Size:                  8 kB
Rss:                   8 kB
Pss:                   8 kB
Shared_Clean:          0 kB
Shared_Dirty:          0 kB
Private_Clean:         4 kB
Private_Dirty:         4 kB
Referenced:            8 kB
Swap:                  0 kB
KernelPageSize:        4 kB
MMUPageSize:           4 kB
7fbb79fdb000-7fbb79fde000 r-xp 00000000 08:08 98714                      /usr/lib/libgpg-error.so.0.4.0
Size:                 12 kB
Rss:                   0 kB
Pss:                   0 kB
Shared_Clean:          0 kB
Shared_Dirty:          0 kB
Private_Clean:         0 kB
Private_Dirty:         0 kB
Referenced:            0 kB
Swap:                  0 kB
KernelPageSize:        4 kB
MMUPageSize:           4 kB
7fbb79fde000-7fbb7a1dd000 ---p 00003000 08:08 98714                      /usr/lib/libgpg-error.so.0.4.0
Size:               2044 kB
Rss:                   0 kB
Pss:                   0 kB
Shared_Clean:          0 kB
Shared_Dirty:          0 kB
Private_Clean:         0 kB
Private_Dirty:         0 kB
Referenced:            0 kB
Swap:                  0 kB
KernelPageSize:        4 kB
MMUPageSize:           4 kB
7fbb7a1dd000-7fbb7a1de000 rw-p 00002000 08:08 98714                      /usr/lib/libgpg-error.so.0.4.0
Size:                  4 kB
Rss:                   0 kB
Pss:                   0 kB
Shared_Clean:          0 kB
Shared_Dirty:          0 kB
Private_Clean:         0 kB
Private_Dirty:         0 kB
Referenced:            0 kB
Swap:                  4 kB
KernelPageSize:        4 kB
MMUPageSize:           4 kB
7fbb7a1de000-7fbb7a20d000 r-xp 00000000 08:01 32236                      /lib/libpcre.so.3.12.1
Size:                188 kB
Rss:                   0 kB
Pss:                   0 kB
Shared_Clean:          0 kB
Shared_Dirty:          0 kB
Private_Clean:         0 kB
Private_Dirty:         0 kB
Referenced:            0 kB
Swap:                  0 kB
KernelPageSize:        4 kB
MMUPageSize:           4 kB
7fbb7a20d000-7fbb7a40c000 ---p 0002f000 08:01 32236                      /lib/libpcre.so.3.12.1
Size:               2044 kB
Rss:                   0 kB
Pss:                   0 kB
Shared_Clean:          0 kB
Shared_Dirty:          0 kB
Private_Clean:         0 kB
Private_Dirty:         0 kB
Referenced:            0 kB
Swap:                  0 kB
KernelPageSize:        4 kB
MMUPageSize:           4 kB
7fbb7a40c000-7fbb7a40d000 rw-p 0002e000 08:01 32236                      /lib/libpcre.so.3.12.1
Size:                  4 kB
Rss:                   0 kB
Pss:                   0 kB
Shared_Clean:          0 kB
Shared_Dirty:          0 kB
Private_Clean:         0 kB
Private_Dirty:         0 kB
Referenced:            0 kB
Swap:                  4 kB
KernelPageSize:        4 kB
MMUPageSize:           4 kB
7fbb7a40d000-7fbb7a423000 r-xp 00000000 08:01 32201                      /lib/libgcc_s.so.1
Size:                 88 kB
Rss:                   0 kB
Pss:                   0 kB
Shared_Clean:          0 kB
Shared_Dirty:          0 kB
Private_Clean:         0 kB
Private_Dirty:         0 kB
Referenced:            0 kB
Swap:                  0 kB
KernelPageSize:        4 kB
MMUPageSize:           4 kB
7fbb7a423000-7fbb7a622000 ---p 00016000 08:01 32201                      /lib/libgcc_s.so.1
Size:               2044 kB
Rss:                   0 kB
Pss:                   0 kB
Shared_Clean:          0 kB
Shared_Dirty:          0 kB
Private_Clean:         0 kB
Private_Dirty:         0 kB
Referenced:            0 kB
Swap:                  0 kB
KernelPageSize:        4 kB
MMUPageSize:           4 kB
7fbb7a622000-7fbb7a623000 rw-p 00015000 08:01 32201                      /lib/libgcc_s.so.1
Size:                  4 kB
Rss:                   0 kB
Pss:                   0 kB
Shared_Clean:          0 kB
Shared_Dirty:          0 kB
Private_Clean:         0 kB
Private_Dirty:         0 kB
Referenced:            0 kB
Swap:                  4 kB
KernelPageSize:        4 kB
MMUPageSize:           4 kB
7fbb7a623000-7fbb7a6a3000 r-xp 00000000 08:01 32184                      /lib/libm-2.11.2.so
Size:                512 kB
Rss:                   0 kB
Pss:                   0 kB
Shared_Clean:          0 kB
Shared_Dirty:          0 kB
Private_Clean:         0 kB
Private_Dirty:         0 kB
Referenced:            0 kB
Swap:                  0 kB
KernelPageSize:        4 kB
MMUPageSize:           4 kB
7fbb7a6a3000-7fbb7a8a3000 ---p 00080000 08:01 32184                      /lib/libm-2.11.2.so
Size:               2048 kB
Rss:                   0 kB
Pss:                   0 kB
Shared_Clean:          0 kB
Shared_Dirty:          0 kB
Private_Clean:         0 kB
Private_Dirty:         0 kB
Referenced:            0 kB
Swap:                  0 kB
KernelPageSize:        4 kB
MMUPageSize:           4 kB
7fbb7a8a3000-7fbb7a8a4000 r--p 00080000 08:01 32184                      /lib/libm-2.11.2.so
Size:                  4 kB
Rss:                   0 kB
Pss:                   0 kB
Shared_Clean:          0 kB
Shared_Dirty:          0 kB
Private_Clean:         0 kB
Private_Dirty:         0 kB
Referenced:            0 kB
Swap:                  4 kB
KernelPageSize:        4 kB
MMUPageSize:           4 kB
7fbb7a8a4000-7fbb7a8a5000 rw-p 00081000 08:01 32184                      /lib/libm-2.11.2.so
Size:                  4 kB
Rss:                   0 kB
Pss:                   0 kB
Shared_Clean:          0 kB
Shared_Dirty:          0 kB
Private_Clean:         0 kB
Private_Dirty:         0 kB
Referenced:            0 kB
Swap:                  4 kB
KernelPageSize:        4 kB
MMUPageSize:           4 kB
7fbb7a8a5000-7fbb7a99b000 r-xp 00000000 08:08 98320                      /usr/lib/libstdc++.so.6.0.13
Size:                984 kB
Rss:                   0 kB
Pss:                   0 kB
Shared_Clean:          0 kB
Shared_Dirty:          0 kB
Private_Clean:         0 kB
Private_Dirty:         0 kB
Referenced:            0 kB
Swap:                  0 kB
KernelPageSize:        4 kB
MMUPageSize:           4 kB
7fbb7a99b000-7fbb7ab9b000 ---p 000f6000 08:08 98320                      /usr/lib/libstdc++.so.6.0.13
Size:               2048 kB
Rss:                   0 kB
Pss:                   0 kB
Shared_Clean:          0 kB
Shared_Dirty:          0 kB
Private_Clean:         0 kB
Private_Dirty:         0 kB
Referenced:            0 kB
Swap:                  0 kB
KernelPageSize:        4 kB
MMUPageSize:           4 kB
7fbb7ab9b000-7fbb7aba2000 r--p 000f6000 08:08 98320                      /usr/lib/libstdc++.so.6.0.13
Size:                 28 kB
Rss:                   0 kB
Pss:                   0 kB
Shared_Clean:          0 kB
Shared_Dirty:          0 kB
Private_Clean:         0 kB
Private_Dirty:         0 kB
Referenced:            0 kB
Swap:                 28 kB
KernelPageSize:        4 kB
MMUPageSize:           4 kB
7fbb7aba2000-7fbb7aba4000 rw-p 000fd000 08:08 98320                      /usr/lib/libstdc++.so.6.0.13
Size:                  8 kB
Rss:                   0 kB
Pss:                   0 kB
Shared_Clean:          0 kB
Shared_Dirty:          0 kB
Private_Clean:         0 kB
Private_Dirty:         0 kB
Referenced:            0 kB
Swap:                  8 kB
KernelPageSize:        4 kB
MMUPageSize:           4 kB
7fbb7aba4000-7fbb7abb9000 rw-p 00000000 00:00 0 
Size:                 84 kB
Rss:                   0 kB
Pss:                   0 kB
Shared_Clean:          0 kB
Shared_Dirty:          0 kB
Private_Clean:         0 kB
Private_Dirty:         0 kB
Referenced:            0 kB
Swap:                 12 kB
KernelPageSize:        4 kB
MMUPageSize:           4 kB
7fbb7abb9000-7fbb7ad11000 r-xp 00000000 08:01 32175                      /lib/libc-2.11.2.so
Size:               1376 kB
Rss:                 520 kB
Pss:                 137 kB
Shared_Clean:        484 kB
Shared_Dirty:          0 kB
Private_Clean:        36 kB
Private_Dirty:         0 kB
Referenced:          500 kB
Swap:                  0 kB
KernelPageSize:        4 kB
MMUPageSize:           4 kB
7fbb7ad11000-7fbb7af10000 ---p 00158000 08:01 32175                      /lib/libc-2.11.2.so
Size:               2044 kB
Rss:                   0 kB
Pss:                   0 kB
Shared_Clean:          0 kB
Shared_Dirty:          0 kB
Private_Clean:         0 kB
Private_Dirty:         0 kB
Referenced:            0 kB
Swap:                  0 kB
KernelPageSize:        4 kB
MMUPageSize:           4 kB
7fbb7af10000-7fbb7af14000 r--p 00157000 08:01 32175                      /lib/libc-2.11.2.so
Size:                 16 kB
Rss:                  16 kB
Pss:                  16 kB
Shared_Clean:          0 kB
Shared_Dirty:          0 kB
Private_Clean:         0 kB
Private_Dirty:        16 kB
Referenced:           16 kB
Swap:                  0 kB
KernelPageSize:        4 kB
MMUPageSize:           4 kB
7fbb7af14000-7fbb7af15000 rw-p 0015b000 08:01 32175                      /lib/libc-2.11.2.so
Size:                  4 kB
Rss:                   4 kB
Pss:                   4 kB
Shared_Clean:          0 kB
Shared_Dirty:          0 kB
Private_Clean:         0 kB
Private_Dirty:         4 kB
Referenced:            4 kB
Swap:                  0 kB
KernelPageSize:        4 kB
MMUPageSize:           4 kB
7fbb7af15000-7fbb7af1a000 rw-p 00000000 00:00 0 
Size:                 20 kB
Rss:                  16 kB
Pss:                  16 kB
Shared_Clean:          0 kB
Shared_Dirty:          0 kB
Private_Clean:         0 kB
Private_Dirty:        16 kB
Referenced:           16 kB
Swap:                  4 kB
KernelPageSize:        4 kB
MMUPageSize:           4 kB
7fbb7af1a000-7fbb7af31000 r-xp 00000000 08:01 32176                      /lib/libpthread-2.11.2.so
Size:                 92 kB
Rss:                  60 kB
Pss:                  22 kB
Shared_Clean:         56 kB
Shared_Dirty:          0 kB
Private_Clean:         4 kB
Private_Dirty:         0 kB
Referenced:           60 kB
Swap:                  0 kB
KernelPageSize:        4 kB
MMUPageSize:           4 kB
7fbb7af31000-7fbb7b130000 ---p 00017000 08:01 32176                      /lib/libpthread-2.11.2.so
Size:               2044 kB
Rss:                   0 kB
Pss:                   0 kB
Shared_Clean:          0 kB
Shared_Dirty:          0 kB
Private_Clean:         0 kB
Private_Dirty:         0 kB
Referenced:            0 kB
Swap:                  0 kB
KernelPageSize:        4 kB
MMUPageSize:           4 kB
7fbb7b130000-7fbb7b131000 r--p 00016000 08:01 32176                      /lib/libpthread-2.11.2.so
Size:                  4 kB
Rss:                   4 kB
Pss:                   4 kB
Shared_Clean:          0 kB
Shared_Dirty:          0 kB
Private_Clean:         4 kB
Private_Dirty:         0 kB
Referenced:            4 kB
Swap:                  0 kB
KernelPageSize:        4 kB
MMUPageSize:           4 kB
7fbb7b131000-7fbb7b132000 rw-p 00017000 08:01 32176                      /lib/libpthread-2.11.2.so
Size:                  4 kB
Rss:                   4 kB
Pss:                   4 kB
Shared_Clean:          0 kB
Shared_Dirty:          0 kB
Private_Clean:         0 kB
Private_Dirty:         4 kB
Referenced:            4 kB
Swap:                  0 kB
KernelPageSize:        4 kB
MMUPageSize:           4 kB
7fbb7b132000-7fbb7b136000 rw-p 00000000 00:00 0 
Size:                 16 kB
Rss:                   4 kB
Pss:                   4 kB
Shared_Clean:          0 kB
Shared_Dirty:          0 kB
Private_Clean:         0 kB
Private_Dirty:         4 kB
Referenced:            4 kB
Swap:                  0 kB
KernelPageSize:        4 kB
MMUPageSize:           4 kB
7fbb7b136000-7fbb7b226000 r-xp 00000000 08:08 99353                      /usr/lib/libprotobuf.so.5.0.0
Size:                960 kB
Rss:                   4 kB
Pss:                   4 kB
Shared_Clean:          0 kB
Shared_Dirty:          0 kB
Private_Clean:         4 kB
Private_Dirty:         0 kB
Referenced:            0 kB
Swap:                  0 kB
KernelPageSize:        4 kB
MMUPageSize:           4 kB
7fbb7b226000-7fbb7b425000 ---p 000f0000 08:08 99353                      /usr/lib/libprotobuf.so.5.0.0
Size:               2044 kB
Rss:                   0 kB
Pss:                   0 kB
Shared_Clean:          0 kB
Shared_Dirty:          0 kB
Private_Clean:         0 kB
Private_Dirty:         0 kB
Referenced:            0 kB
Swap:                  0 kB
KernelPageSize:        4 kB
MMUPageSize:           4 kB
7fbb7b425000-7fbb7b42b000 rw-p 000ef000 08:08 99353                      /usr/lib/libprotobuf.so.5.0.0
Size:                 24 kB
Rss:                   4 kB
Pss:                   4 kB
Shared_Clean:          0 kB
Shared_Dirty:          0 kB
Private_Clean:         4 kB
Private_Dirty:         0 kB
Referenced:            0 kB
Swap:                 20 kB
KernelPageSize:        4 kB
MMUPageSize:           4 kB
7fbb7b42b000-7fbb7b5a1000 r-xp 00000000 08:08 98375                      /usr/lib/libdb-4.8.so
Size:               1496 kB
Rss:                   4 kB
Pss:                   4 kB
Shared_Clean:          0 kB
Shared_Dirty:          0 kB
Private_Clean:         4 kB
Private_Dirty:         0 kB
Referenced:            4 kB
Swap:                  0 kB
KernelPageSize:        4 kB
MMUPageSize:           4 kB
7fbb7b5a1000-7fbb7b7a0000 ---p 00176000 08:08 98375                      /usr/lib/libdb-4.8.so
Size:               2044 kB
Rss:                   0 kB
Pss:                   0 kB
Shared_Clean:          0 kB
Shared_Dirty:          0 kB
Private_Clean:         0 kB
Private_Dirty:         0 kB
Referenced:            0 kB
Swap:                  0 kB
KernelPageSize:        4 kB
MMUPageSize:           4 kB
7fbb7b7a0000-7fbb7b7a5000 rw-p 00175000 08:08 98375                      /usr/lib/libdb-4.8.so
Size:                 20 kB
Rss:                   4 kB
Pss:                   4 kB
Shared_Clean:          0 kB
Shared_Dirty:          0 kB
Private_Clean:         4 kB
Private_Dirty:         0 kB
Referenced:            4 kB
Swap:                 16 kB
KernelPageSize:        4 kB
MMUPageSize:           4 kB
7fbb7b7a5000-7fbb7b7ef000 r-xp 00000000 08:08 98413                      /usr/lib/libboost_program_options.so.1.40.0
Size:                296 kB
Rss:                   4 kB
Pss:                   4 kB
Shared_Clean:          0 kB
Shared_Dirty:          0 kB
Private_Clean:         4 kB
Private_Dirty:         0 kB
Referenced:            0 kB
Swap:                  0 kB
KernelPageSize:        4 kB
MMUPageSize:           4 kB
7fbb7b7ef000-7fbb7b9ee000 ---p 0004a000 08:08 98413                      /usr/lib/libboost_program_options.so.1.40.0
Size:               2044 kB
Rss:                   0 kB
Pss:                   0 kB
Shared_Clean:          0 kB
Shared_Dirty:          0 kB
Private_Clean:         0 kB
Private_Dirty:         0 kB
Referenced:            0 kB
Swap:                  0 kB
KernelPageSize:        4 kB
MMUPageSize:           4 kB
7fbb7b9ee000-7fbb7b9f2000 rw-p 00049000 08:08 98413                      /usr/lib/libboost_program_options.so.1.40.0
Size:                 16 kB
Rss:                   4 kB
Pss:                   4 kB
Shared_Clean:          0 kB
Shared_Dirty:          0 kB
Private_Clean:         4 kB
Private_Dirty:         0 kB
Referenced:            0 kB
Swap:                 12 kB
KernelPageSize:        4 kB
MMUPageSize:           4 kB
7fbb7b9f2000-7fbb7b9f5000 r-xp 00000000 08:08 98401                      /usr/lib/libboost_system.so.1.40.0
Size:                 12 kB
Rss:                   4 kB
Pss:                   4 kB
Shared_Clean:          0 kB
Shared_Dirty:          0 kB
Private_Clean:         4 kB
Private_Dirty:         0 kB
Referenced:            0 kB
Swap:                  0 kB
KernelPageSize:        4 kB
MMUPageSize:           4 kB
7fbb7b9f5000-7fbb7bbf4000 ---p 00003000 08:08 98401                      /usr/lib/libboost_system.so.1.40.0
Size:               2044 kB
Rss:                   0 kB
Pss:                   0 kB
Shared_Clean:          0 kB
Shared_Dirty:          0 kB
Private_Clean:         0 kB
Private_Dirty:         0 kB
Referenced:            0 kB
Swap:                  0 kB
KernelPageSize:        4 kB
MMUPageSize:           4 kB
7fbb7bbf4000-7fbb7bbf5000 rw-p 00002000 08:08 98401                      /usr/lib/libboost_system.so.1.40.0
Size:                  4 kB
Rss:                   4 kB
Pss:                   4 kB
Shared_Clean:          0 kB
Shared_Dirty:          0 kB
Private_Clean:         4 kB
Private_Dirty:         0 kB
Referenced:            0 kB
Swap:                  0 kB
KernelPageSize:        4 kB
MMUPageSize:           4 kB
7fbb7bbf5000-7fbb7bcdf000 r-xp 00000000 08:08 98494                      /usr/lib/libboost_regex.so.1.40.0
Size:                936 kB
Rss:                   4 kB
Pss:                   4 kB
Shared_Clean:          0 kB
Shared_Dirty:          0 kB
Private_Clean:         4 kB
Private_Dirty:         0 kB
Referenced:            0 kB
Swap:                  0 kB
KernelPageSize:        4 kB
MMUPageSize:           4 kB
7fbb7bcdf000-7fbb7bede000 ---p 000ea000 08:08 98494                      /usr/lib/libboost_regex.so.1.40.0
Size:               2044 kB
Rss:                   0 kB
Pss:                   0 kB
Shared_Clean:          0 kB
Shared_Dirty:          0 kB
Private_Clean:         0 kB
Private_Dirty:         0 kB
Referenced:            0 kB
Swap:                  0 kB
KernelPageSize:        4 kB
MMUPageSize:           4 kB
7fbb7bede000-7fbb7bee5000 rw-p 000e9000 08:08 98494                      /usr/lib/libboost_regex.so.1.40.0
Size:                 28 kB
Rss:                   4 kB
Pss:                   4 kB
Shared_Clean:          0 kB
Shared_Dirty:          0 kB
Private_Clean:         4 kB
Private_Dirty:         0 kB
Referenced:            4 kB
Swap:                 24 kB
KernelPageSize:        4 kB
MMUPageSize:           4 kB
7fbb7bee5000-7fbb7bef9000 r-xp 00000000 08:08 98317                      /usr/lib/libboost_thread.so.1.40.0
Size:                 80 kB
Rss:                   4 kB
Pss:                   4 kB
Shared_Clean:          0 kB
Shared_Dirty:          0 kB
Private_Clean:         4 kB
Private_Dirty:         0 kB
Referenced:            0 kB
Swap:                  0 kB
KernelPageSize:        4 kB
MMUPageSize:           4 kB
7fbb7bef9000-7fbb7c0f9000 ---p 00014000 08:08 98317                      /usr/lib/libboost_thread.so.1.40.0
Size:               2048 kB
Rss:                   0 kB
Pss:                   0 kB
Shared_Clean:          0 kB
Shared_Dirty:          0 kB
Private_Clean:         0 kB
Private_Dirty:         0 kB
Referenced:            0 kB
Swap:                  0 kB
KernelPageSize:        4 kB
MMUPageSize:           4 kB
7fbb7c0f9000-7fbb7c0fb000 rw-p 00014000 08:08 98317                      /usr/lib/libboost_thread.so.1.40.0
Size:                  8 kB
Rss:                   4 kB
Pss:                   4 kB
Shared_Clean:          0 kB
Shared_Dirty:          0 kB
Private_Clean:         4 kB
Private_Dirty:         0 kB
Referenced:            4 kB
Swap:                  4 kB
KernelPageSize:        4 kB
MMUPageSize:           4 kB
7fbb7c0fb000-7fbb7c254000 r-xp 00000000 08:09 65769                      /scratch/bluesky.git/kvstore/libkvclient.so
Size:               1380 kB
Rss:                   4 kB
Pss:                   4 kB
Shared_Clean:          0 kB
Shared_Dirty:          0 kB
Private_Clean:         4 kB
Private_Dirty:         0 kB
Referenced:            0 kB
Swap:                  0 kB
KernelPageSize:        4 kB
MMUPageSize:           4 kB
7fbb7c254000-7fbb7c454000 ---p 00159000 08:09 65769                      /scratch/bluesky.git/kvstore/libkvclient.so
Size:               2048 kB
Rss:                   0 kB
Pss:                   0 kB
Shared_Clean:          0 kB
Shared_Dirty:          0 kB
Private_Clean:         0 kB
Private_Dirty:         0 kB
Referenced:            0 kB
Swap:                  0 kB
KernelPageSize:        4 kB
MMUPageSize:           4 kB
7fbb7c454000-7fbb7c45e000 rw-p 00159000 08:09 65769                      /scratch/bluesky.git/kvstore/libkvclient.so
Size:                 40 kB
Rss:                   4 kB
Pss:                   4 kB
Shared_Clean:          0 kB
Shared_Dirty:          0 kB
Private_Clean:         4 kB
Private_Dirty:         0 kB
Referenced:            4 kB
Swap:                 36 kB
KernelPageSize:        4 kB
MMUPageSize:           4 kB
7fbb7c45e000-7fbb7c46e000 r-xp 00000000 08:09 65590                      /scratch/bluesky.git/libs3-1.4/build/lib/libs3.so.1
Size:                 64 kB
Rss:                  60 kB
Pss:                  60 kB
Shared_Clean:          0 kB
Shared_Dirty:          0 kB
Private_Clean:        60 kB
Private_Dirty:         0 kB
Referenced:           56 kB
Swap:                  0 kB
KernelPageSize:        4 kB
MMUPageSize:           4 kB
7fbb7c46e000-7fbb7c66e000 ---p 00010000 08:09 65590                      /scratch/bluesky.git/libs3-1.4/build/lib/libs3.so.1
Size:               2048 kB
Rss:                   0 kB
Pss:                   0 kB
Shared_Clean:          0 kB
Shared_Dirty:          0 kB
Private_Clean:         0 kB
Private_Dirty:         0 kB
Referenced:            0 kB
Swap:                  0 kB
KernelPageSize:        4 kB
MMUPageSize:           4 kB
7fbb7c66e000-7fbb7c66f000 rw-p 00010000 08:09 65590                      /scratch/bluesky.git/libs3-1.4/build/lib/libs3.so.1
Size:                  4 kB
Rss:                   4 kB
Pss:                   4 kB
Shared_Clean:          0 kB
Shared_Dirty:          0 kB
Private_Clean:         0 kB
Private_Dirty:         4 kB
Referenced:            4 kB
Swap:                  0 kB
KernelPageSize:        4 kB
MMUPageSize:           4 kB
7fbb7c66f000-7fbb7c6e3000 r-xp 00000000 08:08 98726                      /usr/lib/libgcrypt.so.11.5.3
Size:                464 kB
Rss:                 112 kB
Pss:                  60 kB
Shared_Clean:        104 kB
Shared_Dirty:          0 kB
Private_Clean:         8 kB
Private_Dirty:         0 kB
Referenced:          112 kB
Swap:                  0 kB
KernelPageSize:        4 kB
MMUPageSize:           4 kB
7fbb7c6e3000-7fbb7c8e3000 ---p 00074000 08:08 98726                      /usr/lib/libgcrypt.so.11.5.3
Size:               2048 kB
Rss:                   0 kB
Pss:                   0 kB
Shared_Clean:          0 kB
Shared_Dirty:          0 kB
Private_Clean:         0 kB
Private_Dirty:         0 kB
Referenced:            0 kB
Swap:                  0 kB
KernelPageSize:        4 kB
MMUPageSize:           4 kB
7fbb7c8e3000-7fbb7c8e7000 rw-p 00074000 08:08 98726                      /usr/lib/libgcrypt.so.11.5.3
Size:                 16 kB
Rss:                  16 kB
Pss:                  16 kB
Shared_Clean:          0 kB
Shared_Dirty:          0 kB
Private_Clean:         8 kB
Private_Dirty:         8 kB
Referenced:           16 kB
Swap:                  0 kB
KernelPageSize:        4 kB
MMUPageSize:           4 kB
7fbb7c8e7000-7fbb7c9ac000 r-xp 00000000 08:01 32239                      /lib/libglib-2.0.so.0.2200.4
Size:                788 kB
Rss:                 260 kB
Pss:                 260 kB
Shared_Clean:          0 kB
Shared_Dirty:          0 kB
Private_Clean:       260 kB
Private_Dirty:         0 kB
Referenced:          204 kB
Swap:                  0 kB
KernelPageSize:        4 kB
MMUPageSize:           4 kB
7fbb7c9ac000-7fbb7cbab000 ---p 000c5000 08:01 32239                      /lib/libglib-2.0.so.0.2200.4
Size:               2044 kB
Rss:                   0 kB
Pss:                   0 kB
Shared_Clean:          0 kB
Shared_Dirty:          0 kB
Private_Clean:         0 kB
Private_Dirty:         0 kB
Referenced:            0 kB
Swap:                  0 kB
KernelPageSize:        4 kB
MMUPageSize:           4 kB
7fbb7cbab000-7fbb7cbad000 rw-p 000c4000 08:01 32239                      /lib/libglib-2.0.so.0.2200.4
Size:                  8 kB
Rss:                   8 kB
Pss:                   8 kB
Shared_Clean:          0 kB
Shared_Dirty:          0 kB
Private_Clean:         0 kB
Private_Dirty:         8 kB
Referenced:            8 kB
Swap:                  0 kB
KernelPageSize:        4 kB
MMUPageSize:           4 kB
7fbb7cbad000-7fbb7cbb4000 r-xp 00000000 08:01 32177                      /lib/librt-2.11.2.so
Size:                 28 kB
Rss:                   8 kB
Pss:                   5 kB
Shared_Clean:          4 kB
Shared_Dirty:          0 kB
Private_Clean:         4 kB
Private_Dirty:         0 kB
Referenced:            8 kB
Swap:                  0 kB
KernelPageSize:        4 kB
MMUPageSize:           4 kB
7fbb7cbb4000-7fbb7cdb3000 ---p 00007000 08:01 32177                      /lib/librt-2.11.2.so
Size:               2044 kB
Rss:                   0 kB
Pss:                   0 kB
Shared_Clean:          0 kB
Shared_Dirty:          0 kB
Private_Clean:         0 kB
Private_Dirty:         0 kB
Referenced:            0 kB
Swap:                  0 kB
KernelPageSize:        4 kB
MMUPageSize:           4 kB
7fbb7cdb3000-7fbb7cdb4000 r--p 00006000 08:01 32177                      /lib/librt-2.11.2.so
Size:                  4 kB
Rss:                   4 kB
Pss:                   4 kB
Shared_Clean:          0 kB
Shared_Dirty:          0 kB
Private_Clean:         0 kB
Private_Dirty:         4 kB
Referenced:            4 kB
Swap:                  0 kB
KernelPageSize:        4 kB
MMUPageSize:           4 kB
7fbb7cdb4000-7fbb7cdb5000 rw-p 00007000 08:01 32177                      /lib/librt-2.11.2.so
Size:                  4 kB
Rss:                   0 kB
Pss:                   0 kB
Shared_Clean:          0 kB
Shared_Dirty:          0 kB
Private_Clean:         0 kB
Private_Dirty:         0 kB
Referenced:            0 kB
Swap:                  4 kB
KernelPageSize:        4 kB
MMUPageSize:           4 kB
7fbb7cdb5000-7fbb7cdb9000 r-xp 00000000 08:08 98866                      /usr/lib/libgthread-2.0.so.0.2200.4
Size:                 16 kB
Rss:                  12 kB
Pss:                  12 kB
Shared_Clean:          0 kB
Shared_Dirty:          0 kB
Private_Clean:        12 kB
Private_Dirty:         0 kB
Referenced:            8 kB
Swap:                  0 kB
KernelPageSize:        4 kB
MMUPageSize:           4 kB
7fbb7cdb9000-7fbb7cfb8000 ---p 00004000 08:08 98866                      /usr/lib/libgthread-2.0.so.0.2200.4
Size:               2044 kB
Rss:                   0 kB
Pss:                   0 kB
Shared_Clean:          0 kB
Shared_Dirty:          0 kB
Private_Clean:         0 kB
Private_Dirty:         0 kB
Referenced:            0 kB
Swap:                  0 kB
KernelPageSize:        4 kB
MMUPageSize:           4 kB
7fbb7cfb8000-7fbb7cfb9000 rw-p 00003000 08:08 98866                      /usr/lib/libgthread-2.0.so.0.2200.4
Size:                  4 kB
Rss:                   4 kB
Pss:                   4 kB
Shared_Clean:          0 kB
Shared_Dirty:          0 kB
Private_Clean:         0 kB
Private_Dirty:         4 kB
Referenced:            4 kB
Swap:                  0 kB
KernelPageSize:        4 kB
MMUPageSize:           4 kB
7fbb7cfb9000-7fbb7cfe5000 r-xp 00000000 08:09 65574                      /scratch/bluesky.git/bluesky/libbluesky.so
Size:                176 kB
Rss:                  84 kB
Pss:                  84 kB
Shared_Clean:          0 kB
Shared_Dirty:          0 kB
Private_Clean:        84 kB
Private_Dirty:         0 kB
Referenced:           80 kB
Swap:                  0 kB
KernelPageSize:        4 kB
MMUPageSize:           4 kB
7fbb7cfe5000-7fbb7d1e5000 ---p 0002c000 08:09 65574                      /scratch/bluesky.git/bluesky/libbluesky.so
Size:               2048 kB
Rss:                   0 kB
Pss:                   0 kB
Shared_Clean:          0 kB
Shared_Dirty:          0 kB
Private_Clean:         0 kB
Private_Dirty:         0 kB
Referenced:            0 kB
Swap:                  0 kB
KernelPageSize:        4 kB
MMUPageSize:           4 kB
7fbb7d1e5000-7fbb7d1e7000 rw-p 0002c000 08:09 65574                      /scratch/bluesky.git/bluesky/libbluesky.so
Size:                  8 kB
Rss:                   8 kB
Pss:                   8 kB
Shared_Clean:          0 kB
Shared_Dirty:          0 kB
Private_Clean:         0 kB
Private_Dirty:         8 kB
Referenced:            8 kB
Swap:                  0 kB
KernelPageSize:        4 kB
MMUPageSize:           4 kB
7fbb7d1e7000-7fbb7d205000 r-xp 00000000 08:01 32190                      /lib/ld-2.11.2.so
Size:                120 kB
Rss:                  68 kB
Pss:                  22 kB
Shared_Clean:         68 kB
Shared_Dirty:          0 kB
Private_Clean:         0 kB
Private_Dirty:         0 kB
Referenced:           68 kB
Swap:                  0 kB
KernelPageSize:        4 kB
MMUPageSize:           4 kB
7fbb7d3e7000-7fbb7d3fb000 rw-p 00000000 00:00 0 
Size:                 80 kB
Rss:                  44 kB
Pss:                  44 kB
Shared_Clean:          0 kB
Shared_Dirty:          0 kB
Private_Clean:        36 kB
Private_Dirty:         8 kB
Referenced:           36 kB
Swap:                 36 kB
KernelPageSize:        4 kB
MMUPageSize:           4 kB
7fbb7d3fb000-7fbb7d402000 r--s 00000000 08:08 99105                      /usr/lib/gconv/gconv-modules.cache
Size:                 28 kB
Rss:                  24 kB
Pss:                  24 kB
Shared_Clean:          0 kB
Shared_Dirty:          0 kB
Private_Clean:        24 kB
Private_Dirty:         0 kB
Referenced:           24 kB
Swap:                  0 kB
KernelPageSize:        4 kB
MMUPageSize:           4 kB
7fbb7d402000-7fbb7d404000 rw-p 00000000 00:00 0 
Size:                  8 kB
Rss:                   4 kB
Pss:                   4 kB
Shared_Clean:          0 kB
Shared_Dirty:          0 kB
Private_Clean:         4 kB
Private_Dirty:         0 kB
Referenced:            0 kB
Swap:                  4 kB
KernelPageSize:        4 kB
MMUPageSize:           4 kB
7fbb7d404000-7fbb7d405000 r--p 0001d000 08:01 32190                      /lib/ld-2.11.2.so
Size:                  4 kB
Rss:                   4 kB
Pss:                   4 kB
Shared_Clean:          0 kB
Shared_Dirty:          0 kB
Private_Clean:         4 kB
Private_Dirty:         0 kB
Referenced:            4 kB
Swap:                  0 kB
KernelPageSize:        4 kB
MMUPageSize:           4 kB
7fbb7d405000-7fbb7d406000 rw-p 0001e000 08:01 32190                      /lib/ld-2.11.2.so
Size:                  4 kB
Rss:                   4 kB
Pss:                   4 kB
Shared_Clean:          0 kB
Shared_Dirty:          0 kB
Private_Clean:         0 kB
Private_Dirty:         4 kB
Referenced:            4 kB
Swap:                  0 kB
KernelPageSize:        4 kB
MMUPageSize:           4 kB
7fbb7d406000-7fbb7d407000 rw-p 00000000 00:00 0 
