00400000-00412000 r-xp 00000000 08:09 65803                              /scratch/bluesky.git/nfs3/nfsproxy
Size:                 72 kB
Rss:                  28 kB
Pss:                  28 kB
Shared_Clean:          0 kB
Shared_Dirty:          0 kB
Private_Clean:        28 kB
Private_Dirty:         0 kB
Referenced:            8 kB
Swap:                  0 kB
KernelPageSize:        4 kB
MMUPageSize:           4 kB
00611000-00612000 rw-p 00011000 08:09 65803                              /scratch/bluesky.git/nfs3/nfsproxy
Size:                  4 kB
Rss:                   4 kB
Pss:                   4 kB
Shared_Clean:          0 kB
Shared_Dirty:          0 kB
Private_Clean:         0 kB
Private_Dirty:         4 kB
Referenced:            4 kB
Swap:                  0 kB
KernelPageSize:        4 kB
MMUPageSize:           4 kB
012a9000-306b4000 rw-p 00000000 00:00 0                                  [heap]
Size:             774188 kB
Rss:              720008 kB
Pss:              720008 kB
Shared_Clean:          0 kB
Shared_Dirty:          0 kB
Private_Clean:     43636 kB
Private_Dirty:    676372 kB
Referenced:       705068 kB
Swap:              54088 kB
KernelPageSize:        4 kB
MMUPageSize:           4 kB
7f8fc8000000-7f8fcb801000 rw-p 00000000 00:00 0 
Size:              57348 kB
Rss:               24860 kB
Pss:               24860 kB
Shared_Clean:          0 kB
Shared_Dirty:          0 kB
Private_Clean:         0 kB
Private_Dirty:     24860 kB
Referenced:        17068 kB
Swap:               3992 kB
KernelPageSize:        4 kB
MMUPageSize:           4 kB
7f8fcb801000-7f8fcc000000 ---p 00000000 00:00 0 
Size:               8188 kB
Rss:                   0 kB
Pss:                   0 kB
Shared_Clean:          0 kB
Shared_Dirty:          0 kB
Private_Clean:         0 kB
Private_Dirty:         0 kB
Referenced:            0 kB
Swap:                  0 kB
KernelPageSize:        4 kB
MMUPageSize:           4 kB
7f8fe0000000-7f8fe3c02000 rw-p 00000000 00:00 0 
Size:              61448 kB
Rss:               55456 kB
Pss:               55456 kB
Shared_Clean:          0 kB
Shared_Dirty:          0 kB
Private_Clean:      2000 kB
Private_Dirty:     53456 kB
Referenced:        53344 kB
Swap:               5992 kB
KernelPageSize:        4 kB
MMUPageSize:           4 kB
7f8fe3c02000-7f8fe4000000 ---p 00000000 00:00 0 
Size:               4088 kB
Rss:                   0 kB
Pss:                   0 kB
Shared_Clean:          0 kB
Shared_Dirty:          0 kB
Private_Clean:         0 kB
Private_Dirty:         0 kB
Referenced:            0 kB
Swap:                  0 kB
KernelPageSize:        4 kB
MMUPageSize:           4 kB
7f8fe8000000-7f8feb801000 rw-p 00000000 00:00 0 
Size:              57348 kB
Rss:               20448 kB
Pss:               20448 kB
Shared_Clean:          0 kB
Shared_Dirty:          0 kB
Private_Clean:         0 kB
Private_Dirty:     20448 kB
Referenced:         4496 kB
Swap:               8428 kB
KernelPageSize:        4 kB
MMUPageSize:           4 kB
7f8feb801000-7f8fec000000 ---p 00000000 00:00 0 
Size:               8188 kB
Rss:                   0 kB
Pss:                   0 kB
Shared_Clean:          0 kB
Shared_Dirty:          0 kB
Private_Clean:         0 kB
Private_Dirty:         0 kB
Referenced:            0 kB
Swap:                  0 kB
KernelPageSize:        4 kB
MMUPageSize:           4 kB
7f8fec000000-7f8fef801000 rw-p 00000000 00:00 0 
Size:              57348 kB
Rss:               21160 kB
Pss:               21160 kB
Shared_Clean:          0 kB
Shared_Dirty:          0 kB
Private_Clean:         0 kB
Private_Dirty:     21160 kB
Referenced:         7788 kB
Swap:               7740 kB
KernelPageSize:        4 kB
MMUPageSize:           4 kB
7f8fef801000-7f8ff0000000 ---p 00000000 00:00 0 
Size:               8188 kB
Rss:                   0 kB
Pss:                   0 kB
Shared_Clean:          0 kB
Shared_Dirty:          0 kB
Private_Clean:         0 kB
Private_Dirty:         0 kB
Referenced:            0 kB
Swap:                  0 kB
KernelPageSize:        4 kB
MMUPageSize:           4 kB
7f8ff0000000-7f8ff3c01000 rw-p 00000000 00:00 0 
Size:              61444 kB
Rss:               51576 kB
Pss:               51576 kB
Shared_Clean:          0 kB
Shared_Dirty:          0 kB
Private_Clean:       844 kB
Private_Dirty:     50732 kB
Referenced:        45568 kB
Swap:               8716 kB
KernelPageSize:        4 kB
MMUPageSize:           4 kB
7f8ff3c01000-7f8ff4000000 ---p 00000000 00:00 0 
Size:               4092 kB
Rss:                   0 kB
Pss:                   0 kB
Shared_Clean:          0 kB
Shared_Dirty:          0 kB
Private_Clean:         0 kB
Private_Dirty:         0 kB
Referenced:            0 kB
Swap:                  0 kB
KernelPageSize:        4 kB
MMUPageSize:           4 kB
7f90a8000000-7f90ab801000 rw-p 00000000 00:00 0 
Size:              57348 kB
Rss:               22968 kB
Pss:               22968 kB
Shared_Clean:          0 kB
Shared_Dirty:          0 kB
Private_Clean:         0 kB
Private_Dirty:     22968 kB
Referenced:         7480 kB
Swap:               5940 kB
KernelPageSize:        4 kB
MMUPageSize:           4 kB
7f90ab801000-7f90ac000000 ---p 00000000 00:00 0 
Size:               8188 kB
Rss:                   0 kB
Pss:                   0 kB
Shared_Clean:          0 kB
Shared_Dirty:          0 kB
Private_Clean:         0 kB
Private_Dirty:         0 kB
Referenced:            0 kB
Swap:                  0 kB
KernelPageSize:        4 kB
MMUPageSize:           4 kB
7f91a4000000-7f91a7801000 rw-p 00000000 00:00 0 
Size:              57348 kB
Rss:               51972 kB
Pss:               51972 kB
Shared_Clean:          0 kB
Shared_Dirty:          0 kB
Private_Clean:       592 kB
Private_Dirty:     51380 kB
Referenced:        45364 kB
Swap:               5376 kB
KernelPageSize:        4 kB
MMUPageSize:           4 kB
7f91a7801000-7f91a8000000 ---p 00000000 00:00 0 
Size:               8188 kB
Rss:                   0 kB
Pss:                   0 kB
Shared_Clean:          0 kB
Shared_Dirty:          0 kB
Private_Clean:         0 kB
Private_Dirty:         0 kB
Referenced:            0 kB
Swap:                  0 kB
KernelPageSize:        4 kB
MMUPageSize:           4 kB
7f9254000000-7f9257801000 rw-p 00000000 00:00 0 
Size:              57348 kB
Rss:               26528 kB
Pss:               26528 kB
Shared_Clean:          0 kB
Shared_Dirty:          0 kB
Private_Clean:         0 kB
Private_Dirty:     26528 kB
Referenced:        16264 kB
Swap:               2556 kB
KernelPageSize:        4 kB
MMUPageSize:           4 kB
7f9257801000-7f9258000000 ---p 00000000 00:00 0 
Size:               8188 kB
Rss:                   0 kB
Pss:                   0 kB
Shared_Clean:          0 kB
Shared_Dirty:          0 kB
Private_Clean:         0 kB
Private_Dirty:         0 kB
Referenced:            0 kB
Swap:                  0 kB
KernelPageSize:        4 kB
MMUPageSize:           4 kB
7f925c000000-7f925ff7f000 rw-p 00000000 00:00 0 
Size:              65020 kB
Rss:               31272 kB
Pss:               31272 kB
Shared_Clean:          0 kB
Shared_Dirty:          0 kB
Private_Clean:       104 kB
Private_Dirty:     31168 kB
Referenced:        10632 kB
Swap:               5496 kB
KernelPageSize:        4 kB
MMUPageSize:           4 kB
7f925ff7f000-7f9260000000 ---p 00000000 00:00 0 
Size:                516 kB
Rss:                   0 kB
Pss:                   0 kB
Shared_Clean:          0 kB
Shared_Dirty:          0 kB
Private_Clean:         0 kB
Private_Dirty:         0 kB
Referenced:            0 kB
Swap:                  0 kB
KernelPageSize:        4 kB
MMUPageSize:           4 kB
7f9274000000-7f9277c01000 rw-p 00000000 00:00 0 
Size:              61444 kB
Rss:               12024 kB
Pss:               12024 kB
Shared_Clean:          0 kB
Shared_Dirty:          0 kB
Private_Clean:         0 kB
Private_Dirty:     12024 kB
Referenced:         1380 kB
Swap:              22712 kB
KernelPageSize:        4 kB
MMUPageSize:           4 kB
7f9277c01000-7f9278000000 ---p 00000000 00:00 0 
Size:               4092 kB
Rss:                   0 kB
Pss:                   0 kB
Shared_Clean:          0 kB
Shared_Dirty:          0 kB
Private_Clean:         0 kB
Private_Dirty:         0 kB
Referenced:            0 kB
Swap:                  0 kB
KernelPageSize:        4 kB
MMUPageSize:           4 kB
7f92a4000000-7f92a7801000 rw-p 00000000 00:00 0 
Size:              57348 kB
Rss:               39780 kB
Pss:               39780 kB
Shared_Clean:          0 kB
Shared_Dirty:          0 kB
Private_Clean:       124 kB
Private_Dirty:     39656 kB
Referenced:        27152 kB
Swap:              14216 kB
KernelPageSize:        4 kB
MMUPageSize:           4 kB
7f92a7801000-7f92a8000000 ---p 00000000 00:00 0 
Size:               8188 kB
Rss:                   0 kB
Pss:                   0 kB
Shared_Clean:          0 kB
Shared_Dirty:          0 kB
Private_Clean:         0 kB
Private_Dirty:         0 kB
Referenced:            0 kB
Swap:                  0 kB
KernelPageSize:        4 kB
MMUPageSize:           4 kB
7f92ac000000-7f92af801000 rw-p 00000000 00:00 0 
Size:              57348 kB
Rss:               53936 kB
Pss:               53936 kB
Shared_Clean:          0 kB
Shared_Dirty:          0 kB
Private_Clean:       824 kB
Private_Dirty:     53112 kB
Referenced:        50808 kB
Swap:               3408 kB
KernelPageSize:        4 kB
MMUPageSize:           4 kB
7f92af801000-7f92b0000000 ---p 00000000 00:00 0 
Size:               8188 kB
Rss:                   0 kB
Pss:                   0 kB
Shared_Clean:          0 kB
Shared_Dirty:          0 kB
Private_Clean:         0 kB
Private_Dirty:         0 kB
Referenced:            0 kB
Swap:                  0 kB
KernelPageSize:        4 kB
MMUPageSize:           4 kB
7f92b0000000-7f92b3801000 rw-p 00000000 00:00 0 
Size:              57348 kB
Rss:               23516 kB
Pss:               23516 kB
Shared_Clean:          0 kB
Shared_Dirty:          0 kB
Private_Clean:         0 kB
Private_Dirty:     23516 kB
Referenced:        13024 kB
Swap:               5244 kB
KernelPageSize:        4 kB
MMUPageSize:           4 kB
7f92b3801000-7f92b4000000 ---p 00000000 00:00 0 
Size:               8188 kB
Rss:                   0 kB
Pss:                   0 kB
Shared_Clean:          0 kB
Shared_Dirty:          0 kB
Private_Clean:         0 kB
Private_Dirty:         0 kB
Referenced:            0 kB
Swap:                  0 kB
KernelPageSize:        4 kB
MMUPageSize:           4 kB
7f92b8000000-7f92bb801000 rw-p 00000000 00:00 0 
Size:              57348 kB
Rss:               25160 kB
Pss:               25160 kB
Shared_Clean:          0 kB
Shared_Dirty:          0 kB
Private_Clean:         0 kB
Private_Dirty:     25160 kB
Referenced:        13044 kB
Swap:               6328 kB
KernelPageSize:        4 kB
MMUPageSize:           4 kB
7f92bb801000-7f92bc000000 ---p 00000000 00:00 0 
Size:               8188 kB
Rss:                   0 kB
Pss:                   0 kB
Shared_Clean:          0 kB
Shared_Dirty:          0 kB
Private_Clean:         0 kB
Private_Dirty:         0 kB
Referenced:            0 kB
Swap:                  0 kB
KernelPageSize:        4 kB
MMUPageSize:           4 kB
7f92c3fff000-7f92d0000000 rw-p 00000000 00:00 0 
Size:             196612 kB
Rss:              164160 kB
Pss:              164160 kB
Shared_Clean:          0 kB
Shared_Dirty:          0 kB
Private_Clean:       620 kB
Private_Dirty:    163540 kB
Referenced:       120256 kB
Swap:              32448 kB
KernelPageSize:        4 kB
MMUPageSize:           4 kB
7f9364000000-7f9367c01000 rw-p 00000000 00:00 0 
Size:              61444 kB
Rss:               21336 kB
Pss:               21336 kB
Shared_Clean:          0 kB
Shared_Dirty:          0 kB
Private_Clean:       244 kB
Private_Dirty:     21092 kB
Referenced:        11736 kB
Swap:              11904 kB
KernelPageSize:        4 kB
MMUPageSize:           4 kB
7f9367c01000-7f9368000000 ---p 00000000 00:00 0 
Size:               4092 kB
Rss:                   0 kB
Pss:                   0 kB
Shared_Clean:          0 kB
Shared_Dirty:          0 kB
Private_Clean:         0 kB
Private_Dirty:         0 kB
Referenced:            0 kB
Swap:                  0 kB
KernelPageSize:        4 kB
MMUPageSize:           4 kB
7f93cb4f8000-7f93cb4f9000 ---p 00000000 00:00 0 
Size:                  4 kB
Rss:                   0 kB
Pss:                   0 kB
Shared_Clean:          0 kB
Shared_Dirty:          0 kB
Private_Clean:         0 kB
Private_Dirty:         0 kB
Referenced:            0 kB
Swap:                  0 kB
KernelPageSize:        4 kB
MMUPageSize:           4 kB
7f93cb4f9000-7f93cbcf9000 rw-p 00000000 00:00 0 
Size:               8192 kB
Rss:                  20 kB
Pss:                  20 kB
Shared_Clean:          0 kB
Shared_Dirty:          0 kB
Private_Clean:         0 kB
Private_Dirty:        20 kB
Referenced:           20 kB
Swap:                  0 kB
KernelPageSize:        4 kB
MMUPageSize:           4 kB
7f93e8000000-7f93ec000000 rw-p 00000000 00:00 0 
Size:              65536 kB
Rss:               60428 kB
Pss:               60428 kB
Shared_Clean:          0 kB
Shared_Dirty:          0 kB
Private_Clean:      3616 kB
Private_Dirty:     56812 kB
Referenced:        59852 kB
Swap:               5104 kB
KernelPageSize:        4 kB
MMUPageSize:           4 kB
7f9429ef5000-7f9429ef6000 ---p 00000000 00:00 0 
Size:                  4 kB
Rss:                   0 kB
Pss:                   0 kB
Shared_Clean:          0 kB
Shared_Dirty:          0 kB
Private_Clean:         0 kB
Private_Dirty:         0 kB
Referenced:            0 kB
Swap:                  0 kB
KernelPageSize:        4 kB
MMUPageSize:           4 kB
7f9429ef6000-7f942a6f6000 rw-p 00000000 00:00 0 
Size:               8192 kB
Rss:                   8 kB
Pss:                   8 kB
Shared_Clean:          0 kB
Shared_Dirty:          0 kB
Private_Clean:         0 kB
Private_Dirty:         8 kB
Referenced:            8 kB
Swap:                  0 kB
KernelPageSize:        4 kB
MMUPageSize:           4 kB
7f943b3c1000-7f943b3c2000 ---p 00000000 00:00 0 
Size:                  4 kB
Rss:                   0 kB
Pss:                   0 kB
Shared_Clean:          0 kB
Shared_Dirty:          0 kB
Private_Clean:         0 kB
Private_Dirty:         0 kB
Referenced:            0 kB
Swap:                  0 kB
KernelPageSize:        4 kB
MMUPageSize:           4 kB
7f943b3c2000-7f943bbc2000 rw-p 00000000 00:00 0 
Size:               8192 kB
Rss:                   8 kB
Pss:                   8 kB
Shared_Clean:          0 kB
Shared_Dirty:          0 kB
Private_Clean:         0 kB
Private_Dirty:         8 kB
Referenced:            8 kB
Swap:                  0 kB
KernelPageSize:        4 kB
MMUPageSize:           4 kB
7f9534000000-7f9537c01000 rw-p 00000000 00:00 0 
Size:              61444 kB
Rss:               54944 kB
Pss:               54944 kB
Shared_Clean:          0 kB
Shared_Dirty:          0 kB
Private_Clean:       708 kB
Private_Dirty:     54236 kB
Referenced:        47788 kB
Swap:               6496 kB
KernelPageSize:        4 kB
MMUPageSize:           4 kB
7f9537c01000-7f9538000000 ---p 00000000 00:00 0 
Size:               4092 kB
Rss:                   0 kB
Pss:                   0 kB
Shared_Clean:          0 kB
Shared_Dirty:          0 kB
Private_Clean:         0 kB
Private_Dirty:         0 kB
Referenced:            0 kB
Swap:                  0 kB
KernelPageSize:        4 kB
MMUPageSize:           4 kB
7f9594000000-7f9597801000 rw-p 00000000 00:00 0 
Size:              57348 kB
Rss:               52668 kB
Pss:               52668 kB
Shared_Clean:          0 kB
Shared_Dirty:          0 kB
Private_Clean:      3984 kB
Private_Dirty:     48684 kB
Referenced:        52448 kB
Swap:               4672 kB
KernelPageSize:        4 kB
MMUPageSize:           4 kB
7f9597801000-7f9598000000 ---p 00000000 00:00 0 
Size:               8188 kB
Rss:                   0 kB
Pss:                   0 kB
Shared_Clean:          0 kB
Shared_Dirty:          0 kB
Private_Clean:         0 kB
Private_Dirty:         0 kB
Referenced:            0 kB
Swap:                  0 kB
KernelPageSize:        4 kB
MMUPageSize:           4 kB
7f959c000000-7f959fc02000 rw-p 00000000 00:00 0 
Size:              61448 kB
Rss:               56612 kB
Pss:               56612 kB
Shared_Clean:          0 kB
Shared_Dirty:          0 kB
Private_Clean:      3776 kB
Private_Dirty:     52836 kB
Referenced:        56404 kB
Swap:               4836 kB
KernelPageSize:        4 kB
MMUPageSize:           4 kB
7f959fc02000-7f95a0000000 ---p 00000000 00:00 0 
Size:               4088 kB
Rss:                   0 kB
Pss:                   0 kB
Shared_Clean:          0 kB
Shared_Dirty:          0 kB
Private_Clean:         0 kB
Private_Dirty:         0 kB
Referenced:            0 kB
Swap:                  0 kB
KernelPageSize:        4 kB
MMUPageSize:           4 kB
7f971c000000-7f971f801000 rw-p 00000000 00:00 0 
Size:              57348 kB
Rss:               51692 kB
Pss:               51692 kB
Shared_Clean:          0 kB
Shared_Dirty:          0 kB
Private_Clean:      4920 kB
Private_Dirty:     46772 kB
Referenced:        51500 kB
Swap:               5656 kB
KernelPageSize:        4 kB
MMUPageSize:           4 kB
7f971f801000-7f9720000000 ---p 00000000 00:00 0 
Size:               8188 kB
Rss:                   0 kB
Pss:                   0 kB
Shared_Clean:          0 kB
Shared_Dirty:          0 kB
Private_Clean:         0 kB
Private_Dirty:         0 kB
Referenced:            0 kB
Swap:                  0 kB
KernelPageSize:        4 kB
MMUPageSize:           4 kB
7f9720000000-7f9723801000 rw-p 00000000 00:00 0 
Size:              57348 kB
Rss:               52152 kB
Pss:               52152 kB
Shared_Clean:          0 kB
Shared_Dirty:          0 kB
Private_Clean:      4652 kB
Private_Dirty:     47500 kB
Referenced:        51976 kB
Swap:               5188 kB
KernelPageSize:        4 kB
MMUPageSize:           4 kB
7f9723801000-7f9724000000 ---p 00000000 00:00 0 
Size:               8188 kB
Rss:                   0 kB
Pss:                   0 kB
Shared_Clean:          0 kB
Shared_Dirty:          0 kB
Private_Clean:         0 kB
Private_Dirty:         0 kB
Referenced:            0 kB
Swap:                  0 kB
KernelPageSize:        4 kB
MMUPageSize:           4 kB
7f9738000000-7f973b801000 rw-p 00000000 00:00 0 
Size:              57348 kB
Rss:               50680 kB
Pss:               50680 kB
Shared_Clean:          0 kB
Shared_Dirty:          0 kB
Private_Clean:      2792 kB
Private_Dirty:     47888 kB
Referenced:        49788 kB
Swap:               6668 kB
KernelPageSize:        4 kB
MMUPageSize:           4 kB
7f973b801000-7f973c000000 ---p 00000000 00:00 0 
Size:               8188 kB
Rss:                   0 kB
Pss:                   0 kB
Shared_Clean:          0 kB
Shared_Dirty:          0 kB
Private_Clean:         0 kB
Private_Dirty:         0 kB
Referenced:            0 kB
Swap:                  0 kB
KernelPageSize:        4 kB
MMUPageSize:           4 kB
7f9784000000-7f9787ccc000 rw-p 00000000 00:00 0 
Size:              62256 kB
Rss:               57076 kB
Pss:               57076 kB
Shared_Clean:          0 kB
Shared_Dirty:          0 kB
Private_Clean:      3796 kB
Private_Dirty:     53280 kB
Referenced:        56772 kB
Swap:               5180 kB
KernelPageSize:        4 kB
MMUPageSize:           4 kB
7f9787ccc000-7f9788000000 ---p 00000000 00:00 0 
Size:               3280 kB
Rss:                   0 kB
Pss:                   0 kB
Shared_Clean:          0 kB
Shared_Dirty:          0 kB
Private_Clean:         0 kB
Private_Dirty:         0 kB
Referenced:            0 kB
Swap:                  0 kB
KernelPageSize:        4 kB
MMUPageSize:           4 kB
7f978c000000-7f978f809000 rw-p 00000000 00:00 0 
Size:              57380 kB
Rss:               52136 kB
Pss:               52136 kB
Shared_Clean:          0 kB
Shared_Dirty:          0 kB
Private_Clean:      3096 kB
Private_Dirty:     49040 kB
Referenced:        51908 kB
Swap:               5244 kB
KernelPageSize:        4 kB
MMUPageSize:           4 kB
7f978f809000-7f9790000000 ---p 00000000 00:00 0 
Size:               8156 kB
Rss:                   0 kB
Pss:                   0 kB
Shared_Clean:          0 kB
Shared_Dirty:          0 kB
Private_Clean:         0 kB
Private_Dirty:         0 kB
Referenced:            0 kB
Swap:                  0 kB
KernelPageSize:        4 kB
MMUPageSize:           4 kB
7f97b8000000-7f97bbe02000 rw-p 00000000 00:00 0 
Size:              63496 kB
Rss:               57144 kB
Pss:               57144 kB
Shared_Clean:          0 kB
Shared_Dirty:          0 kB
Private_Clean:      3464 kB
Private_Dirty:     53680 kB
Referenced:        56944 kB
Swap:               6352 kB
KernelPageSize:        4 kB
MMUPageSize:           4 kB
7f97bbe02000-7f97bc000000 ---p 00000000 00:00 0 
Size:               2040 kB
Rss:                   0 kB
Pss:                   0 kB
Shared_Clean:          0 kB
Shared_Dirty:          0 kB
Private_Clean:         0 kB
Private_Dirty:         0 kB
Referenced:            0 kB
Swap:                  0 kB
KernelPageSize:        4 kB
MMUPageSize:           4 kB
7f97c8000000-7f97cb801000 rw-p 00000000 00:00 0 
Size:              57348 kB
Rss:               51188 kB
Pss:               51188 kB
Shared_Clean:          0 kB
Shared_Dirty:          0 kB
Private_Clean:      4900 kB
Private_Dirty:     46288 kB
Referenced:        50940 kB
Swap:               6160 kB
KernelPageSize:        4 kB
MMUPageSize:           4 kB
7f97cb801000-7f97cc000000 ---p 00000000 00:00 0 
Size:               8188 kB
Rss:                   0 kB
Pss:                   0 kB
Shared_Clean:          0 kB
Shared_Dirty:          0 kB
Private_Clean:         0 kB
Private_Dirty:         0 kB
Referenced:            0 kB
Swap:                  0 kB
KernelPageSize:        4 kB
MMUPageSize:           4 kB
7f97d0000000-7f97d3801000 rw-p 00000000 00:00 0 
Size:              57348 kB
Rss:               51636 kB
Pss:               51636 kB
Shared_Clean:          0 kB
Shared_Dirty:          0 kB
Private_Clean:      4580 kB
Private_Dirty:     47056 kB
Referenced:        51444 kB
Swap:               5712 kB
KernelPageSize:        4 kB
MMUPageSize:           4 kB
7f97d3801000-7f97d4000000 ---p 00000000 00:00 0 
Size:               8188 kB
Rss:                   0 kB
Pss:                   0 kB
Shared_Clean:          0 kB
Shared_Dirty:          0 kB
Private_Clean:         0 kB
Private_Dirty:         0 kB
Referenced:            0 kB
Swap:                  0 kB
KernelPageSize:        4 kB
MMUPageSize:           4 kB
7f97d4000000-7f97d7c02000 rw-p 00000000 00:00 0 
Size:              61448 kB
Rss:               55324 kB
Pss:               55324 kB
Shared_Clean:          0 kB
Shared_Dirty:          0 kB
Private_Clean:      5220 kB
Private_Dirty:     50104 kB
Referenced:        55060 kB
Swap:               6124 kB
KernelPageSize:        4 kB
MMUPageSize:           4 kB
7f97d7c02000-7f97d8000000 ---p 00000000 00:00 0 
Size:               4088 kB
Rss:                   0 kB
Pss:                   0 kB
Shared_Clean:          0 kB
Shared_Dirty:          0 kB
Private_Clean:         0 kB
Private_Dirty:         0 kB
Referenced:            0 kB
Swap:                  0 kB
KernelPageSize:        4 kB
MMUPageSize:           4 kB
7f97dc000000-7f97dfc02000 rw-p 00000000 00:00 0 
Size:              61448 kB
Rss:               56476 kB
Pss:               56476 kB
Shared_Clean:          0 kB
Shared_Dirty:          0 kB
Private_Clean:      3724 kB
Private_Dirty:     52752 kB
Referenced:        56244 kB
Swap:               4964 kB
KernelPageSize:        4 kB
MMUPageSize:           4 kB
7f97dfc02000-7f97e0000000 ---p 00000000 00:00 0 
Size:               4088 kB
Rss:                   0 kB
Pss:                   0 kB
Shared_Clean:          0 kB
Shared_Dirty:          0 kB
Private_Clean:         0 kB
Private_Dirty:         0 kB
Referenced:            0 kB
Swap:                  0 kB
KernelPageSize:        4 kB
MMUPageSize:           4 kB
7f97e4000000-7f97e7bb1000 rw-p 00000000 00:00 0 
Size:              61124 kB
Rss:               54340 kB
Pss:               54340 kB
Shared_Clean:          0 kB
Shared_Dirty:          0 kB
Private_Clean:      5300 kB
Private_Dirty:     49040 kB
Referenced:        54108 kB
Swap:               6784 kB
KernelPageSize:        4 kB
MMUPageSize:           4 kB
7f97e7bb1000-7f97e8000000 ---p 00000000 00:00 0 
Size:               4412 kB
Rss:                   0 kB
Pss:                   0 kB
Shared_Clean:          0 kB
Shared_Dirty:          0 kB
Private_Clean:         0 kB
Private_Dirty:         0 kB
Referenced:            0 kB
Swap:                  0 kB
KernelPageSize:        4 kB
MMUPageSize:           4 kB
7f97ec000000-7f97efc02000 rw-p 00000000 00:00 0 
Size:              61448 kB
Rss:               53892 kB
Pss:               53892 kB
Shared_Clean:          0 kB
Shared_Dirty:          0 kB
Private_Clean:      3212 kB
Private_Dirty:     50680 kB
Referenced:        53348 kB
Swap:               7552 kB
KernelPageSize:        4 kB
MMUPageSize:           4 kB
7f97efc02000-7f97f0000000 ---p 00000000 00:00 0 
Size:               4088 kB
Rss:                   0 kB
Pss:                   0 kB
Shared_Clean:          0 kB
Shared_Dirty:          0 kB
Private_Clean:         0 kB
Private_Dirty:         0 kB
Referenced:            0 kB
Swap:                  0 kB
KernelPageSize:        4 kB
MMUPageSize:           4 kB
7f97f4000000-7f97f7eba000 rw-p 00000000 00:00 0 
Size:              64232 kB
Rss:               56372 kB
Pss:               56372 kB
Shared_Clean:          0 kB
Shared_Dirty:          0 kB
Private_Clean:      5284 kB
Private_Dirty:     51088 kB
Referenced:        56144 kB
Swap:               6324 kB
KernelPageSize:        4 kB
MMUPageSize:           4 kB
7f97f7eba000-7f97f8000000 ---p 00000000 00:00 0 
Size:               1304 kB
Rss:                   0 kB
Pss:                   0 kB
Shared_Clean:          0 kB
Shared_Dirty:          0 kB
Private_Clean:         0 kB
Private_Dirty:         0 kB
Referenced:            0 kB
Swap:                  0 kB
KernelPageSize:        4 kB
MMUPageSize:           4 kB
7f97fc000000-7f97ffc02000 rw-p 00000000 00:00 0 
Size:              61448 kB
Rss:               56384 kB
Pss:               56384 kB
Shared_Clean:          0 kB
Shared_Dirty:          0 kB
Private_Clean:      3680 kB
Private_Dirty:     52704 kB
Referenced:        56176 kB
Swap:               5064 kB
KernelPageSize:        4 kB
MMUPageSize:           4 kB
7f97ffc02000-7f9800000000 ---p 00000000 00:00 0 
Size:               4088 kB
Rss:                   0 kB
Pss:                   0 kB
Shared_Clean:          0 kB
Shared_Dirty:          0 kB
Private_Clean:         0 kB
Private_Dirty:         0 kB
Referenced:            0 kB
Swap:                  0 kB
KernelPageSize:        4 kB
MMUPageSize:           4 kB
7f9804000000-7f9807801000 rw-p 00000000 00:00 0 
Size:              57348 kB
Rss:               52280 kB
Pss:               52280 kB
Shared_Clean:          0 kB
Shared_Dirty:          0 kB
Private_Clean:      4872 kB
Private_Dirty:     47408 kB
Referenced:        52092 kB
Swap:               5068 kB
KernelPageSize:        4 kB
MMUPageSize:           4 kB
7f9807801000-7f9808000000 ---p 00000000 00:00 0 
Size:               8188 kB
Rss:                   0 kB
Pss:                   0 kB
Shared_Clean:          0 kB
Shared_Dirty:          0 kB
Private_Clean:         0 kB
Private_Dirty:         0 kB
Referenced:            0 kB
Swap:                  0 kB
KernelPageSize:        4 kB
MMUPageSize:           4 kB
7f9808000000-7f980b801000 rw-p 00000000 00:00 0 
Size:              57348 kB
Rss:               52400 kB
Pss:               52400 kB
Shared_Clean:          0 kB
Shared_Dirty:          0 kB
Private_Clean:      4332 kB
Private_Dirty:     48068 kB
Referenced:        52220 kB
Swap:               4948 kB
KernelPageSize:        4 kB
MMUPageSize:           4 kB
7f980b801000-7f980c000000 ---p 00000000 00:00 0 
Size:               8188 kB
Rss:                   0 kB
Pss:                   0 kB
Shared_Clean:          0 kB
Shared_Dirty:          0 kB
Private_Clean:         0 kB
Private_Dirty:         0 kB
Referenced:            0 kB
Swap:                  0 kB
KernelPageSize:        4 kB
MMUPageSize:           4 kB
7f980c000000-7f980f801000 rw-p 00000000 00:00 0 
Size:              57348 kB
Rss:               52532 kB
Pss:               52532 kB
Shared_Clean:          0 kB
Shared_Dirty:          0 kB
Private_Clean:      3672 kB
Private_Dirty:     48860 kB
Referenced:        52264 kB
Swap:               4812 kB
KernelPageSize:        4 kB
MMUPageSize:           4 kB
7f980f801000-7f9810000000 ---p 00000000 00:00 0 
Size:               8188 kB
Rss:                   0 kB
Pss:                   0 kB
Shared_Clean:          0 kB
Shared_Dirty:          0 kB
Private_Clean:         0 kB
Private_Dirty:         0 kB
Referenced:            0 kB
Swap:                  0 kB
KernelPageSize:        4 kB
MMUPageSize:           4 kB
7f9812fff000-7f9813000000 ---p 00000000 00:00 0 
Size:                  4 kB
Rss:                   0 kB
Pss:                   0 kB
Shared_Clean:          0 kB
Shared_Dirty:          0 kB
Private_Clean:         0 kB
Private_Dirty:         0 kB
Referenced:            0 kB
Swap:                  0 kB
KernelPageSize:        4 kB
MMUPageSize:           4 kB
7f9813000000-7f9813800000 rw-p 00000000 00:00 0 
Size:               8192 kB
Rss:                  20 kB
Pss:                  20 kB
Shared_Clean:          0 kB
Shared_Dirty:          0 kB
Private_Clean:         0 kB
Private_Dirty:        20 kB
Referenced:           20 kB
Swap:                  0 kB
KernelPageSize:        4 kB
MMUPageSize:           4 kB
7f9814000000-7f9817ffc000 rw-p 00000000 00:00 0 
Size:              65520 kB
Rss:               58660 kB
Pss:               58660 kB
Shared_Clean:          0 kB
Shared_Dirty:          0 kB
Private_Clean:      2492 kB
Private_Dirty:     56168 kB
Referenced:        56544 kB
Swap:               6860 kB
KernelPageSize:        4 kB
MMUPageSize:           4 kB
7f9817ffc000-7f9818000000 ---p 00000000 00:00 0 
Size:                 16 kB
Rss:                   0 kB
Pss:                   0 kB
Shared_Clean:          0 kB
Shared_Dirty:          0 kB
Private_Clean:         0 kB
Private_Dirty:         0 kB
Referenced:            0 kB
Swap:                  0 kB
KernelPageSize:        4 kB
MMUPageSize:           4 kB
7f981c000000-7f981fc02000 rw-p 00000000 00:00 0 
Size:              61448 kB
Rss:               55972 kB
Pss:               55972 kB
Shared_Clean:          0 kB
Shared_Dirty:          0 kB
Private_Clean:      3108 kB
Private_Dirty:     52864 kB
Referenced:        55728 kB
Swap:               5476 kB
KernelPageSize:        4 kB
MMUPageSize:           4 kB
7f981fc02000-7f9820000000 ---p 00000000 00:00 0 
Size:               4088 kB
Rss:                   0 kB
Pss:                   0 kB
Shared_Clean:          0 kB
Shared_Dirty:          0 kB
Private_Clean:         0 kB
Private_Dirty:         0 kB
Referenced:            0 kB
Swap:                  0 kB
KernelPageSize:        4 kB
MMUPageSize:           4 kB
7f9824000000-7f9827e02000 rw-p 00000000 00:00 0 
Size:              63496 kB
Rss:               56860 kB
Pss:               56860 kB
Shared_Clean:          0 kB
Shared_Dirty:          0 kB
Private_Clean:      1920 kB
Private_Dirty:     54940 kB
Referenced:        54744 kB
Swap:               4584 kB
KernelPageSize:        4 kB
MMUPageSize:           4 kB
7f9827e02000-7f9828000000 ---p 00000000 00:00 0 
Size:               2040 kB
Rss:                   0 kB
Pss:                   0 kB
Shared_Clean:          0 kB
Shared_Dirty:          0 kB
Private_Clean:         0 kB
Private_Dirty:         0 kB
Referenced:            0 kB
Swap:                  0 kB
KernelPageSize:        4 kB
MMUPageSize:           4 kB
7f982c000000-7f982fc02000 rw-p 00000000 00:00 0 
Size:              61448 kB
Rss:               56684 kB
Pss:               56684 kB
Shared_Clean:          0 kB
Shared_Dirty:          0 kB
Private_Clean:      3844 kB
Private_Dirty:     52840 kB
Referenced:        56456 kB
Swap:               4764 kB
KernelPageSize:        4 kB
MMUPageSize:           4 kB
7f982fc02000-7f9830000000 ---p 00000000 00:00 0 
Size:               4088 kB
Rss:                   0 kB
Pss:                   0 kB
Shared_Clean:          0 kB
Shared_Dirty:          0 kB
Private_Clean:         0 kB
Private_Dirty:         0 kB
Referenced:            0 kB
Swap:                  0 kB
KernelPageSize:        4 kB
MMUPageSize:           4 kB
7f9838000000-7f983b801000 rw-p 00000000 00:00 0 
Size:              57348 kB
Rss:               46316 kB
Pss:               46316 kB
Shared_Clean:          0 kB
Shared_Dirty:          0 kB
Private_Clean:      7024 kB
Private_Dirty:     39292 kB
Referenced:        43964 kB
Swap:              11028 kB
KernelPageSize:        4 kB
MMUPageSize:           4 kB
7f983b801000-7f983c000000 ---p 00000000 00:00 0 
Size:               8188 kB
Rss:                   0 kB
Pss:                   0 kB
Shared_Clean:          0 kB
Shared_Dirty:          0 kB
Private_Clean:         0 kB
Private_Dirty:         0 kB
Referenced:            0 kB
Swap:                  0 kB
KernelPageSize:        4 kB
MMUPageSize:           4 kB
7f9840000000-7f9843fba000 rw-p 00000000 00:00 0 
Size:              65256 kB
Rss:               59408 kB
Pss:               59408 kB
Shared_Clean:          0 kB
Shared_Dirty:          0 kB
Private_Clean:      4108 kB
Private_Dirty:     55300 kB
Referenced:        59188 kB
Swap:               5844 kB
KernelPageSize:        4 kB
MMUPageSize:           4 kB
7f9843fba000-7f9844000000 ---p 00000000 00:00 0 
Size:                280 kB
Rss:                   0 kB
Pss:                   0 kB
Shared_Clean:          0 kB
Shared_Dirty:          0 kB
Private_Clean:         0 kB
Private_Dirty:         0 kB
Referenced:            0 kB
Swap:                  0 kB
KernelPageSize:        4 kB
MMUPageSize:           4 kB
7f9844000000-7f9847c02000 rw-p 00000000 00:00 0 
Size:              61448 kB
Rss:               54180 kB
Pss:               54180 kB
Shared_Clean:          0 kB
Shared_Dirty:          0 kB
Private_Clean:      5372 kB
Private_Dirty:     48808 kB
Referenced:        53928 kB
Swap:               7268 kB
KernelPageSize:        4 kB
MMUPageSize:           4 kB
7f9847c02000-7f9848000000 ---p 00000000 00:00 0 
Size:               4088 kB
Rss:                   0 kB
Pss:                   0 kB
Shared_Clean:          0 kB
Shared_Dirty:          0 kB
Private_Clean:         0 kB
Private_Dirty:         0 kB
Referenced:            0 kB
Swap:                  0 kB
KernelPageSize:        4 kB
MMUPageSize:           4 kB
7f9850000000-7f9853801000 rw-p 00000000 00:00 0 
Size:              57348 kB
Rss:               51472 kB
Pss:               51472 kB
Shared_Clean:          0 kB
Shared_Dirty:          0 kB
Private_Clean:      2612 kB
Private_Dirty:     48860 kB
Referenced:        51080 kB
Swap:               5876 kB
KernelPageSize:        4 kB
MMUPageSize:           4 kB
7f9853801000-7f9854000000 ---p 00000000 00:00 0 
Size:               8188 kB
Rss:                   0 kB
Pss:                   0 kB
Shared_Clean:          0 kB
Shared_Dirty:          0 kB
Private_Clean:         0 kB
Private_Dirty:         0 kB
Referenced:            0 kB
Swap:                  0 kB
KernelPageSize:        4 kB
MMUPageSize:           4 kB
7f9858000000-7f985b801000 rw-p 00000000 00:00 0 
Size:              57348 kB
Rss:               53184 kB
Pss:               53184 kB
Shared_Clean:          0 kB
Shared_Dirty:          0 kB
Private_Clean:      4804 kB
Private_Dirty:     48380 kB
Referenced:        53044 kB
Swap:               4164 kB
KernelPageSize:        4 kB
MMUPageSize:           4 kB
7f985b801000-7f985c000000 ---p 00000000 00:00 0 
Size:               8188 kB
Rss:                   0 kB
Pss:                   0 kB
Shared_Clean:          0 kB
Shared_Dirty:          0 kB
Private_Clean:         0 kB
Private_Dirty:         0 kB
Referenced:            0 kB
Swap:                  0 kB
KernelPageSize:        4 kB
MMUPageSize:           4 kB
7f9860000000-7f9863c02000 rw-p 00000000 00:00 0 
Size:              61448 kB
Rss:               56908 kB
Pss:               56908 kB
Shared_Clean:          0 kB
Shared_Dirty:          0 kB
Private_Clean:      5100 kB
Private_Dirty:     51808 kB
Referenced:        56724 kB
Swap:               4540 kB
KernelPageSize:        4 kB
MMUPageSize:           4 kB
7f9863c02000-7f9864000000 ---p 00000000 00:00 0 
Size:               4088 kB
Rss:                   0 kB
Pss:                   0 kB
Shared_Clean:          0 kB
Shared_Dirty:          0 kB
Private_Clean:         0 kB
Private_Dirty:         0 kB
Referenced:            0 kB
Swap:                  0 kB
KernelPageSize:        4 kB
MMUPageSize:           4 kB
7f9868000000-7f986b801000 rw-p 00000000 00:00 0 
Size:              57348 kB
Rss:               50888 kB
Pss:               50888 kB
Shared_Clean:          0 kB
Shared_Dirty:          0 kB
Private_Clean:      2464 kB
Private_Dirty:     48424 kB
Referenced:        49572 kB
Swap:               6456 kB
KernelPageSize:        4 kB
MMUPageSize:           4 kB
7f986b801000-7f986c000000 ---p 00000000 00:00 0 
Size:               8188 kB
Rss:                   0 kB
Pss:                   0 kB
Shared_Clean:          0 kB
Shared_Dirty:          0 kB
Private_Clean:         0 kB
Private_Dirty:         0 kB
Referenced:            0 kB
Swap:                  0 kB
KernelPageSize:        4 kB
MMUPageSize:           4 kB
7f986c000000-7f986f801000 rw-p 00000000 00:00 0 
Size:              57348 kB
Rss:               51368 kB
Pss:               51368 kB
Shared_Clean:          0 kB
Shared_Dirty:          0 kB
Private_Clean:      2540 kB
Private_Dirty:     48828 kB
Referenced:        50988 kB
Swap:               5980 kB
KernelPageSize:        4 kB
MMUPageSize:           4 kB
7f986f801000-7f9870000000 ---p 00000000 00:00 0 
Size:               8188 kB
Rss:                   0 kB
Pss:                   0 kB
Shared_Clean:          0 kB
Shared_Dirty:          0 kB
Private_Clean:         0 kB
Private_Dirty:         0 kB
Referenced:            0 kB
Swap:                  0 kB
KernelPageSize:        4 kB
MMUPageSize:           4 kB
7f9870000000-7f9873ff1000 rw-p 00000000 00:00 0 
Size:              65476 kB
Rss:               60684 kB
Pss:               60684 kB
Shared_Clean:          0 kB
Shared_Dirty:          0 kB
Private_Clean:      5344 kB
Private_Dirty:     55340 kB
Referenced:        60476 kB
Swap:               4792 kB
KernelPageSize:        4 kB
MMUPageSize:           4 kB
7f9873ff1000-7f9874000000 ---p 00000000 00:00 0 
Size:                 60 kB
Rss:                   0 kB
Pss:                   0 kB
Shared_Clean:          0 kB
Shared_Dirty:          0 kB
Private_Clean:         0 kB
Private_Dirty:         0 kB
Referenced:            0 kB
Swap:                  0 kB
KernelPageSize:        4 kB
MMUPageSize:           4 kB
7f9878000000-7f987b801000 rw-p 00000000 00:00 0 
Size:              57348 kB
Rss:               52132 kB
Pss:               52132 kB
Shared_Clean:          0 kB
Shared_Dirty:          0 kB
Private_Clean:      2984 kB
Private_Dirty:     49148 kB
Referenced:        51836 kB
Swap:               5216 kB
KernelPageSize:        4 kB
MMUPageSize:           4 kB
7f987b801000-7f987c000000 ---p 00000000 00:00 0 
Size:               8188 kB
Rss:                   0 kB
Pss:                   0 kB
Shared_Clean:          0 kB
Shared_Dirty:          0 kB
Private_Clean:         0 kB
Private_Dirty:         0 kB
Referenced:            0 kB
Swap:                  0 kB
KernelPageSize:        4 kB
MMUPageSize:           4 kB
7f987c000000-7f987f8ea000 rw-p 00000000 00:00 0 
Size:              58280 kB
Rss:               52612 kB
Pss:               52612 kB
Shared_Clean:          0 kB
Shared_Dirty:          0 kB
Private_Clean:      4668 kB
Private_Dirty:     47944 kB
Referenced:        52420 kB
Swap:               5668 kB
KernelPageSize:        4 kB
MMUPageSize:           4 kB
7f987f8ea000-7f9880000000 ---p 00000000 00:00 0 
Size:               7256 kB
Rss:                   0 kB
Pss:                   0 kB
Shared_Clean:          0 kB
Shared_Dirty:          0 kB
Private_Clean:         0 kB
Private_Dirty:         0 kB
Referenced:            0 kB
Swap:                  0 kB
KernelPageSize:        4 kB
MMUPageSize:           4 kB
7f9884000000-7f9887801000 rw-p 00000000 00:00 0 
Size:              57348 kB
Rss:               52440 kB
Pss:               52440 kB
Shared_Clean:          0 kB
Shared_Dirty:          0 kB
Private_Clean:      4004 kB
Private_Dirty:     48436 kB
Referenced:        52284 kB
Swap:               4904 kB
KernelPageSize:        4 kB
MMUPageSize:           4 kB
7f9887801000-7f9888000000 ---p 00000000 00:00 0 
Size:               8188 kB
Rss:                   0 kB
Pss:                   0 kB
Shared_Clean:          0 kB
Shared_Dirty:          0 kB
Private_Clean:         0 kB
Private_Dirty:         0 kB
Referenced:            0 kB
Swap:                  0 kB
KernelPageSize:        4 kB
MMUPageSize:           4 kB
7f988c000000-7f988f801000 rw-p 00000000 00:00 0 
Size:              57348 kB
Rss:               53008 kB
Pss:               53008 kB
Shared_Clean:          0 kB
Shared_Dirty:          0 kB
Private_Clean:      4204 kB
Private_Dirty:     48804 kB
Referenced:        52792 kB
Swap:               4340 kB
KernelPageSize:        4 kB
MMUPageSize:           4 kB
7f988f801000-7f9890000000 ---p 00000000 00:00 0 
Size:               8188 kB
Rss:                   0 kB
Pss:                   0 kB
Shared_Clean:          0 kB
Shared_Dirty:          0 kB
Private_Clean:         0 kB
Private_Dirty:         0 kB
Referenced:            0 kB
Swap:                  0 kB
KernelPageSize:        4 kB
MMUPageSize:           4 kB
7f9898000000-7f989b801000 rw-p 00000000 00:00 0 
Size:              57348 kB
Rss:               51868 kB
Pss:               51868 kB
Shared_Clean:          0 kB
Shared_Dirty:          0 kB
Private_Clean:      3404 kB
Private_Dirty:     48464 kB
Referenced:        51564 kB
Swap:               5480 kB
KernelPageSize:        4 kB
MMUPageSize:           4 kB
7f989b801000-7f989c000000 ---p 00000000 00:00 0 
Size:               8188 kB
Rss:                   0 kB
Pss:                   0 kB
Shared_Clean:          0 kB
Shared_Dirty:          0 kB
Private_Clean:         0 kB
Private_Dirty:         0 kB
Referenced:            0 kB
Swap:                  0 kB
KernelPageSize:        4 kB
MMUPageSize:           4 kB
7f98ac000000-7f98af920000 rw-p 00000000 00:00 0 
Size:              58496 kB
Rss:               55408 kB
Pss:               55408 kB
Shared_Clean:          0 kB
Shared_Dirty:          0 kB
Private_Clean:      3652 kB
Private_Dirty:     51756 kB
Referenced:        55244 kB
Swap:               3088 kB
KernelPageSize:        4 kB
MMUPageSize:           4 kB
7f98af920000-7f98b0000000 ---p 00000000 00:00 0 
Size:               7040 kB
Rss:                   0 kB
Pss:                   0 kB
Shared_Clean:          0 kB
Shared_Dirty:          0 kB
Private_Clean:         0 kB
Private_Dirty:         0 kB
Referenced:            0 kB
Swap:                  0 kB
KernelPageSize:        4 kB
MMUPageSize:           4 kB
7f98b0000000-7f98b3ffa000 rw-p 00000000 00:00 0 
Size:              65512 kB
Rss:               61432 kB
Pss:               61432 kB
Shared_Clean:          0 kB
Shared_Dirty:          0 kB
Private_Clean:      5276 kB
Private_Dirty:     56156 kB
Referenced:        61224 kB
Swap:               4080 kB
KernelPageSize:        4 kB
MMUPageSize:           4 kB
7f98b3ffa000-7f98b4000000 ---p 00000000 00:00 0 
Size:                 24 kB
Rss:                   0 kB
Pss:                   0 kB
Shared_Clean:          0 kB
Shared_Dirty:          0 kB
Private_Clean:         0 kB
Private_Dirty:         0 kB
Referenced:            0 kB
Swap:                  0 kB
KernelPageSize:        4 kB
MMUPageSize:           4 kB
7f98b8000000-7f98bb81c000 rw-p 00000000 00:00 0 
Size:              57456 kB
Rss:               54208 kB
Pss:               54208 kB
Shared_Clean:          0 kB
Shared_Dirty:          0 kB
Private_Clean:      3912 kB
Private_Dirty:     50296 kB
Referenced:        54024 kB
Swap:               3248 kB
KernelPageSize:        4 kB
MMUPageSize:           4 kB
7f98bb81c000-7f98bc000000 ---p 00000000 00:00 0 
Size:               8080 kB
Rss:                   0 kB
Pss:                   0 kB
Shared_Clean:          0 kB
Shared_Dirty:          0 kB
Private_Clean:         0 kB
Private_Dirty:         0 kB
Referenced:            0 kB
Swap:                  0 kB
KernelPageSize:        4 kB
MMUPageSize:           4 kB
7f98be76d000-7f98be76e000 ---p 00000000 00:00 0 
Size:                  4 kB
Rss:                   0 kB
Pss:                   0 kB
Shared_Clean:          0 kB
Shared_Dirty:          0 kB
Private_Clean:         0 kB
Private_Dirty:         0 kB
Referenced:            0 kB
Swap:                  0 kB
KernelPageSize:        4 kB
MMUPageSize:           4 kB
7f98be76e000-7f98bef6e000 rw-p 00000000 00:00 0 
Size:               8192 kB
Rss:                  20 kB
Pss:                  20 kB
Shared_Clean:          0 kB
Shared_Dirty:          0 kB
Private_Clean:         0 kB
Private_Dirty:        20 kB
Referenced:           16 kB
Swap:                  0 kB
KernelPageSize:        4 kB
MMUPageSize:           4 kB
7f98bef6e000-7f98bef6f000 ---p 00000000 00:00 0 
Size:                  4 kB
Rss:                   0 kB
Pss:                   0 kB
Shared_Clean:          0 kB
Shared_Dirty:          0 kB
Private_Clean:         0 kB
Private_Dirty:         0 kB
Referenced:            0 kB
Swap:                  0 kB
KernelPageSize:        4 kB
MMUPageSize:           4 kB
7f98bef6f000-7f98bf76f000 rw-p 00000000 00:00 0 
Size:               8192 kB
Rss:                  44 kB
Pss:                  44 kB
Shared_Clean:          0 kB
Shared_Dirty:          0 kB
Private_Clean:         0 kB
Private_Dirty:        44 kB
Referenced:           40 kB
Swap:                  4 kB
KernelPageSize:        4 kB
MMUPageSize:           4 kB
7f98bfb6f000-7f98bfb74000 r-xp 00000000 08:01 32196                      /lib/libnss_dns-2.11.2.so
Size:                 20 kB
Rss:                   0 kB
Pss:                   0 kB
Shared_Clean:          0 kB
Shared_Dirty:          0 kB
Private_Clean:         0 kB
Private_Dirty:         0 kB
Referenced:            0 kB
Swap:                  0 kB
KernelPageSize:        4 kB
MMUPageSize:           4 kB
7f98bfb74000-7f98bfd73000 ---p 00005000 08:01 32196                      /lib/libnss_dns-2.11.2.so
Size:               2044 kB
Rss:                   0 kB
Pss:                   0 kB
Shared_Clean:          0 kB
Shared_Dirty:          0 kB
Private_Clean:         0 kB
Private_Dirty:         0 kB
Referenced:            0 kB
Swap:                  0 kB
KernelPageSize:        4 kB
MMUPageSize:           4 kB
7f98bfd73000-7f98bfd74000 r--p 00004000 08:01 32196                      /lib/libnss_dns-2.11.2.so
Size:                  4 kB
Rss:                   0 kB
Pss:                   0 kB
Shared_Clean:          0 kB
Shared_Dirty:          0 kB
Private_Clean:         0 kB
Private_Dirty:         0 kB
Referenced:            0 kB
Swap:                  4 kB
KernelPageSize:        4 kB
MMUPageSize:           4 kB
7f98bfd74000-7f98bfd75000 rw-p 00005000 08:01 32196                      /lib/libnss_dns-2.11.2.so
Size:                  4 kB
Rss:                   4 kB
Pss:                   4 kB
Shared_Clean:          0 kB
Shared_Dirty:          0 kB
Private_Clean:         4 kB
Private_Dirty:         0 kB
Referenced:            4 kB
Swap:                  0 kB
KernelPageSize:        4 kB
MMUPageSize:           4 kB
7f98bfd75000-7f98bfd80000 r-xp 00000000 08:01 32053                      /lib/libnss_files-2.11.2.so
Size:                 44 kB
Rss:                  12 kB
Pss:                   3 kB
Shared_Clean:         12 kB
Shared_Dirty:          0 kB
Private_Clean:         0 kB
Private_Dirty:         0 kB
Referenced:           12 kB
Swap:                  0 kB
KernelPageSize:        4 kB
MMUPageSize:           4 kB
7f98bfd80000-7f98bff7f000 ---p 0000b000 08:01 32053                      /lib/libnss_files-2.11.2.so
Size:               2044 kB
Rss:                   0 kB
Pss:                   0 kB
Shared_Clean:          0 kB
Shared_Dirty:          0 kB
Private_Clean:         0 kB
Private_Dirty:         0 kB
Referenced:            0 kB
Swap:                  0 kB
KernelPageSize:        4 kB
MMUPageSize:           4 kB
7f98bff7f000-7f98bff80000 r--p 0000a000 08:01 32053                      /lib/libnss_files-2.11.2.so
Size:                  4 kB
Rss:                   4 kB
Pss:                   4 kB
Shared_Clean:          0 kB
Shared_Dirty:          0 kB
Private_Clean:         4 kB
Private_Dirty:         0 kB
Referenced:            4 kB
Swap:                  0 kB
KernelPageSize:        4 kB
MMUPageSize:           4 kB
7f98bff80000-7f98bff81000 rw-p 0000b000 08:01 32053                      /lib/libnss_files-2.11.2.so
Size:                  4 kB
Rss:                   4 kB
Pss:                   4 kB
Shared_Clean:          0 kB
Shared_Dirty:          0 kB
Private_Clean:         0 kB
Private_Dirty:         4 kB
Referenced:            4 kB
Swap:                  0 kB
KernelPageSize:        4 kB
MMUPageSize:           4 kB
7f98bff81000-7f98bff82000 ---p 00000000 00:00 0 
Size:                  4 kB
Rss:                   0 kB
Pss:                   0 kB
Shared_Clean:          0 kB
Shared_Dirty:          0 kB
Private_Clean:         0 kB
Private_Dirty:         0 kB
Referenced:            0 kB
Swap:                  0 kB
KernelPageSize:        4 kB
MMUPageSize:           4 kB
7f98bff82000-7f98c0782000 rw-p 00000000 00:00 0 
Size:               8192 kB
Rss:                   8 kB
Pss:                   8 kB
Shared_Clean:          0 kB
Shared_Dirty:          0 kB
Private_Clean:         0 kB
Private_Dirty:         8 kB
Referenced:            8 kB
Swap:                  0 kB
KernelPageSize:        4 kB
MMUPageSize:           4 kB
7f98c0782000-7f98c0783000 ---p 00000000 00:00 0 
Size:                  4 kB
Rss:                   0 kB
Pss:                   0 kB
Shared_Clean:          0 kB
Shared_Dirty:          0 kB
Private_Clean:         0 kB
Private_Dirty:         0 kB
Referenced:            0 kB
Swap:                  0 kB
KernelPageSize:        4 kB
MMUPageSize:           4 kB
7f98c0783000-7f98c0f83000 rw-p 00000000 00:00 0 
Size:               8192 kB
Rss:                   8 kB
Pss:                   8 kB
Shared_Clean:          0 kB
Shared_Dirty:          0 kB
Private_Clean:         0 kB
Private_Dirty:         8 kB
Referenced:            8 kB
Swap:                  0 kB
KernelPageSize:        4 kB
MMUPageSize:           4 kB
7f98c0f83000-7f98c0f93000 r-xp 00000000 08:08 98598                      /usr/lib/libtasn1.so.3.1.8
Size:                 64 kB
Rss:                   0 kB
Pss:                   0 kB
Shared_Clean:          0 kB
Shared_Dirty:          0 kB
Private_Clean:         0 kB
Private_Dirty:         0 kB
Referenced:            0 kB
Swap:                  0 kB
KernelPageSize:        4 kB
MMUPageSize:           4 kB
7f98c0f93000-7f98c1192000 ---p 00010000 08:08 98598                      /usr/lib/libtasn1.so.3.1.8
Size:               2044 kB
Rss:                   0 kB
Pss:                   0 kB
Shared_Clean:          0 kB
Shared_Dirty:          0 kB
Private_Clean:         0 kB
Private_Dirty:         0 kB
Referenced:            0 kB
Swap:                  0 kB
KernelPageSize:        4 kB
MMUPageSize:           4 kB
7f98c1192000-7f98c1193000 rw-p 0000f000 08:08 98598                      /usr/lib/libtasn1.so.3.1.8
Size:                  4 kB
Rss:                   0 kB
Pss:                   0 kB
Shared_Clean:          0 kB
Shared_Dirty:          0 kB
Private_Clean:         0 kB
Private_Dirty:         0 kB
Referenced:            0 kB
Swap:                  4 kB
KernelPageSize:        4 kB
MMUPageSize:           4 kB
7f98c1193000-7f98c1195000 r-xp 00000000 08:01 31953                      /lib/libkeyutils-1.3.so
Size:                  8 kB
Rss:                   0 kB
Pss:                   0 kB
Shared_Clean:          0 kB
Shared_Dirty:          0 kB
Private_Clean:         0 kB
Private_Dirty:         0 kB
Referenced:            0 kB
Swap:                  0 kB
KernelPageSize:        4 kB
MMUPageSize:           4 kB
7f98c1195000-7f98c1394000 ---p 00002000 08:01 31953                      /lib/libkeyutils-1.3.so
Size:               2044 kB
Rss:                   0 kB
Pss:                   0 kB
Shared_Clean:          0 kB
Shared_Dirty:          0 kB
Private_Clean:         0 kB
Private_Dirty:         0 kB
Referenced:            0 kB
Swap:                  0 kB
KernelPageSize:        4 kB
MMUPageSize:           4 kB
7f98c1394000-7f98c1395000 rw-p 00001000 08:01 31953                      /lib/libkeyutils-1.3.so
Size:                  4 kB
Rss:                   0 kB
Pss:                   0 kB
Shared_Clean:          0 kB
Shared_Dirty:          0 kB
Private_Clean:         0 kB
Private_Dirty:         0 kB
Referenced:            0 kB
Swap:                  4 kB
KernelPageSize:        4 kB
MMUPageSize:           4 kB
7f98c1395000-7f98c139c000 r-xp 00000000 08:08 98844                      /usr/lib/libkrb5support.so.0.1
Size:                 28 kB
Rss:                   0 kB
Pss:                   0 kB
Shared_Clean:          0 kB
Shared_Dirty:          0 kB
Private_Clean:         0 kB
Private_Dirty:         0 kB
Referenced:            0 kB
Swap:                  0 kB
KernelPageSize:        4 kB
MMUPageSize:           4 kB
7f98c139c000-7f98c159c000 ---p 00007000 08:08 98844                      /usr/lib/libkrb5support.so.0.1
Size:               2048 kB
Rss:                   0 kB
Pss:                   0 kB
Shared_Clean:          0 kB
Shared_Dirty:          0 kB
Private_Clean:         0 kB
Private_Dirty:         0 kB
Referenced:            0 kB
Swap:                  0 kB
KernelPageSize:        4 kB
MMUPageSize:           4 kB
7f98c159c000-7f98c159d000 rw-p 00007000 08:08 98844                      /usr/lib/libkrb5support.so.0.1
Size:                  4 kB
Rss:                   0 kB
Pss:                   0 kB
Shared_Clean:          0 kB
Shared_Dirty:          0 kB
Private_Clean:         0 kB
Private_Dirty:         0 kB
Referenced:            0 kB
Swap:                  4 kB
KernelPageSize:        4 kB
MMUPageSize:           4 kB
7f98c159d000-7f98c15a0000 r-xp 00000000 08:01 31993                      /lib/libcom_err.so.2.1
Size:                 12 kB
Rss:                   0 kB
Pss:                   0 kB
Shared_Clean:          0 kB
Shared_Dirty:          0 kB
Private_Clean:         0 kB
Private_Dirty:         0 kB
Referenced:            0 kB
Swap:                  0 kB
KernelPageSize:        4 kB
MMUPageSize:           4 kB
7f98c15a0000-7f98c179f000 ---p 00003000 08:01 31993                      /lib/libcom_err.so.2.1
Size:               2044 kB
Rss:                   0 kB
Pss:                   0 kB
Shared_Clean:          0 kB
Shared_Dirty:          0 kB
Private_Clean:         0 kB
Private_Dirty:         0 kB
Referenced:            0 kB
Swap:                  0 kB
KernelPageSize:        4 kB
MMUPageSize:           4 kB
7f98c179f000-7f98c17a0000 rw-p 00002000 08:01 31993                      /lib/libcom_err.so.2.1
Size:                  4 kB
Rss:                   0 kB
Pss:                   0 kB
Shared_Clean:          0 kB
Shared_Dirty:          0 kB
Private_Clean:         0 kB
Private_Dirty:         0 kB
Referenced:            0 kB
Swap:                  4 kB
KernelPageSize:        4 kB
MMUPageSize:           4 kB
7f98c17a0000-7f98c17c5000 r-xp 00000000 08:08 98589                      /usr/lib/libk5crypto.so.3.1
Size:                148 kB
Rss:                   0 kB
Pss:                   0 kB
Shared_Clean:          0 kB
Shared_Dirty:          0 kB
Private_Clean:         0 kB
Private_Dirty:         0 kB
Referenced:            0 kB
Swap:                  0 kB
KernelPageSize:        4 kB
MMUPageSize:           4 kB
7f98c17c5000-7f98c19c4000 ---p 00025000 08:08 98589                      /usr/lib/libk5crypto.so.3.1
Size:               2044 kB
Rss:                   0 kB
Pss:                   0 kB
Shared_Clean:          0 kB
Shared_Dirty:          0 kB
Private_Clean:         0 kB
Private_Dirty:         0 kB
Referenced:            0 kB
Swap:                  0 kB
KernelPageSize:        4 kB
MMUPageSize:           4 kB
7f98c19c4000-7f98c19c6000 rw-p 00024000 08:08 98589                      /usr/lib/libk5crypto.so.3.1
Size:                  8 kB
Rss:                   0 kB
Pss:                   0 kB
Shared_Clean:          0 kB
Shared_Dirty:          0 kB
Private_Clean:         0 kB
Private_Dirty:         0 kB
Referenced:            0 kB
Swap:                  8 kB
KernelPageSize:        4 kB
MMUPageSize:           4 kB
7f98c19c6000-7f98c1a84000 r-xp 00000000 08:08 98840                      /usr/lib/libkrb5.so.3.3
Size:                760 kB
Rss:                   0 kB
Pss:                   0 kB
Shared_Clean:          0 kB
Shared_Dirty:          0 kB
Private_Clean:         0 kB
Private_Dirty:         0 kB
Referenced:            0 kB
Swap:                  0 kB
KernelPageSize:        4 kB
MMUPageSize:           4 kB
7f98c1a84000-7f98c1c83000 ---p 000be000 08:08 98840                      /usr/lib/libkrb5.so.3.3
Size:               2044 kB
Rss:                   0 kB
Pss:                   0 kB
Shared_Clean:          0 kB
Shared_Dirty:          0 kB
Private_Clean:         0 kB
Private_Dirty:         0 kB
Referenced:            0 kB
Swap:                  0 kB
KernelPageSize:        4 kB
MMUPageSize:           4 kB
7f98c1c83000-7f98c1c8e000 rw-p 000bd000 08:08 98840                      /usr/lib/libkrb5.so.3.3
Size:                 44 kB
Rss:                   0 kB
Pss:                   0 kB
Shared_Clean:          0 kB
Shared_Dirty:          0 kB
Private_Clean:         0 kB
Private_Dirty:         0 kB
Referenced:            0 kB
Swap:                 44 kB
KernelPageSize:        4 kB
MMUPageSize:           4 kB
7f98c1c8e000-7f98c1ca7000 r-xp 00000000 08:08 98651                      /usr/lib/libsasl2.so.2.0.23
Size:                100 kB
Rss:                   0 kB
Pss:                   0 kB
Shared_Clean:          0 kB
Shared_Dirty:          0 kB
Private_Clean:         0 kB
Private_Dirty:         0 kB
Referenced:            0 kB
Swap:                  0 kB
KernelPageSize:        4 kB
MMUPageSize:           4 kB
7f98c1ca7000-7f98c1ea6000 ---p 00019000 08:08 98651                      /usr/lib/libsasl2.so.2.0.23
Size:               2044 kB
Rss:                   0 kB
Pss:                   0 kB
Shared_Clean:          0 kB
Shared_Dirty:          0 kB
Private_Clean:         0 kB
Private_Dirty:         0 kB
Referenced:            0 kB
Swap:                  0 kB
KernelPageSize:        4 kB
MMUPageSize:           4 kB
7f98c1ea6000-7f98c1ea7000 rw-p 00018000 08:08 98651                      /usr/lib/libsasl2.so.2.0.23
Size:                  4 kB
Rss:                   0 kB
Pss:                   0 kB
Shared_Clean:          0 kB
Shared_Dirty:          0 kB
Private_Clean:         0 kB
Private_Dirty:         0 kB
Referenced:            0 kB
Swap:                  4 kB
KernelPageSize:        4 kB
MMUPageSize:           4 kB
7f98c1ea7000-7f98c1eba000 r-xp 00000000 08:01 31960                      /lib/libresolv-2.11.2.so
Size:                 76 kB
Rss:                   0 kB
Pss:                   0 kB
Shared_Clean:          0 kB
Shared_Dirty:          0 kB
Private_Clean:         0 kB
Private_Dirty:         0 kB
Referenced:            0 kB
Swap:                  0 kB
KernelPageSize:        4 kB
MMUPageSize:           4 kB
7f98c1eba000-7f98c20b9000 ---p 00013000 08:01 31960                      /lib/libresolv-2.11.2.so
Size:               2044 kB
Rss:                   0 kB
Pss:                   0 kB
Shared_Clean:          0 kB
Shared_Dirty:          0 kB
Private_Clean:         0 kB
Private_Dirty:         0 kB
Referenced:            0 kB
Swap:                  0 kB
KernelPageSize:        4 kB
MMUPageSize:           4 kB
7f98c20b9000-7f98c20ba000 r--p 00012000 08:01 31960                      /lib/libresolv-2.11.2.so
Size:                  4 kB
Rss:                   0 kB
Pss:                   0 kB
Shared_Clean:          0 kB
Shared_Dirty:          0 kB
Private_Clean:         0 kB
Private_Dirty:         0 kB
Referenced:            0 kB
Swap:                  4 kB
KernelPageSize:        4 kB
MMUPageSize:           4 kB
7f98c20ba000-7f98c20bb000 rw-p 00013000 08:01 31960                      /lib/libresolv-2.11.2.so
Size:                  4 kB
Rss:                   4 kB
Pss:                   4 kB
Shared_Clean:          0 kB
Shared_Dirty:          0 kB
Private_Clean:         4 kB
Private_Dirty:         0 kB
Referenced:            4 kB
Swap:                  0 kB
KernelPageSize:        4 kB
MMUPageSize:           4 kB
7f98c20bb000-7f98c20bd000 rw-p 00000000 00:00 0 
Size:                  8 kB
Rss:                   4 kB
Pss:                   4 kB
Shared_Clean:          0 kB
Shared_Dirty:          0 kB
Private_Clean:         4 kB
Private_Dirty:         0 kB
Referenced:            4 kB
Swap:                  0 kB
KernelPageSize:        4 kB
MMUPageSize:           4 kB
7f98c20bd000-7f98c20bf000 r-xp 00000000 08:01 32174                      /lib/libdl-2.11.2.so
Size:                  8 kB
Rss:                   0 kB
Pss:                   0 kB
Shared_Clean:          0 kB
Shared_Dirty:          0 kB
Private_Clean:         0 kB
Private_Dirty:         0 kB
Referenced:            0 kB
Swap:                  0 kB
KernelPageSize:        4 kB
MMUPageSize:           4 kB
7f98c20bf000-7f98c22bf000 ---p 00002000 08:01 32174                      /lib/libdl-2.11.2.so
Size:               2048 kB
Rss:                   0 kB
Pss:                   0 kB
Shared_Clean:          0 kB
Shared_Dirty:          0 kB
Private_Clean:         0 kB
Private_Dirty:         0 kB
Referenced:            0 kB
Swap:                  0 kB
KernelPageSize:        4 kB
MMUPageSize:           4 kB
7f98c22bf000-7f98c22c0000 r--p 00002000 08:01 32174                      /lib/libdl-2.11.2.so
Size:                  4 kB
Rss:                   0 kB
Pss:                   0 kB
Shared_Clean:          0 kB
Shared_Dirty:          0 kB
Private_Clean:         0 kB
Private_Dirty:         0 kB
Referenced:            0 kB
Swap:                  4 kB
KernelPageSize:        4 kB
MMUPageSize:           4 kB
7f98c22c0000-7f98c22c1000 rw-p 00003000 08:01 32174                      /lib/libdl-2.11.2.so
Size:                  4 kB
Rss:                   0 kB
Pss:                   0 kB
Shared_Clean:          0 kB
Shared_Dirty:          0 kB
Private_Clean:         0 kB
Private_Dirty:         0 kB
Referenced:            0 kB
Swap:                  4 kB
KernelPageSize:        4 kB
MMUPageSize:           4 kB
7f98c22c1000-7f98c235d000 r-xp 00000000 08:08 98308                      /usr/lib/libgnutls.so.26.14.12
Size:                624 kB
Rss:                   0 kB
Pss:                   0 kB
Shared_Clean:          0 kB
Shared_Dirty:          0 kB
Private_Clean:         0 kB
Private_Dirty:         0 kB
Referenced:            0 kB
Swap:                  0 kB
KernelPageSize:        4 kB
MMUPageSize:           4 kB
7f98c235d000-7f98c255d000 ---p 0009c000 08:08 98308                      /usr/lib/libgnutls.so.26.14.12
Size:               2048 kB
Rss:                   0 kB
Pss:                   0 kB
Shared_Clean:          0 kB
Shared_Dirty:          0 kB
Private_Clean:         0 kB
Private_Dirty:         0 kB
Referenced:            0 kB
Swap:                  0 kB
KernelPageSize:        4 kB
MMUPageSize:           4 kB
7f98c255d000-7f98c2564000 rw-p 0009c000 08:08 98308                      /usr/lib/libgnutls.so.26.14.12
Size:                 28 kB
Rss:                   0 kB
Pss:                   0 kB
Shared_Clean:          0 kB
Shared_Dirty:          0 kB
Private_Clean:         0 kB
Private_Dirty:         0 kB
Referenced:            0 kB
Swap:                 28 kB
KernelPageSize:        4 kB
MMUPageSize:           4 kB
7f98c2564000-7f98c2597000 r-xp 00000000 08:08 98406                      /usr/lib/libgssapi_krb5.so.2.2
Size:                204 kB
Rss:                   0 kB
Pss:                   0 kB
Shared_Clean:          0 kB
Shared_Dirty:          0 kB
Private_Clean:         0 kB
Private_Dirty:         0 kB
Referenced:            0 kB
Swap:                  0 kB
KernelPageSize:        4 kB
MMUPageSize:           4 kB
7f98c2597000-7f98c2796000 ---p 00033000 08:08 98406                      /usr/lib/libgssapi_krb5.so.2.2
Size:               2044 kB
Rss:                   0 kB
Pss:                   0 kB
Shared_Clean:          0 kB
Shared_Dirty:          0 kB
Private_Clean:         0 kB
Private_Dirty:         0 kB
Referenced:            0 kB
Swap:                  0 kB
KernelPageSize:        4 kB
MMUPageSize:           4 kB
7f98c2796000-7f98c2798000 rw-p 00032000 08:08 98406                      /usr/lib/libgssapi_krb5.so.2.2
Size:                  8 kB
Rss:                   0 kB
Pss:                   0 kB
Shared_Clean:          0 kB
Shared_Dirty:          0 kB
Private_Clean:         0 kB
Private_Dirty:         0 kB
Referenced:            0 kB
Swap:                  8 kB
KernelPageSize:        4 kB
MMUPageSize:           4 kB
7f98c2798000-7f98c27de000 r-xp 00000000 08:08 98361                      /usr/lib/libldap_r-2.4.so.2.5.0
Size:                280 kB
Rss:                   0 kB
Pss:                   0 kB
Shared_Clean:          0 kB
Shared_Dirty:          0 kB
Private_Clean:         0 kB
Private_Dirty:         0 kB
Referenced:            0 kB
Swap:                  0 kB
KernelPageSize:        4 kB
MMUPageSize:           4 kB
7f98c27de000-7f98c29de000 ---p 00046000 08:08 98361                      /usr/lib/libldap_r-2.4.so.2.5.0
Size:               2048 kB
Rss:                   0 kB
Pss:                   0 kB
Shared_Clean:          0 kB
Shared_Dirty:          0 kB
Private_Clean:         0 kB
Private_Dirty:         0 kB
Referenced:            0 kB
Swap:                  0 kB
KernelPageSize:        4 kB
MMUPageSize:           4 kB
7f98c29de000-7f98c29e1000 rw-p 00046000 08:08 98361                      /usr/lib/libldap_r-2.4.so.2.5.0
Size:                 12 kB
Rss:                   0 kB
Pss:                   0 kB
Shared_Clean:          0 kB
Shared_Dirty:          0 kB
Private_Clean:         0 kB
Private_Dirty:         0 kB
Referenced:            0 kB
Swap:                 12 kB
KernelPageSize:        4 kB
MMUPageSize:           4 kB
7f98c29e1000-7f98c29e3000 rw-p 00000000 00:00 0 
Size:                  8 kB
Rss:                   0 kB
Pss:                   0 kB
Shared_Clean:          0 kB
Shared_Dirty:          0 kB
Private_Clean:         0 kB
Private_Dirty:         0 kB
Referenced:            0 kB
Swap:                  0 kB
KernelPageSize:        4 kB
MMUPageSize:           4 kB
7f98c29e3000-7f98c29f1000 r-xp 00000000 08:08 98678                      /usr/lib/liblber-2.4.so.2.5.0
Size:                 56 kB
Rss:                   0 kB
Pss:                   0 kB
Shared_Clean:          0 kB
Shared_Dirty:          0 kB
Private_Clean:         0 kB
Private_Dirty:         0 kB
Referenced:            0 kB
Swap:                  0 kB
KernelPageSize:        4 kB
MMUPageSize:           4 kB
7f98c29f1000-7f98c2bf1000 ---p 0000e000 08:08 98678                      /usr/lib/liblber-2.4.so.2.5.0
Size:               2048 kB
Rss:                   0 kB
Pss:                   0 kB
Shared_Clean:          0 kB
Shared_Dirty:          0 kB
Private_Clean:         0 kB
Private_Dirty:         0 kB
Referenced:            0 kB
Swap:                  0 kB
KernelPageSize:        4 kB
MMUPageSize:           4 kB
7f98c2bf1000-7f98c2bf2000 rw-p 0000e000 08:08 98678                      /usr/lib/liblber-2.4.so.2.5.0
Size:                  4 kB
Rss:                   0 kB
Pss:                   0 kB
Shared_Clean:          0 kB
Shared_Dirty:          0 kB
Private_Clean:         0 kB
Private_Dirty:         0 kB
Referenced:            0 kB
Swap:                  4 kB
KernelPageSize:        4 kB
MMUPageSize:           4 kB
7f98c2bf2000-7f98c2c23000 r-xp 00000000 08:08 98564                      /usr/lib/libidn.so.11.5.44
Size:                196 kB
Rss:                   0 kB
Pss:                   0 kB
Shared_Clean:          0 kB
Shared_Dirty:          0 kB
Private_Clean:         0 kB
Private_Dirty:         0 kB
Referenced:            0 kB
Swap:                  0 kB
KernelPageSize:        4 kB
MMUPageSize:           4 kB
7f98c2c23000-7f98c2e23000 ---p 00031000 08:08 98564                      /usr/lib/libidn.so.11.5.44
Size:               2048 kB
Rss:                   0 kB
Pss:                   0 kB
Shared_Clean:          0 kB
Shared_Dirty:          0 kB
Private_Clean:         0 kB
Private_Dirty:         0 kB
Referenced:            0 kB
Swap:                  0 kB
KernelPageSize:        4 kB
MMUPageSize:           4 kB
7f98c2e23000-7f98c2e24000 rw-p 00031000 08:08 98564                      /usr/lib/libidn.so.11.5.44
Size:                  4 kB
Rss:                   0 kB
Pss:                   0 kB
Shared_Clean:          0 kB
Shared_Dirty:          0 kB
Private_Clean:         0 kB
Private_Dirty:         0 kB
Referenced:            0 kB
Swap:                  4 kB
KernelPageSize:        4 kB
MMUPageSize:           4 kB
7f98c2e24000-7f98c2e3b000 r-xp 00000000 08:08 98761                      /usr/lib/libz.so.1.2.3.4
Size:                 92 kB
Rss:                   0 kB
Pss:                   0 kB
Shared_Clean:          0 kB
Shared_Dirty:          0 kB
Private_Clean:         0 kB
Private_Dirty:         0 kB
Referenced:            0 kB
Swap:                  0 kB
KernelPageSize:        4 kB
MMUPageSize:           4 kB
7f98c2e3b000-7f98c303a000 ---p 00017000 08:08 98761                      /usr/lib/libz.so.1.2.3.4
Size:               2044 kB
Rss:                   0 kB
Pss:                   0 kB
Shared_Clean:          0 kB
Shared_Dirty:          0 kB
Private_Clean:         0 kB
Private_Dirty:         0 kB
Referenced:            0 kB
Swap:                  0 kB
KernelPageSize:        4 kB
MMUPageSize:           4 kB
7f98c303a000-7f98c303b000 rw-p 00016000 08:08 98761                      /usr/lib/libz.so.1.2.3.4
Size:                  4 kB
Rss:                   0 kB
Pss:                   0 kB
Shared_Clean:          0 kB
Shared_Dirty:          0 kB
Private_Clean:         0 kB
Private_Dirty:         0 kB
Referenced:            0 kB
Swap:                  4 kB
KernelPageSize:        4 kB
MMUPageSize:           4 kB
7f98c303b000-7f98c3183000 r-xp 00000000 08:08 98486                      /usr/lib/libicuuc.so.42.1
Size:               1312 kB
Rss:                   0 kB
Pss:                   0 kB
Shared_Clean:          0 kB
Shared_Dirty:          0 kB
Private_Clean:         0 kB
Private_Dirty:         0 kB
Referenced:            0 kB
Swap:                  0 kB
KernelPageSize:        4 kB
MMUPageSize:           4 kB
7f98c3183000-7f98c3383000 ---p 00148000 08:08 98486                      /usr/lib/libicuuc.so.42.1
Size:               2048 kB
Rss:                   0 kB
Pss:                   0 kB
Shared_Clean:          0 kB
Shared_Dirty:          0 kB
Private_Clean:         0 kB
Private_Dirty:         0 kB
Referenced:            0 kB
Swap:                  0 kB
KernelPageSize:        4 kB
MMUPageSize:           4 kB
7f98c3383000-7f98c3394000 rw-p 00148000 08:08 98486                      /usr/lib/libicuuc.so.42.1
Size:                 68 kB
Rss:                   0 kB
Pss:                   0 kB
Shared_Clean:          0 kB
Shared_Dirty:          0 kB
Private_Clean:         0 kB
Private_Dirty:         0 kB
Referenced:            0 kB
Swap:                 68 kB
KernelPageSize:        4 kB
MMUPageSize:           4 kB
7f98c3394000-7f98c3396000 rw-p 00000000 00:00 0 
Size:                  8 kB
Rss:                   0 kB
Pss:                   0 kB
Shared_Clean:          0 kB
Shared_Dirty:          0 kB
Private_Clean:         0 kB
Private_Dirty:         0 kB
Referenced:            0 kB
Swap:                  0 kB
KernelPageSize:        4 kB
MMUPageSize:           4 kB
7f98c3396000-7f98c3540000 r-xp 00000000 08:08 98481                      /usr/lib/libicui18n.so.42.1
Size:               1704 kB
Rss:                   0 kB
Pss:                   0 kB
Shared_Clean:          0 kB
Shared_Dirty:          0 kB
Private_Clean:         0 kB
Private_Dirty:         0 kB
Referenced:            0 kB
Swap:                  0 kB
KernelPageSize:        4 kB
MMUPageSize:           4 kB
7f98c3540000-7f98c373f000 ---p 001aa000 08:08 98481                      /usr/lib/libicui18n.so.42.1
Size:               2044 kB
Rss:                   0 kB
Pss:                   0 kB
Shared_Clean:          0 kB
Shared_Dirty:          0 kB
Private_Clean:         0 kB
Private_Dirty:         0 kB
Referenced:            0 kB
Swap:                  0 kB
KernelPageSize:        4 kB
MMUPageSize:           4 kB
7f98c373f000-7f98c374d000 rw-p 001a9000 08:08 98481                      /usr/lib/libicui18n.so.42.1
Size:                 56 kB
Rss:                   0 kB
Pss:                   0 kB
Shared_Clean:          0 kB
Shared_Dirty:          0 kB
Private_Clean:         0 kB
Private_Dirty:         0 kB
Referenced:            0 kB
Swap:                 56 kB
KernelPageSize:        4 kB
MMUPageSize:           4 kB
7f98c374d000-7f98c4692000 r--p 00000000 08:08 98314                      /usr/lib/libicudata.so.42.1
Size:              15636 kB
Rss:                   0 kB
Pss:                   0 kB
Shared_Clean:          0 kB
Shared_Dirty:          0 kB
Private_Clean:         0 kB
Private_Dirty:         0 kB
Referenced:            0 kB
Swap:                  0 kB
KernelPageSize:        4 kB
MMUPageSize:           4 kB
7f98c4692000-7f98c4891000 ---p 00f45000 08:08 98314                      /usr/lib/libicudata.so.42.1
Size:               2044 kB
Rss:                   0 kB
Pss:                   0 kB
Shared_Clean:          0 kB
Shared_Dirty:          0 kB
Private_Clean:         0 kB
Private_Dirty:         0 kB
Referenced:            0 kB
Swap:                  0 kB
KernelPageSize:        4 kB
MMUPageSize:           4 kB
7f98c4891000-7f98c4892000 rw-p 00f44000 08:08 98314                      /usr/lib/libicudata.so.42.1
Size:                  4 kB
Rss:                   0 kB
Pss:                   0 kB
Shared_Clean:          0 kB
Shared_Dirty:          0 kB
Private_Clean:         0 kB
Private_Dirty:         0 kB
Referenced:            0 kB
Swap:                  4 kB
KernelPageSize:        4 kB
MMUPageSize:           4 kB
7f98c4892000-7f98c49d8000 r-xp 00000000 08:08 98908                      /usr/lib/libxml2.so.2.7.7
Size:               1304 kB
Rss:                 164 kB
Pss:                 164 kB
Shared_Clean:          0 kB
Shared_Dirty:          0 kB
Private_Clean:       164 kB
Private_Dirty:         0 kB
Referenced:          164 kB
Swap:                  0 kB
KernelPageSize:        4 kB
MMUPageSize:           4 kB
7f98c49d8000-7f98c4bd7000 ---p 00146000 08:08 98908                      /usr/lib/libxml2.so.2.7.7
Size:               2044 kB
Rss:                   0 kB
Pss:                   0 kB
Shared_Clean:          0 kB
Shared_Dirty:          0 kB
Private_Clean:         0 kB
Private_Dirty:         0 kB
Referenced:            0 kB
Swap:                  0 kB
KernelPageSize:        4 kB
MMUPageSize:           4 kB
7f98c4bd7000-7f98c4be1000 rw-p 00145000 08:08 98908                      /usr/lib/libxml2.so.2.7.7
Size:                 40 kB
Rss:                  12 kB
Pss:                  12 kB
Shared_Clean:          0 kB
Shared_Dirty:          0 kB
Private_Clean:         4 kB
Private_Dirty:         8 kB
Referenced:           12 kB
Swap:                 28 kB
KernelPageSize:        4 kB
MMUPageSize:           4 kB
7f98c4be1000-7f98c4be2000 rw-p 00000000 00:00 0 
Size:                  4 kB
Rss:                   4 kB
Pss:                   4 kB
Shared_Clean:          0 kB
Shared_Dirty:          0 kB
Private_Clean:         4 kB
Private_Dirty:         0 kB
Referenced:            4 kB
Swap:                  0 kB
KernelPageSize:        4 kB
MMUPageSize:           4 kB
7f98c4be2000-7f98c4c29000 r-xp 00000000 08:08 98416                      /usr/lib/libcurl-gnutls.so.4.2.0
Size:                284 kB
Rss:                 156 kB
Pss:                 156 kB
Shared_Clean:          0 kB
Shared_Dirty:          0 kB
Private_Clean:       156 kB
Private_Dirty:         0 kB
Referenced:          156 kB
Swap:                  0 kB
KernelPageSize:        4 kB
MMUPageSize:           4 kB
7f98c4c29000-7f98c4e29000 ---p 00047000 08:08 98416                      /usr/lib/libcurl-gnutls.so.4.2.0
Size:               2048 kB
Rss:                   0 kB
Pss:                   0 kB
Shared_Clean:          0 kB
Shared_Dirty:          0 kB
Private_Clean:         0 kB
Private_Dirty:         0 kB
Referenced:            0 kB
Swap:                  0 kB
KernelPageSize:        4 kB
MMUPageSize:           4 kB
7f98c4e29000-7f98c4e2b000 rw-p 00047000 08:08 98416                      /usr/lib/libcurl-gnutls.so.4.2.0
Size:                  8 kB
Rss:                   8 kB
Pss:                   8 kB
Shared_Clean:          0 kB
Shared_Dirty:          0 kB
Private_Clean:         4 kB
Private_Dirty:         4 kB
Referenced:            8 kB
Swap:                  0 kB
KernelPageSize:        4 kB
MMUPageSize:           4 kB
7f98c4e2b000-7f98c4e2e000 r-xp 00000000 08:08 98714                      /usr/lib/libgpg-error.so.0.4.0
Size:                 12 kB
Rss:                   0 kB
Pss:                   0 kB
Shared_Clean:          0 kB
Shared_Dirty:          0 kB
Private_Clean:         0 kB
Private_Dirty:         0 kB
Referenced:            0 kB
Swap:                  0 kB
KernelPageSize:        4 kB
MMUPageSize:           4 kB
7f98c4e2e000-7f98c502d000 ---p 00003000 08:08 98714                      /usr/lib/libgpg-error.so.0.4.0
Size:               2044 kB
Rss:                   0 kB
Pss:                   0 kB
Shared_Clean:          0 kB
Shared_Dirty:          0 kB
Private_Clean:         0 kB
Private_Dirty:         0 kB
Referenced:            0 kB
Swap:                  0 kB
KernelPageSize:        4 kB
MMUPageSize:           4 kB
7f98c502d000-7f98c502e000 rw-p 00002000 08:08 98714                      /usr/lib/libgpg-error.so.0.4.0
Size:                  4 kB
Rss:                   0 kB
Pss:                   0 kB
Shared_Clean:          0 kB
Shared_Dirty:          0 kB
Private_Clean:         0 kB
Private_Dirty:         0 kB
Referenced:            0 kB
Swap:                  4 kB
KernelPageSize:        4 kB
MMUPageSize:           4 kB
7f98c502e000-7f98c505d000 r-xp 00000000 08:01 32236                      /lib/libpcre.so.3.12.1
Size:                188 kB
Rss:                   0 kB
Pss:                   0 kB
Shared_Clean:          0 kB
Shared_Dirty:          0 kB
Private_Clean:         0 kB
Private_Dirty:         0 kB
Referenced:            0 kB
Swap:                  0 kB
KernelPageSize:        4 kB
MMUPageSize:           4 kB
7f98c505d000-7f98c525c000 ---p 0002f000 08:01 32236                      /lib/libpcre.so.3.12.1
Size:               2044 kB
Rss:                   0 kB
Pss:                   0 kB
Shared_Clean:          0 kB
Shared_Dirty:          0 kB
Private_Clean:         0 kB
Private_Dirty:         0 kB
Referenced:            0 kB
Swap:                  0 kB
KernelPageSize:        4 kB
MMUPageSize:           4 kB
7f98c525c000-7f98c525d000 rw-p 0002e000 08:01 32236                      /lib/libpcre.so.3.12.1
Size:                  4 kB
Rss:                   0 kB
Pss:                   0 kB
Shared_Clean:          0 kB
Shared_Dirty:          0 kB
Private_Clean:         0 kB
Private_Dirty:         0 kB
Referenced:            0 kB
Swap:                  4 kB
KernelPageSize:        4 kB
MMUPageSize:           4 kB
7f98c525d000-7f98c5273000 r-xp 00000000 08:01 32201                      /lib/libgcc_s.so.1
Size:                 88 kB
Rss:                   0 kB
Pss:                   0 kB
Shared_Clean:          0 kB
Shared_Dirty:          0 kB
Private_Clean:         0 kB
Private_Dirty:         0 kB
Referenced:            0 kB
Swap:                  0 kB
KernelPageSize:        4 kB
MMUPageSize:           4 kB
7f98c5273000-7f98c5472000 ---p 00016000 08:01 32201                      /lib/libgcc_s.so.1
Size:               2044 kB
Rss:                   0 kB
Pss:                   0 kB
Shared_Clean:          0 kB
Shared_Dirty:          0 kB
Private_Clean:         0 kB
Private_Dirty:         0 kB
Referenced:            0 kB
Swap:                  0 kB
KernelPageSize:        4 kB
MMUPageSize:           4 kB
7f98c5472000-7f98c5473000 rw-p 00015000 08:01 32201                      /lib/libgcc_s.so.1
Size:                  4 kB
Rss:                   0 kB
Pss:                   0 kB
Shared_Clean:          0 kB
Shared_Dirty:          0 kB
Private_Clean:         0 kB
Private_Dirty:         0 kB
Referenced:            0 kB
Swap:                  4 kB
KernelPageSize:        4 kB
MMUPageSize:           4 kB
7f98c5473000-7f98c54f3000 r-xp 00000000 08:01 32184                      /lib/libm-2.11.2.so
Size:                512 kB
Rss:                   0 kB
Pss:                   0 kB
Shared_Clean:          0 kB
Shared_Dirty:          0 kB
Private_Clean:         0 kB
Private_Dirty:         0 kB
Referenced:            0 kB
Swap:                  0 kB
KernelPageSize:        4 kB
MMUPageSize:           4 kB
7f98c54f3000-7f98c56f3000 ---p 00080000 08:01 32184                      /lib/libm-2.11.2.so
Size:               2048 kB
Rss:                   0 kB
Pss:                   0 kB
Shared_Clean:          0 kB
Shared_Dirty:          0 kB
Private_Clean:         0 kB
Private_Dirty:         0 kB
Referenced:            0 kB
Swap:                  0 kB
KernelPageSize:        4 kB
MMUPageSize:           4 kB
7f98c56f3000-7f98c56f4000 r--p 00080000 08:01 32184                      /lib/libm-2.11.2.so
Size:                  4 kB
Rss:                   0 kB
Pss:                   0 kB
Shared_Clean:          0 kB
Shared_Dirty:          0 kB
Private_Clean:         0 kB
Private_Dirty:         0 kB
Referenced:            0 kB
Swap:                  4 kB
KernelPageSize:        4 kB
MMUPageSize:           4 kB
7f98c56f4000-7f98c56f5000 rw-p 00081000 08:01 32184                      /lib/libm-2.11.2.so
Size:                  4 kB
Rss:                   0 kB
Pss:                   0 kB
Shared_Clean:          0 kB
Shared_Dirty:          0 kB
Private_Clean:         0 kB
Private_Dirty:         0 kB
Referenced:            0 kB
Swap:                  4 kB
KernelPageSize:        4 kB
MMUPageSize:           4 kB
7f98c56f5000-7f98c57eb000 r-xp 00000000 08:08 98320                      /usr/lib/libstdc++.so.6.0.13
Size:                984 kB
Rss:                   0 kB
Pss:                   0 kB
Shared_Clean:          0 kB
Shared_Dirty:          0 kB
Private_Clean:         0 kB
Private_Dirty:         0 kB
Referenced:            0 kB
Swap:                  0 kB
KernelPageSize:        4 kB
MMUPageSize:           4 kB
7f98c57eb000-7f98c59eb000 ---p 000f6000 08:08 98320                      /usr/lib/libstdc++.so.6.0.13
Size:               2048 kB
Rss:                   0 kB
Pss:                   0 kB
Shared_Clean:          0 kB
Shared_Dirty:          0 kB
Private_Clean:         0 kB
Private_Dirty:         0 kB
Referenced:            0 kB
Swap:                  0 kB
KernelPageSize:        4 kB
MMUPageSize:           4 kB
7f98c59eb000-7f98c59f2000 r--p 000f6000 08:08 98320                      /usr/lib/libstdc++.so.6.0.13
Size:                 28 kB
Rss:                   0 kB
Pss:                   0 kB
Shared_Clean:          0 kB
Shared_Dirty:          0 kB
Private_Clean:         0 kB
Private_Dirty:         0 kB
Referenced:            0 kB
Swap:                 28 kB
KernelPageSize:        4 kB
MMUPageSize:           4 kB
7f98c59f2000-7f98c59f4000 rw-p 000fd000 08:08 98320                      /usr/lib/libstdc++.so.6.0.13
Size:                  8 kB
Rss:                   0 kB
Pss:                   0 kB
Shared_Clean:          0 kB
Shared_Dirty:          0 kB
Private_Clean:         0 kB
Private_Dirty:         0 kB
Referenced:            0 kB
Swap:                  8 kB
KernelPageSize:        4 kB
MMUPageSize:           4 kB
7f98c59f4000-7f98c5a09000 rw-p 00000000 00:00 0 
Size:                 84 kB
Rss:                   0 kB
Pss:                   0 kB
Shared_Clean:          0 kB
Shared_Dirty:          0 kB
Private_Clean:         0 kB
Private_Dirty:         0 kB
Referenced:            0 kB
Swap:                 12 kB
KernelPageSize:        4 kB
MMUPageSize:           4 kB
7f98c5a09000-7f98c5b61000 r-xp 00000000 08:01 32175                      /lib/libc-2.11.2.so
Size:               1376 kB
Rss:                 436 kB
Pss:                  96 kB
Shared_Clean:        416 kB
Shared_Dirty:          0 kB
Private_Clean:        20 kB
Private_Dirty:         0 kB
Referenced:          408 kB
Swap:                  0 kB
KernelPageSize:        4 kB
MMUPageSize:           4 kB
7f98c5b61000-7f98c5d60000 ---p 00158000 08:01 32175                      /lib/libc-2.11.2.so
Size:               2044 kB
Rss:                   0 kB
Pss:                   0 kB
Shared_Clean:          0 kB
Shared_Dirty:          0 kB
Private_Clean:         0 kB
Private_Dirty:         0 kB
Referenced:            0 kB
Swap:                  0 kB
KernelPageSize:        4 kB
MMUPageSize:           4 kB
7f98c5d60000-7f98c5d64000 r--p 00157000 08:01 32175                      /lib/libc-2.11.2.so
Size:                 16 kB
Rss:                  16 kB
Pss:                  16 kB
Shared_Clean:          0 kB
Shared_Dirty:          0 kB
Private_Clean:         8 kB
Private_Dirty:         8 kB
Referenced:           16 kB
Swap:                  0 kB
KernelPageSize:        4 kB
MMUPageSize:           4 kB
7f98c5d64000-7f98c5d65000 rw-p 0015b000 08:01 32175                      /lib/libc-2.11.2.so
Size:                  4 kB
Rss:                   4 kB
Pss:                   4 kB
Shared_Clean:          0 kB
Shared_Dirty:          0 kB
Private_Clean:         0 kB
Private_Dirty:         4 kB
Referenced:            4 kB
Swap:                  0 kB
KernelPageSize:        4 kB
MMUPageSize:           4 kB
7f98c5d65000-7f98c5d6a000 rw-p 00000000 00:00 0 
Size:                 20 kB
Rss:                  16 kB
Pss:                  16 kB
Shared_Clean:          0 kB
Shared_Dirty:          0 kB
Private_Clean:         0 kB
Private_Dirty:        16 kB
Referenced:           16 kB
Swap:                  4 kB
KernelPageSize:        4 kB
MMUPageSize:           4 kB
7f98c5d6a000-7f98c5d81000 r-xp 00000000 08:01 32176                      /lib/libpthread-2.11.2.so
Size:                 92 kB
Rss:                  56 kB
Pss:                  15 kB
Shared_Clean:         56 kB
Shared_Dirty:          0 kB
Private_Clean:         0 kB
Private_Dirty:         0 kB
Referenced:           56 kB
Swap:                  0 kB
KernelPageSize:        4 kB
MMUPageSize:           4 kB
7f98c5d81000-7f98c5f80000 ---p 00017000 08:01 32176                      /lib/libpthread-2.11.2.so
Size:               2044 kB
Rss:                   0 kB
Pss:                   0 kB
Shared_Clean:          0 kB
Shared_Dirty:          0 kB
Private_Clean:         0 kB
Private_Dirty:         0 kB
Referenced:            0 kB
Swap:                  0 kB
KernelPageSize:        4 kB
MMUPageSize:           4 kB
7f98c5f80000-7f98c5f81000 r--p 00016000 08:01 32176                      /lib/libpthread-2.11.2.so
Size:                  4 kB
Rss:                   4 kB
Pss:                   4 kB
Shared_Clean:          0 kB
Shared_Dirty:          0 kB
Private_Clean:         4 kB
Private_Dirty:         0 kB
Referenced:            4 kB
Swap:                  0 kB
KernelPageSize:        4 kB
MMUPageSize:           4 kB
7f98c5f81000-7f98c5f82000 rw-p 00017000 08:01 32176                      /lib/libpthread-2.11.2.so
Size:                  4 kB
Rss:                   4 kB
Pss:                   4 kB
Shared_Clean:          0 kB
Shared_Dirty:          0 kB
Private_Clean:         0 kB
Private_Dirty:         4 kB
Referenced:            4 kB
Swap:                  0 kB
KernelPageSize:        4 kB
MMUPageSize:           4 kB
7f98c5f82000-7f98c5f86000 rw-p 00000000 00:00 0 
Size:                 16 kB
Rss:                   4 kB
Pss:                   4 kB
Shared_Clean:          0 kB
Shared_Dirty:          0 kB
Private_Clean:         0 kB
Private_Dirty:         4 kB
Referenced:            4 kB
Swap:                  0 kB
KernelPageSize:        4 kB
MMUPageSize:           4 kB
7f98c5f86000-7f98c6076000 r-xp 00000000 08:08 99353                      /usr/lib/libprotobuf.so.5.0.0
Size:                960 kB
Rss:                   4 kB
Pss:                   4 kB
Shared_Clean:          0 kB
Shared_Dirty:          0 kB
Private_Clean:         4 kB
Private_Dirty:         0 kB
Referenced:            0 kB
Swap:                  0 kB
KernelPageSize:        4 kB
MMUPageSize:           4 kB
7f98c6076000-7f98c6275000 ---p 000f0000 08:08 99353                      /usr/lib/libprotobuf.so.5.0.0
Size:               2044 kB
Rss:                   0 kB
Pss:                   0 kB
Shared_Clean:          0 kB
Shared_Dirty:          0 kB
Private_Clean:         0 kB
Private_Dirty:         0 kB
Referenced:            0 kB
Swap:                  0 kB
KernelPageSize:        4 kB
MMUPageSize:           4 kB
7f98c6275000-7f98c627b000 rw-p 000ef000 08:08 99353                      /usr/lib/libprotobuf.so.5.0.0
Size:                 24 kB
Rss:                   4 kB
Pss:                   4 kB
Shared_Clean:          0 kB
Shared_Dirty:          0 kB
Private_Clean:         4 kB
Private_Dirty:         0 kB
Referenced:            0 kB
Swap:                 20 kB
KernelPageSize:        4 kB
MMUPageSize:           4 kB
7f98c627b000-7f98c63f1000 r-xp 00000000 08:08 98375                      /usr/lib/libdb-4.8.so
Size:               1496 kB
Rss:                   4 kB
Pss:                   4 kB
Shared_Clean:          0 kB
Shared_Dirty:          0 kB
Private_Clean:         4 kB
Private_Dirty:         0 kB
Referenced:            0 kB
Swap:                  0 kB
KernelPageSize:        4 kB
MMUPageSize:           4 kB
7f98c63f1000-7f98c65f0000 ---p 00176000 08:08 98375                      /usr/lib/libdb-4.8.so
Size:               2044 kB
Rss:                   0 kB
Pss:                   0 kB
Shared_Clean:          0 kB
Shared_Dirty:          0 kB
Private_Clean:         0 kB
Private_Dirty:         0 kB
Referenced:            0 kB
Swap:                  0 kB
KernelPageSize:        4 kB
MMUPageSize:           4 kB
7f98c65f0000-7f98c65f5000 rw-p 00175000 08:08 98375                      /usr/lib/libdb-4.8.so
Size:                 20 kB
Rss:                   4 kB
Pss:                   4 kB
Shared_Clean:          0 kB
Shared_Dirty:          0 kB
Private_Clean:         4 kB
Private_Dirty:         0 kB
Referenced:            0 kB
Swap:                 16 kB
KernelPageSize:        4 kB
MMUPageSize:           4 kB
7f98c65f5000-7f98c663f000 r-xp 00000000 08:08 98413                      /usr/lib/libboost_program_options.so.1.40.0
Size:                296 kB
Rss:                   4 kB
Pss:                   4 kB
Shared_Clean:          0 kB
Shared_Dirty:          0 kB
Private_Clean:         4 kB
Private_Dirty:         0 kB
Referenced:            0 kB
Swap:                  0 kB
KernelPageSize:        4 kB
MMUPageSize:           4 kB
7f98c663f000-7f98c683e000 ---p 0004a000 08:08 98413                      /usr/lib/libboost_program_options.so.1.40.0
Size:               2044 kB
Rss:                   0 kB
Pss:                   0 kB
Shared_Clean:          0 kB
Shared_Dirty:          0 kB
Private_Clean:         0 kB
Private_Dirty:         0 kB
Referenced:            0 kB
Swap:                  0 kB
KernelPageSize:        4 kB
MMUPageSize:           4 kB
7f98c683e000-7f98c6842000 rw-p 00049000 08:08 98413                      /usr/lib/libboost_program_options.so.1.40.0
Size:                 16 kB
Rss:                   4 kB
Pss:                   4 kB
Shared_Clean:          0 kB
Shared_Dirty:          0 kB
Private_Clean:         4 kB
Private_Dirty:         0 kB
Referenced:            0 kB
Swap:                 12 kB
KernelPageSize:        4 kB
MMUPageSize:           4 kB
7f98c6842000-7f98c6845000 r-xp 00000000 08:08 98401                      /usr/lib/libboost_system.so.1.40.0
Size:                 12 kB
Rss:                   4 kB
Pss:                   4 kB
Shared_Clean:          0 kB
Shared_Dirty:          0 kB
Private_Clean:         4 kB
Private_Dirty:         0 kB
Referenced:            0 kB
Swap:                  0 kB
KernelPageSize:        4 kB
MMUPageSize:           4 kB
7f98c6845000-7f98c6a44000 ---p 00003000 08:08 98401                      /usr/lib/libboost_system.so.1.40.0
Size:               2044 kB
Rss:                   0 kB
Pss:                   0 kB
Shared_Clean:          0 kB
Shared_Dirty:          0 kB
Private_Clean:         0 kB
Private_Dirty:         0 kB
Referenced:            0 kB
Swap:                  0 kB
KernelPageSize:        4 kB
MMUPageSize:           4 kB
7f98c6a44000-7f98c6a45000 rw-p 00002000 08:08 98401                      /usr/lib/libboost_system.so.1.40.0
Size:                  4 kB
Rss:                   4 kB
Pss:                   4 kB
Shared_Clean:          0 kB
Shared_Dirty:          0 kB
Private_Clean:         4 kB
Private_Dirty:         0 kB
Referenced:            0 kB
Swap:                  0 kB
KernelPageSize:        4 kB
MMUPageSize:           4 kB
7f98c6a45000-7f98c6b2f000 r-xp 00000000 08:08 98494                      /usr/lib/libboost_regex.so.1.40.0
Size:                936 kB
Rss:                   0 kB
Pss:                   0 kB
Shared_Clean:          0 kB
Shared_Dirty:          0 kB
Private_Clean:         0 kB
Private_Dirty:         0 kB
Referenced:            0 kB
Swap:                  0 kB
KernelPageSize:        4 kB
MMUPageSize:           4 kB
7f98c6b2f000-7f98c6d2e000 ---p 000ea000 08:08 98494                      /usr/lib/libboost_regex.so.1.40.0
Size:               2044 kB
Rss:                   0 kB
Pss:                   0 kB
Shared_Clean:          0 kB
Shared_Dirty:          0 kB
Private_Clean:         0 kB
Private_Dirty:         0 kB
Referenced:            0 kB
Swap:                  0 kB
KernelPageSize:        4 kB
MMUPageSize:           4 kB
7f98c6d2e000-7f98c6d35000 rw-p 000e9000 08:08 98494                      /usr/lib/libboost_regex.so.1.40.0
Size:                 28 kB
Rss:                   4 kB
Pss:                   4 kB
Shared_Clean:          0 kB
Shared_Dirty:          0 kB
Private_Clean:         4 kB
Private_Dirty:         0 kB
Referenced:            0 kB
Swap:                 24 kB
KernelPageSize:        4 kB
MMUPageSize:           4 kB
7f98c6d35000-7f98c6d49000 r-xp 00000000 08:08 98317                      /usr/lib/libboost_thread.so.1.40.0
Size:                 80 kB
Rss:                   4 kB
Pss:                   4 kB
Shared_Clean:          0 kB
Shared_Dirty:          0 kB
Private_Clean:         4 kB
Private_Dirty:         0 kB
Referenced:            0 kB
Swap:                  0 kB
KernelPageSize:        4 kB
MMUPageSize:           4 kB
7f98c6d49000-7f98c6f49000 ---p 00014000 08:08 98317                      /usr/lib/libboost_thread.so.1.40.0
Size:               2048 kB
Rss:                   0 kB
Pss:                   0 kB
Shared_Clean:          0 kB
Shared_Dirty:          0 kB
Private_Clean:         0 kB
Private_Dirty:         0 kB
Referenced:            0 kB
Swap:                  0 kB
KernelPageSize:        4 kB
MMUPageSize:           4 kB
7f98c6f49000-7f98c6f4b000 rw-p 00014000 08:08 98317                      /usr/lib/libboost_thread.so.1.40.0
Size:                  8 kB
Rss:                   4 kB
Pss:                   4 kB
Shared_Clean:          0 kB
Shared_Dirty:          0 kB
Private_Clean:         4 kB
Private_Dirty:         0 kB
Referenced:            0 kB
Swap:                  4 kB
KernelPageSize:        4 kB
MMUPageSize:           4 kB
7f98c6f4b000-7f98c70a4000 r-xp 00000000 08:09 65769                      /scratch/bluesky.git/kvstore/libkvclient.so
Size:               1380 kB
Rss:                   4 kB
Pss:                   4 kB
Shared_Clean:          0 kB
Shared_Dirty:          0 kB
Private_Clean:         4 kB
Private_Dirty:         0 kB
Referenced:            0 kB
Swap:                  0 kB
KernelPageSize:        4 kB
MMUPageSize:           4 kB
7f98c70a4000-7f98c72a4000 ---p 00159000 08:09 65769                      /scratch/bluesky.git/kvstore/libkvclient.so
Size:               2048 kB
Rss:                   0 kB
Pss:                   0 kB
Shared_Clean:          0 kB
Shared_Dirty:          0 kB
Private_Clean:         0 kB
Private_Dirty:         0 kB
Referenced:            0 kB
Swap:                  0 kB
KernelPageSize:        4 kB
MMUPageSize:           4 kB
7f98c72a4000-7f98c72ae000 rw-p 00159000 08:09 65769                      /scratch/bluesky.git/kvstore/libkvclient.so
Size:                 40 kB
Rss:                   4 kB
Pss:                   4 kB
Shared_Clean:          0 kB
Shared_Dirty:          0 kB
Private_Clean:         4 kB
Private_Dirty:         0 kB
Referenced:            0 kB
Swap:                 36 kB
KernelPageSize:        4 kB
MMUPageSize:           4 kB
7f98c72ae000-7f98c72be000 r-xp 00000000 08:09 65590                      /scratch/bluesky.git/libs3-1.4/build/lib/libs3.so.1
Size:                 64 kB
Rss:                  60 kB
Pss:                  60 kB
Shared_Clean:          0 kB
Shared_Dirty:          0 kB
Private_Clean:        60 kB
Private_Dirty:         0 kB
Referenced:           56 kB
Swap:                  0 kB
KernelPageSize:        4 kB
MMUPageSize:           4 kB
7f98c72be000-7f98c74be000 ---p 00010000 08:09 65590                      /scratch/bluesky.git/libs3-1.4/build/lib/libs3.so.1
Size:               2048 kB
Rss:                   0 kB
Pss:                   0 kB
Shared_Clean:          0 kB
Shared_Dirty:          0 kB
Private_Clean:         0 kB
Private_Dirty:         0 kB
Referenced:            0 kB
Swap:                  0 kB
KernelPageSize:        4 kB
MMUPageSize:           4 kB
7f98c74be000-7f98c74bf000 rw-p 00010000 08:09 65590                      /scratch/bluesky.git/libs3-1.4/build/lib/libs3.so.1
Size:                  4 kB
Rss:                   4 kB
Pss:                   4 kB
Shared_Clean:          0 kB
Shared_Dirty:          0 kB
Private_Clean:         0 kB
Private_Dirty:         4 kB
Referenced:            4 kB
Swap:                  0 kB
KernelPageSize:        4 kB
MMUPageSize:           4 kB
7f98c74bf000-7f98c7533000 r-xp 00000000 08:08 98726                      /usr/lib/libgcrypt.so.11.5.3
Size:                464 kB
Rss:                 100 kB
Pss:                  52 kB
Shared_Clean:         96 kB
Shared_Dirty:          0 kB
Private_Clean:         4 kB
Private_Dirty:         0 kB
Referenced:           52 kB
Swap:                  0 kB
KernelPageSize:        4 kB
MMUPageSize:           4 kB
7f98c7533000-7f98c7733000 ---p 00074000 08:08 98726                      /usr/lib/libgcrypt.so.11.5.3
Size:               2048 kB
Rss:                   0 kB
Pss:                   0 kB
Shared_Clean:          0 kB
Shared_Dirty:          0 kB
Private_Clean:         0 kB
Private_Dirty:         0 kB
Referenced:            0 kB
Swap:                  0 kB
KernelPageSize:        4 kB
MMUPageSize:           4 kB
7f98c7733000-7f98c7737000 rw-p 00074000 08:08 98726                      /usr/lib/libgcrypt.so.11.5.3
Size:                 16 kB
Rss:                  16 kB
Pss:                  16 kB
Shared_Clean:          0 kB
Shared_Dirty:          0 kB
Private_Clean:        12 kB
Private_Dirty:         4 kB
